[0.000000] (-) TimerEvent: {}
[0.000089] (comp_topic_rclcpp) JobQueued: {'identifier': 'comp_topic_rclcpp', 'dependencies': OrderedDict()}
[0.000397] (comp_topic_rclcpp) JobStarted: {'identifier': 'comp_topic_rclcpp'}
[0.008394] (comp_topic_rclcpp) JobProgress: {'identifier': 'comp_topic_rclcpp', 'progress': 'cmake'}
[0.008840] (comp_topic_rclcpp) JobProgress: {'identifier': 'comp_topic_rclcpp', 'progress': 'build'}
[0.009432] (comp_topic_rclcpp) Command: {'cmd': ['/usr/bin/cmake', '--build', '/ros2/a_mid_test/ros2/build/comp_topic_rclcpp', '--', '-j20', '-l20'], 'cwd': '/ros2/a_mid_test/ros2/build/comp_topic_rclcpp', 'env': OrderedDict([('HOSTNAME', 'dac7bb0e7b35'), ('GIT_ASKPASS', '/root/.vscode-server/bin/fabdb6a30b49f79a7aba0f2ad9df9b399473380f/extensions/git/dist/askpass.sh'), ('LOG_PATH', '/ros2/logs'), ('SHLVL', '3'), ('LD_LIBRARY_PATH', '/opt/ros/humble/opt/rviz_ogre_vendor/lib:/opt/ros/humble/lib/x86_64-linux-gnu:/opt/ros/humble/lib'), ('BROWSER', '/root/.vscode-server/bin/fabdb6a30b49f79a7aba0f2ad9df9b399473380f/bin/helpers/browser.sh'), ('HOME', '/root'), ('OLDPWD', '/ros2'), ('TERM_PROGRAM_VERSION', '1.96.2'), ('VSCODE_IPC_HOOK_CLI', '/tmp/vscode-ipc-3d033ab0-55d3-4890-93bd-a338736910bd.sock'), ('MODEL_PATH', '/ros2/a_mid_test/ros2/src/comp_topic_rclcpp/resources/yolov5s.onnx'), ('ROS_PYTHON_VERSION', '3'), ('VSCODE_GIT_ASKPASS_MAIN', '/root/.vscode-server/bin/fabdb6a30b49f79a7aba0f2ad9df9b399473380f/extensions/git/dist/askpass-main.js'), ('VSCODE_GIT_ASKPASS_NODE', '/root/.vscode-server/bin/fabdb6a30b49f79a7aba0f2ad9df9b399473380f/node'), ('LC_CTYPE', 'C.UTF-8'), ('DATA_PATH', '/ros2/a_mid_test/a_data/camera/800-1/front'), ('COLORTERM', 'truecolor'), ('OUTPUT_PATH', '/ros2/output'), ('REMOTE_CONTAINERS', 'true'), ('WORKSPACE', '/ros2/a_mid_test/ros2'), ('COLCON_PREFIX_PATH', '/root/ros2_ws/install'), ('ROS_DISTRO', 'humble'), ('REMOTE_CONTAINERS_IPC', '/tmp/vscode-remote-containers-ipc-108edfba-7e59-4821-84da-bfeea8b80a0a.sock'), ('_', '/usr/bin/colcon'), ('ROS_VERSION', '2'), ('TERM', 'xterm-256color'), ('ROS_LOCALHOST_ONLY', '0'), ('PATH', '/root/.vscode-server/bin/fabdb6a30b49f79a7aba0f2ad9df9b399473380f/bin/remote-cli:/opt/ros/humble/bin:/usr/local/sbin:/usr/local/bin:/usr/sbin:/usr/bin:/sbin:/bin'), ('REMOTE_CONTAINERS_SOCKETS', '["/root/.gnupg/S.gpg-agent"]'), ('LANG', 'en_US.UTF-8'), ('VSCODE_GIT_IPC_HANDLE', '/tmp/vscode-git-621e12c977.sock'), ('TERM_PROGRAM', 'vscode'), ('AMENT_PREFIX_PATH', '/opt/ros/humble'), ('SHELL', '/bin/bash'), ('VSCODE_GIT_ASKPASS_EXTRA_ARGS', ''), ('PWD', '/ros2/a_mid_test/ros2/build/comp_topic_rclcpp'), ('PYTHONPATH', '/opt/ros/humble/lib/python3.10/site-packages:/opt/ros/humble/local/lib/python3.10/dist-packages'), ('COLCON', '1'), ('CMAKE_PREFIX_PATH', '/opt/ros/humble')]), 'shell': False}
[0.026551] (comp_topic_rclcpp) StdoutLine: {'line': b'-- Found ament_cmake: 1.3.2 (/opt/ros/humble/share/ament_cmake/cmake)\n'}
[0.099852] (-) TimerEvent: {}
[0.122356] (comp_topic_rclcpp) StdoutLine: {'line': b'-- Found rclcpp: 16.0.1 (/opt/ros/humble/share/rclcpp/cmake)\n'}
[0.144428] (comp_topic_rclcpp) StdoutLine: {'line': b'-- Found rosidl_generator_c: 3.1.3 (/opt/ros/humble/share/rosidl_generator_c/cmake)\n'}
[0.146334] (comp_topic_rclcpp) StdoutLine: {'line': b'-- Found rosidl_adapter: 3.1.3 (/opt/ros/humble/share/rosidl_adapter/cmake)\n'}
[0.150729] (comp_topic_rclcpp) StdoutLine: {'line': b'-- Found rosidl_generator_cpp: 3.1.3 (/opt/ros/humble/share/rosidl_generator_cpp/cmake)\n'}
[0.158661] (comp_topic_rclcpp) StdoutLine: {'line': b'-- Using all available rosidl_typesupport_c: rosidl_typesupport_fastrtps_c;rosidl_typesupport_introspection_c\n'}
[0.170071] (comp_topic_rclcpp) StdoutLine: {'line': b'-- Using all available rosidl_typesupport_cpp: rosidl_typesupport_fastrtps_cpp;rosidl_typesupport_introspection_cpp\n'}
[0.199946] (-) TimerEvent: {}
[0.214335] (comp_topic_rclcpp) StdoutLine: {'line': b'-- Found rmw_implementation_cmake: 6.1.0 (/opt/ros/humble/share/rmw_implementation_cmake/cmake)\n'}
[0.215256] (comp_topic_rclcpp) StdoutLine: {'line': b'-- Found rmw_fastrtps_cpp: 6.2.1 (/opt/ros/humble/share/rmw_fastrtps_cpp/cmake)\n'}
[0.293191] (comp_topic_rclcpp) StdoutLine: {'line': b"-- Using RMW implementation 'rmw_fastrtps_cpp' as default\n"}
[0.300043] (-) TimerEvent: {}
[0.400225] (-) TimerEvent: {}
[0.412478] (comp_topic_rclcpp) StdoutLine: {'line': b'-- Found sensor_msgs: 4.2.2 (/opt/ros/humble/share/sensor_msgs/cmake)\n'}
[0.500325] (-) TimerEvent: {}
[0.507754] (comp_topic_rclcpp) StdoutLine: {'line': b'-- Found rosidl_default_generators: 1.2.0 (/opt/ros/humble/share/rosidl_default_generators/cmake)\n'}
[0.600416] (-) TimerEvent: {}
[0.698939] (comp_topic_rclcpp) StdoutLine: {'line': b'-- Found ament_cmake_ros: 0.10.0 (/opt/ros/humble/share/ament_cmake_ros/cmake)\n'}
[0.700508] (-) TimerEvent: {}
[0.800678] (-) TimerEvent: {}
[0.900916] (-) TimerEvent: {}
[0.934832] (comp_topic_rclcpp) StdoutLine: {'line': b'-- Using all available rosidl_typesupport_c: rosidl_typesupport_fastrtps_c;rosidl_typesupport_introspection_c\n'}
[1.001026] (-) TimerEvent: {}
[1.026122] (comp_topic_rclcpp) StdoutLine: {'line': b'-- Using all available rosidl_typesupport_cpp: rosidl_typesupport_fastrtps_cpp;rosidl_typesupport_introspection_cpp\n'}
[1.041209] (comp_topic_rclcpp) StdoutLine: {'line': b'-- Found python_cmake_module: 0.10.0 (/opt/ros/humble/share/python_cmake_module/cmake)\n'}
[1.058486] (comp_topic_rclcpp) StdoutLine: {'line': b'-- Using PYTHON_EXECUTABLE: /usr/bin/python3\n'}
[1.058591] (comp_topic_rclcpp) StdoutLine: {'line': b'-- Using PYTHON_INCLUDE_DIRS: /usr/include/python3.10\n'}
[1.058661] (comp_topic_rclcpp) StdoutLine: {'line': b'-- Using PYTHON_LIBRARIES: /usr/lib/x86_64-linux-gnu/libpython3.10.so\n'}
[1.086709] (comp_topic_rclcpp) StdoutLine: {'line': b'-- Found ament_lint_auto: 0.12.4 (/opt/ros/humble/share/ament_lint_auto/cmake)\n'}
[1.097324] (comp_topic_rclcpp) StdoutLine: {'line': b"-- Added test 'cppcheck' to perform static code analysis on C / C++ code\n"}
[1.098407] (comp_topic_rclcpp) StdoutLine: {'line': b'-- Configured cppcheck include dirs: /ros2/a_mid_test/ros2/src/comp_topic_rclcpp/include\n'}
[1.098482] (comp_topic_rclcpp) StdoutLine: {'line': b'-- Configured cppcheck exclude dirs and/or files: \n'}
[1.100250] (comp_topic_rclcpp) StdoutLine: {'line': b"-- Added test 'lint_cmake' to check CMake code style\n"}
[1.101116] (-) TimerEvent: {}
[1.105161] (comp_topic_rclcpp) StdoutLine: {'line': b"-- Added test 'uncrustify' to check C / C++ code style\n"}
[1.105236] (comp_topic_rclcpp) StdoutLine: {'line': b'-- Configured uncrustify additional arguments: \n'}
[1.105912] (comp_topic_rclcpp) StdoutLine: {'line': b"-- Added test 'xmllint' to check XML markup files\n"}
[1.107165] (comp_topic_rclcpp) StdoutLine: {'line': b'-- Configuring done\n'}
[1.154136] (comp_topic_rclcpp) StdoutLine: {'line': b'-- Generating done\n'}
[1.158680] (comp_topic_rclcpp) StdoutLine: {'line': b'-- Build files have been written to: /ros2/a_mid_test/ros2/build/comp_topic_rclcpp\n'}
[1.174659] (comp_topic_rclcpp) StdoutLine: {'line': b'[  1%] \x1b[34m\x1b[1mGenerating C code for ROS interfaces\x1b[0m\n'}
[1.175443] (comp_topic_rclcpp) StdoutLine: {'line': b'\x1b[35m\x1b[1mConsolidate compiler generated dependencies of target CameraTimer\x1b[0m\n'}
[1.180418] (comp_topic_rclcpp) StdoutLine: {'line': b'[  2%] \x1b[34m\x1b[1mGenerating C++ code for ROS interfaces\x1b[0m\n'}
[1.184915] (comp_topic_rclcpp) StdoutLine: {'line': b'[  2%] Built target ament_cmake_python_copy_comp_topic_rclcpp\n'}
[1.188662] (comp_topic_rclcpp) StdoutLine: {'line': b'[  4%] \x1b[32mBuilding CXX object CMakeFiles/CameraTimer.dir/src/CameraTimer.cpp.o\x1b[0m\n'}
[1.201198] (-) TimerEvent: {}
[1.301410] (-) TimerEvent: {}
[1.360979] (comp_topic_rclcpp) StdoutLine: {'line': b'running egg_info\n'}
[1.361549] (comp_topic_rclcpp) StdoutLine: {'line': b'writing comp_topic_rclcpp.egg-info/PKG-INFO\n'}
[1.361690] (comp_topic_rclcpp) StdoutLine: {'line': b'writing dependency_links to comp_topic_rclcpp.egg-info/dependency_links.txt\n'}
[1.361803] (comp_topic_rclcpp) StdoutLine: {'line': b'writing top-level names to comp_topic_rclcpp.egg-info/top_level.txt\n'}
[1.363367] (comp_topic_rclcpp) StdoutLine: {'line': b"reading manifest file 'comp_topic_rclcpp.egg-info/SOURCES.txt'\n"}
[1.363859] (comp_topic_rclcpp) StdoutLine: {'line': b"writing manifest file 'comp_topic_rclcpp.egg-info/SOURCES.txt'\n"}
[1.382297] (comp_topic_rclcpp) StdoutLine: {'line': b'[  4%] Built target ament_cmake_python_build_comp_topic_rclcpp_egg\n'}
[1.401495] (-) TimerEvent: {}
[1.501722] (-) TimerEvent: {}
[1.567208] (comp_topic_rclcpp) StdoutLine: {'line': b'[  4%] Built target comp_topic_rclcpp__cpp\n'}
[1.572528] (comp_topic_rclcpp) StdoutLine: {'line': b'[  8%] \x1b[34m\x1b[1mGenerating C++ type support dispatch for ROS interfaces\x1b[0m\n'}
[1.572708] (comp_topic_rclcpp) StdoutLine: {'line': b'[  8%] \x1b[34m\x1b[1mGenerating C++ type support for eProsima Fast-RTPS\x1b[0m\n'}
[1.572804] (comp_topic_rclcpp) StdoutLine: {'line': b'[  8%] \x1b[34m\x1b[1mGenerating C++ introspection for ROS interfaces\x1b[0m\n'}
[1.602549] (-) TimerEvent: {}
[1.615537] (comp_topic_rclcpp) StdoutLine: {'line': b'\x1b[35m\x1b[1mConsolidate compiler generated dependencies of target comp_topic_rclcpp__rosidl_generator_c\x1b[0m\n'}
[1.624800] (comp_topic_rclcpp) StdoutLine: {'line': b'[ 10%] \x1b[32mBuilding C object CMakeFiles/comp_topic_rclcpp__rosidl_generator_c.dir/rosidl_generator_c/comp_topic_rclcpp/msg/detail/yolo_result__functions.c.o\x1b[0m\n'}
[1.624992] (comp_topic_rclcpp) StdoutLine: {'line': b'[ 10%] \x1b[32mBuilding C object CMakeFiles/comp_topic_rclcpp__rosidl_generator_c.dir/rosidl_generator_c/comp_topic_rclcpp/msg/detail/tracker_result__functions.c.o\x1b[0m\n'}
[1.625304] (comp_topic_rclcpp) StdoutLine: {'line': b'[ 12%] \x1b[32mBuilding C object CMakeFiles/comp_topic_rclcpp__rosidl_generator_c.dir/rosidl_generator_c/comp_topic_rclcpp/msg/detail/yolo_piece__functions.c.o\x1b[0m\n'}
[1.625470] (comp_topic_rclcpp) StdoutLine: {'line': b'[ 13%] \x1b[32mBuilding C object CMakeFiles/comp_topic_rclcpp__rosidl_generator_c.dir/rosidl_generator_c/comp_topic_rclcpp/msg/detail/lane_result__functions.c.o\x1b[0m\n'}
[1.625573] (comp_topic_rclcpp) StdoutLine: {'line': b'[ 14%] \x1b[32mBuilding C object CMakeFiles/comp_topic_rclcpp__rosidl_generator_c.dir/rosidl_generator_c/comp_topic_rclcpp/msg/detail/point_detect__functions.c.o\x1b[0m\n'}
[1.671484] (comp_topic_rclcpp) StdoutLine: {'line': b'[ 16%] \x1b[32m\x1b[1mLinking C shared library libcomp_topic_rclcpp__rosidl_generator_c.so\x1b[0m\n'}
[1.702705] (-) TimerEvent: {}
[1.707572] (comp_topic_rclcpp) StdoutLine: {'line': b'[ 16%] Built target comp_topic_rclcpp__rosidl_generator_c\n'}
[1.718541] (comp_topic_rclcpp) StdoutLine: {'line': b'[ 20%] \x1b[34m\x1b[1mGenerating C type support for eProsima Fast-RTPS\x1b[0m\n'}
[1.718874] (comp_topic_rclcpp) StdoutLine: {'line': b'[ 20%] \x1b[34m\x1b[1mGenerating C introspection for ROS interfaces\x1b[0m\n'}
[1.718964] (comp_topic_rclcpp) StdoutLine: {'line': b'[ 20%] \x1b[34m\x1b[1mGenerating C type support dispatch for ROS interfaces\x1b[0m\n'}
[1.802794] (-) TimerEvent: {}
[1.847877] (comp_topic_rclcpp) StdoutLine: {'line': b'\x1b[35m\x1b[1mConsolidate compiler generated dependencies of target comp_topic_rclcpp__rosidl_typesupport_cpp\x1b[0m\n'}
[1.859024] (comp_topic_rclcpp) StdoutLine: {'line': b'[ 25%] \x1b[32mBuilding CXX object CMakeFiles/comp_topic_rclcpp__rosidl_typesupport_cpp.dir/rosidl_typesupport_cpp/comp_topic_rclcpp/msg/lane_result__type_support.cpp.o\x1b[0m\n'}
[1.859243] (comp_topic_rclcpp) StdoutLine: {'line': b'[ 25%] \x1b[32mBuilding CXX object CMakeFiles/comp_topic_rclcpp__rosidl_typesupport_cpp.dir/rosidl_typesupport_cpp/comp_topic_rclcpp/msg/yolo_result__type_support.cpp.o\x1b[0m\n'}
[1.859339] (comp_topic_rclcpp) StdoutLine: {'line': b'[ 25%] \x1b[32mBuilding CXX object CMakeFiles/comp_topic_rclcpp__rosidl_typesupport_cpp.dir/rosidl_typesupport_cpp/comp_topic_rclcpp/msg/tracker_result__type_support.cpp.o\x1b[0m\n'}
[1.859453] (comp_topic_rclcpp) StdoutLine: {'line': b'[ 25%] \x1b[32mBuilding CXX object CMakeFiles/comp_topic_rclcpp__rosidl_typesupport_cpp.dir/rosidl_typesupport_cpp/comp_topic_rclcpp/msg/point_detect__type_support.cpp.o\x1b[0m\n'}
[1.859541] (comp_topic_rclcpp) StdoutLine: {'line': b'[ 27%] \x1b[32mBuilding CXX object CMakeFiles/comp_topic_rclcpp__rosidl_typesupport_cpp.dir/rosidl_typesupport_cpp/comp_topic_rclcpp/msg/yolo_piece__type_support.cpp.o\x1b[0m\n'}
[1.902926] (-) TimerEvent: {}
[1.940599] (comp_topic_rclcpp) StdoutLine: {'line': b'\x1b[35m\x1b[1mConsolidate compiler generated dependencies of target comp_topic_rclcpp__rosidl_typesupport_introspection_cpp\x1b[0m\n'}
[1.953912] (comp_topic_rclcpp) StdoutLine: {'line': b'[ 28%] \x1b[32mBuilding CXX object CMakeFiles/comp_topic_rclcpp__rosidl_typesupport_introspection_cpp.dir/rosidl_typesupport_introspection_cpp/comp_topic_rclcpp/msg/detail/lane_result__type_support.cpp.o\x1b[0m\n'}
[1.954464] (comp_topic_rclcpp) StdoutLine: {'line': b'[ 32%] \x1b[32mBuilding CXX object CMakeFiles/comp_topic_rclcpp__rosidl_typesupport_introspection_cpp.dir/rosidl_typesupport_introspection_cpp/comp_topic_rclcpp/msg/detail/yolo_piece__type_support.cpp.o\x1b[0m\n'}
[1.954634] (comp_topic_rclcpp) StdoutLine: {'line': b'[ 32%] \x1b[32mBuilding CXX object CMakeFiles/comp_topic_rclcpp__rosidl_typesupport_introspection_cpp.dir/rosidl_typesupport_introspection_cpp/comp_topic_rclcpp/msg/detail/tracker_result__type_support.cpp.o\x1b[0m\n'}
[1.954716] (comp_topic_rclcpp) StdoutLine: {'line': b'[ 32%] \x1b[32mBuilding CXX object CMakeFiles/comp_topic_rclcpp__rosidl_typesupport_introspection_cpp.dir/rosidl_typesupport_introspection_cpp/comp_topic_rclcpp/msg/detail/yolo_result__type_support.cpp.o\x1b[0m\n'}
[1.957894] (comp_topic_rclcpp) StdoutLine: {'line': b'[ 33%] \x1b[32mBuilding CXX object CMakeFiles/comp_topic_rclcpp__rosidl_typesupport_introspection_cpp.dir/rosidl_typesupport_introspection_cpp/comp_topic_rclcpp/msg/detail/point_detect__type_support.cpp.o\x1b[0m\n'}
[2.003084] (-) TimerEvent: {}
[2.025696] (comp_topic_rclcpp) StdoutLine: {'line': b'\x1b[35m\x1b[1mConsolidate compiler generated dependencies of target comp_topic_rclcpp__rosidl_typesupport_fastrtps_cpp\x1b[0m\n'}
[2.027137] (comp_topic_rclcpp) StdoutLine: {'line': b'\x1b[35m\x1b[1mConsolidate compiler generated dependencies of target comp_topic_rclcpp__rosidl_typesupport_c\x1b[0m\n'}
[2.037447] (comp_topic_rclcpp) StdoutLine: {'line': b'[ 36%] \x1b[32mBuilding CXX object CMakeFiles/comp_topic_rclcpp__rosidl_typesupport_c.dir/rosidl_typesupport_c/comp_topic_rclcpp/msg/yolo_piece__type_support.cpp.o\x1b[0m\n'}
[2.037786] (comp_topic_rclcpp) StdoutLine: {'line': b'[ 36%] \x1b[32mBuilding CXX object CMakeFiles/comp_topic_rclcpp__rosidl_typesupport_c.dir/rosidl_typesupport_c/comp_topic_rclcpp/msg/yolo_result__type_support.cpp.o\x1b[0m\n'}
[2.038124] (comp_topic_rclcpp) StdoutLine: {'line': b'[ 37%] \x1b[32mBuilding CXX object CMakeFiles/comp_topic_rclcpp__rosidl_typesupport_c.dir/rosidl_typesupport_c/comp_topic_rclcpp/msg/tracker_result__type_support.cpp.o\x1b[0m\n'}
[2.040660] (comp_topic_rclcpp) StdoutLine: {'line': b'[ 39%] \x1b[32mBuilding CXX object CMakeFiles/comp_topic_rclcpp__rosidl_typesupport_c.dir/rosidl_typesupport_c/comp_topic_rclcpp/msg/lane_result__type_support.cpp.o\x1b[0m\n'}
[2.045089] (comp_topic_rclcpp) StdoutLine: {'line': b'[ 40%] \x1b[32mBuilding CXX object CMakeFiles/comp_topic_rclcpp__rosidl_typesupport_c.dir/rosidl_typesupport_c/comp_topic_rclcpp/msg/point_detect__type_support.cpp.o\x1b[0m\n'}
[2.045419] (comp_topic_rclcpp) StdoutLine: {'line': b'[ 41%] \x1b[32mBuilding CXX object CMakeFiles/comp_topic_rclcpp__rosidl_typesupport_fastrtps_cpp.dir/rosidl_typesupport_fastrtps_cpp/comp_topic_rclcpp/msg/detail/dds_fastrtps/yolo_piece__type_support.cpp.o\x1b[0m\n'}
[2.055271] (comp_topic_rclcpp) StdoutLine: {'line': b'[ 43%] \x1b[32mBuilding CXX object CMakeFiles/comp_topic_rclcpp__rosidl_typesupport_fastrtps_cpp.dir/rosidl_typesupport_fastrtps_cpp/comp_topic_rclcpp/msg/detail/dds_fastrtps/yolo_result__type_support.cpp.o\x1b[0m\n'}
[2.086368] (comp_topic_rclcpp) StdoutLine: {'line': b'[ 44%] \x1b[32mBuilding CXX object CMakeFiles/comp_topic_rclcpp__rosidl_typesupport_fastrtps_cpp.dir/rosidl_typesupport_fastrtps_cpp/comp_topic_rclcpp/msg/detail/dds_fastrtps/tracker_result__type_support.cpp.o\x1b[0m\n'}
[2.089010] (comp_topic_rclcpp) StdoutLine: {'line': b'[ 47%] \x1b[32mBuilding CXX object CMakeFiles/comp_topic_rclcpp__rosidl_typesupport_fastrtps_cpp.dir/rosidl_typesupport_fastrtps_cpp/comp_topic_rclcpp/msg/detail/dds_fastrtps/point_detect__type_support.cpp.o\x1b[0m\n'}
[2.089335] (comp_topic_rclcpp) StdoutLine: {'line': b'[ 47%] \x1b[32mBuilding CXX object CMakeFiles/comp_topic_rclcpp__rosidl_typesupport_fastrtps_cpp.dir/rosidl_typesupport_fastrtps_cpp/comp_topic_rclcpp/msg/detail/dds_fastrtps/lane_result__type_support.cpp.o\x1b[0m\n'}
[2.093936] (comp_topic_rclcpp) StdoutLine: {'line': b'[ 48%] \x1b[32m\x1b[1mLinking CXX shared library libcomp_topic_rclcpp__rosidl_typesupport_c.so\x1b[0m\n'}
[2.103233] (-) TimerEvent: {}
[2.152354] (comp_topic_rclcpp) StdoutLine: {'line': b'[ 48%] Built target comp_topic_rclcpp__rosidl_typesupport_c\n'}
[2.178232] (comp_topic_rclcpp) StdoutLine: {'line': b'\x1b[35m\x1b[1mConsolidate compiler generated dependencies of target comp_topic_rclcpp__rosidl_typesupport_introspection_c\x1b[0m\n'}
[2.185675] (comp_topic_rclcpp) StdoutLine: {'line': b'[ 50%] \x1b[32m\x1b[1mLinking CXX shared library libcomp_topic_rclcpp__rosidl_typesupport_cpp.so\x1b[0m\n'}
[2.192231] (comp_topic_rclcpp) StdoutLine: {'line': b'[ 55%] \x1b[32mBuilding C object CMakeFiles/comp_topic_rclcpp__rosidl_typesupport_introspection_c.dir/rosidl_typesupport_introspection_c/comp_topic_rclcpp/msg/detail/tracker_result__type_support.c.o\x1b[0m\n'}
[2.192733] (comp_topic_rclcpp) StdoutLine: {'line': b'[ 55%] \x1b[32mBuilding C object CMakeFiles/comp_topic_rclcpp__rosidl_typesupport_introspection_c.dir/rosidl_typesupport_introspection_c/comp_topic_rclcpp/msg/detail/yolo_result__type_support.c.o\x1b[0m\n'}
[2.192886] (comp_topic_rclcpp) StdoutLine: {'line': b'[ 55%] \x1b[32mBuilding C object CMakeFiles/comp_topic_rclcpp__rosidl_typesupport_introspection_c.dir/rosidl_typesupport_introspection_c/comp_topic_rclcpp/msg/detail/yolo_piece__type_support.c.o\x1b[0m\n'}
[2.192982] (comp_topic_rclcpp) StdoutLine: {'line': b'[ 55%] \x1b[32mBuilding C object CMakeFiles/comp_topic_rclcpp__rosidl_typesupport_introspection_c.dir/rosidl_typesupport_introspection_c/comp_topic_rclcpp/msg/detail/lane_result__type_support.c.o\x1b[0m\n'}
[2.193826] (comp_topic_rclcpp) StdoutLine: {'line': b'[ 56%] \x1b[32mBuilding C object CMakeFiles/comp_topic_rclcpp__rosidl_typesupport_introspection_c.dir/rosidl_typesupport_introspection_c/comp_topic_rclcpp/msg/detail/point_detect__type_support.c.o\x1b[0m\n'}
[2.203397] (-) TimerEvent: {}
[2.242449] (comp_topic_rclcpp) StdoutLine: {'line': b'[ 56%] Built target comp_topic_rclcpp__rosidl_typesupport_cpp\n'}
[2.245813] (comp_topic_rclcpp) StdoutLine: {'line': b'[ 58%] \x1b[32m\x1b[1mLinking C shared library libcomp_topic_rclcpp__rosidl_typesupport_introspection_c.so\x1b[0m\n'}
[2.253960] (comp_topic_rclcpp) StdoutLine: {'line': b'\x1b[35m\x1b[1mConsolidate compiler generated dependencies of target Tracker\x1b[0m\n'}
[2.254321] (comp_topic_rclcpp) StdoutLine: {'line': b'\x1b[35m\x1b[1mConsolidate compiler generated dependencies of target Yolo\x1b[0m\n'}
[2.254472] (comp_topic_rclcpp) StdoutLine: {'line': b'\x1b[35m\x1b[1mConsolidate compiler generated dependencies of target Lane\x1b[0m\n'}
[2.257177] (comp_topic_rclcpp) StdoutLine: {'line': b'\x1b[35m\x1b[1mConsolidate compiler generated dependencies of target Final\x1b[0m\n'}
[2.257604] (comp_topic_rclcpp) StdoutLine: {'line': b'\x1b[35m\x1b[1mConsolidate compiler generated dependencies of target comp_topic_rclcpp__rosidl_typesupport_fastrtps_c\x1b[0m\n'}
[2.279621] (comp_topic_rclcpp) StdoutLine: {'line': b'[ 63%] \x1b[32mBuilding CXX object CMakeFiles/comp_topic_rclcpp__rosidl_typesupport_fastrtps_c.dir/rosidl_typesupport_fastrtps_c/comp_topic_rclcpp/msg/detail/tracker_result__type_support_c.cpp.o\x1b[0m\n'}
[2.280047] (comp_topic_rclcpp) StdoutLine: {'line': b'[ 63%] \x1b[32mBuilding CXX object CMakeFiles/Lane.dir/src/Lane.cpp.o\x1b[0m\n'}
[2.280151] (comp_topic_rclcpp) StdoutLine: {'line': b'[ 63%] \x1b[32mBuilding CXX object CMakeFiles/Tracker.dir/src/Tracker.cpp.o\x1b[0m\n'}
[2.280235] (comp_topic_rclcpp) StdoutLine: {'line': b'[ 66%] \x1b[32mBuilding CXX object CMakeFiles/comp_topic_rclcpp__rosidl_typesupport_fastrtps_c.dir/rosidl_typesupport_fastrtps_c/comp_topic_rclcpp/msg/detail/yolo_piece__type_support_c.cpp.o\x1b[0m\n'}
[2.280312] (comp_topic_rclcpp) StdoutLine: {'line': b'[ 66%] \x1b[32mBuilding CXX object CMakeFiles/Yolo.dir/src/Yolo.cpp.o\x1b[0m\n'}
[2.280388] (comp_topic_rclcpp) StdoutLine: {'line': b'[ 63%] \x1b[32mBuilding CXX object CMakeFiles/comp_topic_rclcpp__rosidl_typesupport_fastrtps_c.dir/rosidl_typesupport_fastrtps_c/comp_topic_rclcpp/msg/detail/yolo_result__type_support_c.cpp.o\x1b[0m\n'}
[2.280464] (comp_topic_rclcpp) StdoutLine: {'line': b'[ 67%] \x1b[32mBuilding CXX object CMakeFiles/Lane.dir/src/lane_detect.cpp.o\x1b[0m\n'}
[2.281117] (comp_topic_rclcpp) StdoutLine: {'line': b'[ 68%] \x1b[32mBuilding CXX object CMakeFiles/Final.dir/src/Final.cpp.o\x1b[0m\n'}
[2.290173] (comp_topic_rclcpp) StdoutLine: {'line': b'[ 68%] Built target comp_topic_rclcpp__rosidl_typesupport_introspection_c\n'}
[2.303556] (-) TimerEvent: {}
[2.363403] (comp_topic_rclcpp) StdoutLine: {'line': b'[ 70%] \x1b[32mBuilding CXX object CMakeFiles/comp_topic_rclcpp__rosidl_typesupport_fastrtps_c.dir/rosidl_typesupport_fastrtps_c/comp_topic_rclcpp/msg/detail/lane_result__type_support_c.cpp.o\x1b[0m\n'}
[2.403688] (-) TimerEvent: {}
[2.460414] (comp_topic_rclcpp) StdoutLine: {'line': b'[ 71%] \x1b[32mBuilding CXX object CMakeFiles/comp_topic_rclcpp__rosidl_typesupport_fastrtps_c.dir/rosidl_typesupport_fastrtps_c/comp_topic_rclcpp/msg/detail/point_detect__type_support_c.cpp.o\x1b[0m\n'}
[2.503877] (-) TimerEvent: {}
[2.509169] (comp_topic_rclcpp) StdoutLine: {'line': b'[ 72%] \x1b[32m\x1b[1mLinking CXX shared library libcomp_topic_rclcpp__rosidl_typesupport_introspection_cpp.so\x1b[0m\n'}
[2.604041] (-) TimerEvent: {}
[2.647163] (comp_topic_rclcpp) StdoutLine: {'line': b'[ 72%] Built target comp_topic_rclcpp__rosidl_typesupport_introspection_cpp\n'}
[2.664514] (comp_topic_rclcpp) StdoutLine: {'line': b'[ 74%] \x1b[32m\x1b[1mLinking CXX shared library libcomp_topic_rclcpp__rosidl_typesupport_fastrtps_cpp.so\x1b[0m\n'}
[2.704199] (-) TimerEvent: {}
[2.796856] (comp_topic_rclcpp) StdoutLine: {'line': b'[ 74%] Built target comp_topic_rclcpp__rosidl_typesupport_fastrtps_cpp\n'}
[2.804321] (-) TimerEvent: {}
[2.842805] (comp_topic_rclcpp) StdoutLine: {'line': b'[ 75%] \x1b[32m\x1b[1mLinking CXX shared library libcomp_topic_rclcpp__rosidl_typesupport_fastrtps_c.so\x1b[0m\n'}
[2.904472] (-) TimerEvent: {}
[2.949058] (comp_topic_rclcpp) StdoutLine: {'line': b'[ 75%] Built target comp_topic_rclcpp__rosidl_typesupport_fastrtps_c\n'}
[2.967697] (comp_topic_rclcpp) StdoutLine: {'line': b'[ 75%] Built target comp_topic_rclcpp\n'}
[2.985866] (comp_topic_rclcpp) StdoutLine: {'line': b'[ 77%] \x1b[34m\x1b[1mGenerating Python code for ROS interfaces\x1b[0m\n'}
[3.004576] (-) TimerEvent: {}
[3.104911] (-) TimerEvent: {}
[3.205269] (-) TimerEvent: {}
[3.305558] (-) TimerEvent: {}
[3.405856] (-) TimerEvent: {}
[3.506282] (-) TimerEvent: {}
[3.606583] (-) TimerEvent: {}
[3.706904] (-) TimerEvent: {}
[3.807258] (-) TimerEvent: {}
[3.889581] (comp_topic_rclcpp) StdoutLine: {'line': b'[ 77%] Built target comp_topic_rclcpp__py\n'}
[3.897409] (comp_topic_rclcpp) StdoutLine: {'line': b'\x1b[35m\x1b[1mConsolidate compiler generated dependencies of target comp_topic_rclcpp__rosidl_generator_py\x1b[0m\n'}
[3.907433] (-) TimerEvent: {}
[3.910923] (comp_topic_rclcpp) StdoutLine: {'line': b'[ 79%] \x1b[32mBuilding C object CMakeFiles/comp_topic_rclcpp__rosidl_generator_py.dir/rosidl_generator_py/comp_topic_rclcpp/msg/_point_detect_s.c.o\x1b[0m\n'}
[3.911149] (comp_topic_rclcpp) StdoutLine: {'line': b'[ 79%] \x1b[32mBuilding C object CMakeFiles/comp_topic_rclcpp__rosidl_generator_py.dir/rosidl_generator_py/comp_topic_rclcpp/msg/_lane_result_s.c.o\x1b[0m\n'}
[3.911214] (comp_topic_rclcpp) StdoutLine: {'line': b'[ 83%] \x1b[32mBuilding C object CMakeFiles/comp_topic_rclcpp__rosidl_generator_py.dir/rosidl_generator_py/comp_topic_rclcpp/msg/_yolo_piece_s.c.o\x1b[0m\n'}
[3.911273] (comp_topic_rclcpp) StdoutLine: {'line': b'[ 83%] \x1b[32mBuilding C object CMakeFiles/comp_topic_rclcpp__rosidl_generator_py.dir/rosidl_generator_py/comp_topic_rclcpp/msg/_tracker_result_s.c.o\x1b[0m\n'}
[3.911325] (comp_topic_rclcpp) StdoutLine: {'line': b'[ 83%] \x1b[32mBuilding C object CMakeFiles/comp_topic_rclcpp__rosidl_generator_py.dir/rosidl_generator_py/comp_topic_rclcpp/msg/_yolo_result_s.c.o\x1b[0m\n'}
[4.007560] (-) TimerEvent: {}
[4.024220] (comp_topic_rclcpp) StdoutLine: {'line': b'[ 85%] \x1b[32m\x1b[1mLinking C shared library rosidl_generator_py/comp_topic_rclcpp/libcomp_topic_rclcpp__rosidl_generator_py.so\x1b[0m\n'}
[4.052196] (comp_topic_rclcpp) StdoutLine: {'line': b'[ 85%] Built target comp_topic_rclcpp__rosidl_generator_py\n'}
[4.059591] (comp_topic_rclcpp) StdoutLine: {'line': b'\x1b[35m\x1b[1mConsolidate compiler generated dependencies of target comp_topic_rclcpp__rosidl_typesupport_c__pyext\x1b[0m\n'}
[4.059785] (comp_topic_rclcpp) StdoutLine: {'line': b'\x1b[35m\x1b[1mConsolidate compiler generated dependencies of target comp_topic_rclcpp__rosidl_typesupport_introspection_c__pyext\x1b[0m\n'}
[4.059845] (comp_topic_rclcpp) StdoutLine: {'line': b'\x1b[35m\x1b[1mConsolidate compiler generated dependencies of target comp_topic_rclcpp__rosidl_typesupport_fastrtps_c__pyext\x1b[0m\n'}
[4.069094] (comp_topic_rclcpp) StdoutLine: {'line': b'[ 87%] \x1b[32mBuilding C object CMakeFiles/comp_topic_rclcpp__rosidl_typesupport_c__pyext.dir/rosidl_generator_py/comp_topic_rclcpp/_comp_topic_rclcpp_s.ep.rosidl_typesupport_c.c.o\x1b[0m\n'}
[4.069320] (comp_topic_rclcpp) StdoutLine: {'line': b'[ 87%] \x1b[32mBuilding C object CMakeFiles/comp_topic_rclcpp__rosidl_typesupport_introspection_c__pyext.dir/rosidl_generator_py/comp_topic_rclcpp/_comp_topic_rclcpp_s.ep.rosidl_typesupport_introspection_c.c.o\x1b[0m\n'}
[4.069506] (comp_topic_rclcpp) StdoutLine: {'line': b'[ 89%] \x1b[32mBuilding C object CMakeFiles/comp_topic_rclcpp__rosidl_typesupport_fastrtps_c__pyext.dir/rosidl_generator_py/comp_topic_rclcpp/_comp_topic_rclcpp_s.ep.rosidl_typesupport_fastrtps_c.c.o\x1b[0m\n'}
[4.107671] (-) TimerEvent: {}
[4.152946] (comp_topic_rclcpp) StdoutLine: {'line': b'[ 90%] \x1b[32m\x1b[1mLinking C shared library rosidl_generator_py/comp_topic_rclcpp/comp_topic_rclcpp_s__rosidl_typesupport_fastrtps_c.cpython-310-x86_64-linux-gnu.so\x1b[0m\n'}
[4.173436] (comp_topic_rclcpp) StdoutLine: {'line': b'[ 91%] \x1b[32m\x1b[1mLinking C shared library rosidl_generator_py/comp_topic_rclcpp/comp_topic_rclcpp_s__rosidl_typesupport_c.cpython-310-x86_64-linux-gnu.so\x1b[0m\n'}
[4.181395] (comp_topic_rclcpp) StdoutLine: {'line': b'[ 93%] \x1b[32m\x1b[1mLinking C shared library rosidl_generator_py/comp_topic_rclcpp/comp_topic_rclcpp_s__rosidl_typesupport_introspection_c.cpython-310-x86_64-linux-gnu.so\x1b[0m\n'}
[4.189498] (comp_topic_rclcpp) StdoutLine: {'line': b'[ 93%] Built target comp_topic_rclcpp__rosidl_typesupport_fastrtps_c__pyext\n'}
[4.201405] (comp_topic_rclcpp) StdoutLine: {'line': b'[ 93%] Built target comp_topic_rclcpp__rosidl_typesupport_c__pyext\n'}
[4.207814] (-) TimerEvent: {}
[4.214673] (comp_topic_rclcpp) StdoutLine: {'line': b'[ 93%] Built target comp_topic_rclcpp__rosidl_typesupport_introspection_c__pyext\n'}
[4.307940] (-) TimerEvent: {}
[4.408258] (-) TimerEvent: {}
[4.508582] (-) TimerEvent: {}
[4.608916] (-) TimerEvent: {}
[4.709275] (-) TimerEvent: {}
[4.809578] (-) TimerEvent: {}
[4.909873] (-) TimerEvent: {}
[5.010163] (-) TimerEvent: {}
[5.110532] (-) TimerEvent: {}
[5.210862] (-) TimerEvent: {}
[5.311173] (-) TimerEvent: {}
[5.411482] (-) TimerEvent: {}
[5.511792] (-) TimerEvent: {}
[5.612096] (-) TimerEvent: {}
[5.712472] (-) TimerEvent: {}
[5.812938] (-) TimerEvent: {}
[5.913285] (-) TimerEvent: {}
[6.013604] (-) TimerEvent: {}
[6.113924] (-) TimerEvent: {}
[6.214209] (-) TimerEvent: {}
[6.314512] (-) TimerEvent: {}
[6.414808] (-) TimerEvent: {}
[6.515078] (-) TimerEvent: {}
[6.615408] (-) TimerEvent: {}
[6.651083] (comp_topic_rclcpp) StdoutLine: {'line': b'[ 94%] \x1b[32m\x1b[1mLinking CXX executable CameraTimer\x1b[0m\n'}
[6.715521] (-) TimerEvent: {}
[6.815831] (-) TimerEvent: {}
[6.916151] (-) TimerEvent: {}
[7.016492] (-) TimerEvent: {}
[7.030953] (comp_topic_rclcpp) StdoutLine: {'line': b'[ 94%] Built target CameraTimer\n'}
[7.116632] (-) TimerEvent: {}
[7.216965] (-) TimerEvent: {}
[7.317257] (-) TimerEvent: {}
[7.417619] (-) TimerEvent: {}
[7.517923] (-) TimerEvent: {}
[7.618274] (-) TimerEvent: {}
[7.718582] (-) TimerEvent: {}
[7.818851] (-) TimerEvent: {}
[7.919139] (-) TimerEvent: {}
[8.019409] (-) TimerEvent: {}
[8.119678] (-) TimerEvent: {}
[8.219913] (-) TimerEvent: {}
[8.320203] (-) TimerEvent: {}
[8.420527] (-) TimerEvent: {}
[8.520989] (-) TimerEvent: {}
[8.621278] (-) TimerEvent: {}
[8.721549] (-) TimerEvent: {}
[8.821824] (-) TimerEvent: {}
[8.922071] (-) TimerEvent: {}
[9.022338] (-) TimerEvent: {}
[9.122612] (-) TimerEvent: {}
[9.222947] (-) TimerEvent: {}
[9.323232] (-) TimerEvent: {}
[9.423500] (-) TimerEvent: {}
[9.523774] (-) TimerEvent: {}
[9.624037] (-) TimerEvent: {}
[9.724303] (-) TimerEvent: {}
[9.824626] (-) TimerEvent: {}
[9.924928] (-) TimerEvent: {}
[10.025196] (-) TimerEvent: {}
[10.125477] (-) TimerEvent: {}
[10.225803] (-) TimerEvent: {}
[10.242799] (comp_topic_rclcpp) StdoutLine: {'line': b'[ 95%] \x1b[32m\x1b[1mLinking CXX executable Lane\x1b[0m\n'}
[10.325931] (-) TimerEvent: {}
[10.426183] (-) TimerEvent: {}
[10.526407] (-) TimerEvent: {}
[10.565028] (comp_topic_rclcpp) StdoutLine: {'line': b'[ 95%] Built target Lane\n'}
[10.626528] (-) TimerEvent: {}
[10.726750] (-) TimerEvent: {}
[10.827002] (-) TimerEvent: {}
[10.927241] (-) TimerEvent: {}
[11.027570] (-) TimerEvent: {}
[11.127851] (-) TimerEvent: {}
[11.228114] (-) TimerEvent: {}
[11.256683] (comp_topic_rclcpp) StdoutLine: {'line': b'[ 97%] \x1b[32m\x1b[1mLinking CXX executable Yolo\x1b[0m\n'}
[11.328235] (-) TimerEvent: {}
[11.428490] (-) TimerEvent: {}
[11.528754] (-) TimerEvent: {}
[11.601270] (comp_topic_rclcpp) StdoutLine: {'line': b'[ 97%] Built target Yolo\n'}
[11.628845] (-) TimerEvent: {}
[11.729071] (-) TimerEvent: {}
[11.829320] (-) TimerEvent: {}
[11.929546] (-) TimerEvent: {}
[12.029767] (-) TimerEvent: {}
[12.130019] (-) TimerEvent: {}
[12.230266] (-) TimerEvent: {}
[12.330487] (-) TimerEvent: {}
[12.430737] (-) TimerEvent: {}
[12.531000] (-) TimerEvent: {}
[12.631256] (-) TimerEvent: {}
[12.731507] (-) TimerEvent: {}
[12.831770] (-) TimerEvent: {}
[12.932051] (-) TimerEvent: {}
[13.032320] (-) TimerEvent: {}
[13.064577] (comp_topic_rclcpp) StdoutLine: {'line': b'[ 98%] \x1b[32m\x1b[1mLinking CXX executable Tracker\x1b[0m\n'}
[13.132425] (-) TimerEvent: {}
[13.232709] (-) TimerEvent: {}
[13.332986] (-) TimerEvent: {}
[13.433247] (-) TimerEvent: {}
[13.483125] (comp_topic_rclcpp) StdoutLine: {'line': b'[ 98%] Built target Tracker\n'}
[13.533347] (-) TimerEvent: {}
[13.633571] (-) TimerEvent: {}
[13.733807] (-) TimerEvent: {}
[13.834189] (-) TimerEvent: {}
[13.934666] (-) TimerEvent: {}
[14.034920] (-) TimerEvent: {}
[14.135183] (-) TimerEvent: {}
[14.235445] (-) TimerEvent: {}
[14.335711] (-) TimerEvent: {}
[14.436010] (-) TimerEvent: {}
[14.536343] (-) TimerEvent: {}
[14.583069] (comp_topic_rclcpp) StdoutLine: {'line': b'[100%] \x1b[32m\x1b[1mLinking CXX executable Final\x1b[0m\n'}
[14.636465] (-) TimerEvent: {}
[14.736730] (-) TimerEvent: {}
[14.836979] (-) TimerEvent: {}
[14.937230] (-) TimerEvent: {}
[15.037557] (-) TimerEvent: {}
[15.099294] (comp_topic_rclcpp) StdoutLine: {'line': b'[100%] Built target Final\n'}
[15.105295] (comp_topic_rclcpp) CommandEnded: {'returncode': 0}
[15.137593] (-) TimerEvent: {}
[15.173207] (comp_topic_rclcpp) JobProgress: {'identifier': 'comp_topic_rclcpp', 'progress': 'install'}
[15.179735] (comp_topic_rclcpp) Command: {'cmd': ['/usr/bin/cmake', '--install', '/ros2/a_mid_test/ros2/build/comp_topic_rclcpp'], 'cwd': '/ros2/a_mid_test/ros2/build/comp_topic_rclcpp', 'env': OrderedDict([('HOSTNAME', 'dac7bb0e7b35'), ('GIT_ASKPASS', '/root/.vscode-server/bin/fabdb6a30b49f79a7aba0f2ad9df9b399473380f/extensions/git/dist/askpass.sh'), ('LOG_PATH', '/ros2/logs'), ('SHLVL', '3'), ('LD_LIBRARY_PATH', '/opt/ros/humble/opt/rviz_ogre_vendor/lib:/opt/ros/humble/lib/x86_64-linux-gnu:/opt/ros/humble/lib'), ('BROWSER', '/root/.vscode-server/bin/fabdb6a30b49f79a7aba0f2ad9df9b399473380f/bin/helpers/browser.sh'), ('HOME', '/root'), ('OLDPWD', '/ros2'), ('TERM_PROGRAM_VERSION', '1.96.2'), ('VSCODE_IPC_HOOK_CLI', '/tmp/vscode-ipc-3d033ab0-55d3-4890-93bd-a338736910bd.sock'), ('MODEL_PATH', '/ros2/a_mid_test/ros2/src/comp_topic_rclcpp/resources/yolov5s.onnx'), ('ROS_PYTHON_VERSION', '3'), ('VSCODE_GIT_ASKPASS_MAIN', '/root/.vscode-server/bin/fabdb6a30b49f79a7aba0f2ad9df9b399473380f/extensions/git/dist/askpass-main.js'), ('VSCODE_GIT_ASKPASS_NODE', '/root/.vscode-server/bin/fabdb6a30b49f79a7aba0f2ad9df9b399473380f/node'), ('LC_CTYPE', 'C.UTF-8'), ('DATA_PATH', '/ros2/a_mid_test/a_data/camera/800-1/front'), ('COLORTERM', 'truecolor'), ('OUTPUT_PATH', '/ros2/output'), ('REMOTE_CONTAINERS', 'true'), ('WORKSPACE', '/ros2/a_mid_test/ros2'), ('COLCON_PREFIX_PATH', '/root/ros2_ws/install'), ('ROS_DISTRO', 'humble'), ('REMOTE_CONTAINERS_IPC', '/tmp/vscode-remote-containers-ipc-108edfba-7e59-4821-84da-bfeea8b80a0a.sock'), ('_', '/usr/bin/colcon'), ('ROS_VERSION', '2'), ('TERM', 'xterm-256color'), ('ROS_LOCALHOST_ONLY', '0'), ('PATH', '/root/.vscode-server/bin/fabdb6a30b49f79a7aba0f2ad9df9b399473380f/bin/remote-cli:/opt/ros/humble/bin:/usr/local/sbin:/usr/local/bin:/usr/sbin:/usr/bin:/sbin:/bin'), ('REMOTE_CONTAINERS_SOCKETS', '["/root/.gnupg/S.gpg-agent"]'), ('LANG', 'en_US.UTF-8'), ('VSCODE_GIT_IPC_HANDLE', '/tmp/vscode-git-621e12c977.sock'), ('TERM_PROGRAM', 'vscode'), ('AMENT_PREFIX_PATH', '/opt/ros/humble'), ('SHELL', '/bin/bash'), ('VSCODE_GIT_ASKPASS_EXTRA_ARGS', ''), ('PWD', '/ros2/a_mid_test/ros2/build/comp_topic_rclcpp'), ('PYTHONPATH', '/opt/ros/humble/lib/python3.10/site-packages:/opt/ros/humble/local/lib/python3.10/dist-packages'), ('COLCON', '1'), ('CMAKE_PREFIX_PATH', '/opt/ros/humble')]), 'shell': False}
[15.184778] (comp_topic_rclcpp) StdoutLine: {'line': b'-- Install configuration: ""\n'}
[15.184913] (comp_topic_rclcpp) StdoutLine: {'line': b'-- Up-to-date: /ros2/a_mid_test/ros2/install/comp_topic_rclcpp/share/ament_index/resource_index/rosidl_interfaces/comp_topic_rclcpp\n'}
[15.184969] (comp_topic_rclcpp) StdoutLine: {'line': b'-- Up-to-date: /ros2/a_mid_test/ros2/install/comp_topic_rclcpp/include/comp_topic_rclcpp/comp_topic_rclcpp\n'}
[15.185020] (comp_topic_rclcpp) StdoutLine: {'line': b'-- Up-to-date: /ros2/a_mid_test/ros2/install/comp_topic_rclcpp/include/comp_topic_rclcpp/comp_topic_rclcpp/msg\n'}
[15.185081] (comp_topic_rclcpp) StdoutLine: {'line': b'-- Installing: /ros2/a_mid_test/ros2/install/comp_topic_rclcpp/include/comp_topic_rclcpp/comp_topic_rclcpp/msg/yolo_result.h\n'}
[15.185131] (comp_topic_rclcpp) StdoutLine: {'line': b'-- Installing: /ros2/a_mid_test/ros2/install/comp_topic_rclcpp/include/comp_topic_rclcpp/comp_topic_rclcpp/msg/yolo_piece.h\n'}
[15.185201] (comp_topic_rclcpp) StdoutLine: {'line': b'-- Up-to-date: /ros2/a_mid_test/ros2/install/comp_topic_rclcpp/include/comp_topic_rclcpp/comp_topic_rclcpp/msg/detail\n'}
[15.185249] (comp_topic_rclcpp) StdoutLine: {'line': b'-- Installing: /ros2/a_mid_test/ros2/install/comp_topic_rclcpp/include/comp_topic_rclcpp/comp_topic_rclcpp/msg/detail/tracker_result__struct.h\n'}
[15.185309] (comp_topic_rclcpp) StdoutLine: {'line': b'-- Installing: /ros2/a_mid_test/ros2/install/comp_topic_rclcpp/include/comp_topic_rclcpp/comp_topic_rclcpp/msg/detail/lane_result__type_support.h\n'}
[15.185406] (comp_topic_rclcpp) StdoutLine: {'line': b'-- Installing: /ros2/a_mid_test/ros2/install/comp_topic_rclcpp/include/comp_topic_rclcpp/comp_topic_rclcpp/msg/detail/lane_result__functions.c\n'}
[15.185518] (comp_topic_rclcpp) StdoutLine: {'line': b'-- Installing: /ros2/a_mid_test/ros2/install/comp_topic_rclcpp/include/comp_topic_rclcpp/comp_topic_rclcpp/msg/detail/lane_result__struct.h\n'}
[15.185654] (comp_topic_rclcpp) StdoutLine: {'line': b'-- Installing: /ros2/a_mid_test/ros2/install/comp_topic_rclcpp/include/comp_topic_rclcpp/comp_topic_rclcpp/msg/detail/yolo_result__functions.c\n'}
[15.185802] (comp_topic_rclcpp) StdoutLine: {'line': b'-- Installing: /ros2/a_mid_test/ros2/install/comp_topic_rclcpp/include/comp_topic_rclcpp/comp_topic_rclcpp/msg/detail/yolo_result__type_support.h\n'}
[15.185877] (comp_topic_rclcpp) StdoutLine: {'line': b'-- Installing: /ros2/a_mid_test/ros2/install/comp_topic_rclcpp/include/comp_topic_rclcpp/comp_topic_rclcpp/msg/detail/yolo_piece__functions.c\n'}
[15.186002] (comp_topic_rclcpp) StdoutLine: {'line': b'-- Installing: /ros2/a_mid_test/ros2/install/comp_topic_rclcpp/include/comp_topic_rclcpp/comp_topic_rclcpp/msg/detail/tracker_result__functions.h\n'}
[15.186110] (comp_topic_rclcpp) StdoutLine: {'line': b'-- Installing: /ros2/a_mid_test/ros2/install/comp_topic_rclcpp/include/comp_topic_rclcpp/comp_topic_rclcpp/msg/detail/yolo_piece__struct.h\n'}
[15.186199] (comp_topic_rclcpp) StdoutLine: {'line': b'-- Installing: /ros2/a_mid_test/ros2/install/comp_topic_rclcpp/include/comp_topic_rclcpp/comp_topic_rclcpp/msg/detail/tracker_result__functions.c\n'}
[15.186301] (comp_topic_rclcpp) StdoutLine: {'line': b'-- Installing: /ros2/a_mid_test/ros2/install/comp_topic_rclcpp/include/comp_topic_rclcpp/comp_topic_rclcpp/msg/detail/lane_result__functions.h\n'}
[15.186381] (comp_topic_rclcpp) StdoutLine: {'line': b'-- Installing: /ros2/a_mid_test/ros2/install/comp_topic_rclcpp/include/comp_topic_rclcpp/comp_topic_rclcpp/msg/detail/point_detect__functions.c\n'}
[15.186495] (comp_topic_rclcpp) StdoutLine: {'line': b'-- Installing: /ros2/a_mid_test/ros2/install/comp_topic_rclcpp/include/comp_topic_rclcpp/comp_topic_rclcpp/msg/detail/tracker_result__type_support.h\n'}
[15.186601] (comp_topic_rclcpp) StdoutLine: {'line': b'-- Installing: /ros2/a_mid_test/ros2/install/comp_topic_rclcpp/include/comp_topic_rclcpp/comp_topic_rclcpp/msg/detail/yolo_result__struct.h\n'}
[15.186703] (comp_topic_rclcpp) StdoutLine: {'line': b'-- Installing: /ros2/a_mid_test/ros2/install/comp_topic_rclcpp/include/comp_topic_rclcpp/comp_topic_rclcpp/msg/detail/point_detect__struct.h\n'}
[15.186840] (comp_topic_rclcpp) StdoutLine: {'line': b'-- Installing: /ros2/a_mid_test/ros2/install/comp_topic_rclcpp/include/comp_topic_rclcpp/comp_topic_rclcpp/msg/detail/yolo_piece__type_support.h\n'}
[15.186911] (comp_topic_rclcpp) StdoutLine: {'line': b'-- Installing: /ros2/a_mid_test/ros2/install/comp_topic_rclcpp/include/comp_topic_rclcpp/comp_topic_rclcpp/msg/detail/yolo_result__functions.h\n'}
[15.187020] (comp_topic_rclcpp) StdoutLine: {'line': b'-- Installing: /ros2/a_mid_test/ros2/install/comp_topic_rclcpp/include/comp_topic_rclcpp/comp_topic_rclcpp/msg/detail/point_detect__functions.h\n'}
[15.187128] (comp_topic_rclcpp) StdoutLine: {'line': b'-- Installing: /ros2/a_mid_test/ros2/install/comp_topic_rclcpp/include/comp_topic_rclcpp/comp_topic_rclcpp/msg/detail/yolo_piece__functions.h\n'}
[15.187238] (comp_topic_rclcpp) StdoutLine: {'line': b'-- Installing: /ros2/a_mid_test/ros2/install/comp_topic_rclcpp/include/comp_topic_rclcpp/comp_topic_rclcpp/msg/detail/point_detect__type_support.h\n'}
[15.187342] (comp_topic_rclcpp) StdoutLine: {'line': b'-- Installing: /ros2/a_mid_test/ros2/install/comp_topic_rclcpp/include/comp_topic_rclcpp/comp_topic_rclcpp/msg/tracker_result.h\n'}
[15.187445] (comp_topic_rclcpp) StdoutLine: {'line': b'-- Installing: /ros2/a_mid_test/ros2/install/comp_topic_rclcpp/include/comp_topic_rclcpp/comp_topic_rclcpp/msg/point_detect.h\n'}
[15.187544] (comp_topic_rclcpp) StdoutLine: {'line': b'-- Installing: /ros2/a_mid_test/ros2/install/comp_topic_rclcpp/include/comp_topic_rclcpp/comp_topic_rclcpp/msg/lane_result.h\n'}
[15.187644] (comp_topic_rclcpp) StdoutLine: {'line': b'-- Up-to-date: /ros2/a_mid_test/ros2/install/comp_topic_rclcpp/include/comp_topic_rclcpp/comp_topic_rclcpp/msg/rosidl_generator_c__visibility_control.h\n'}
[15.187708] (comp_topic_rclcpp) StdoutLine: {'line': b'-- Up-to-date: /ros2/a_mid_test/ros2/install/comp_topic_rclcpp/share/comp_topic_rclcpp/environment/library_path.sh\n'}
[15.187778] (comp_topic_rclcpp) StdoutLine: {'line': b'-- Installing: /ros2/a_mid_test/ros2/install/comp_topic_rclcpp/share/comp_topic_rclcpp/environment/library_path.dsv\n'}
[15.187975] (comp_topic_rclcpp) StdoutLine: {'line': b'-- Installing: /ros2/a_mid_test/ros2/install/comp_topic_rclcpp/lib/libcomp_topic_rclcpp__rosidl_generator_c.so\n'}
[15.188283] (comp_topic_rclcpp) StdoutLine: {'line': b'-- Set runtime path of "/ros2/a_mid_test/ros2/install/comp_topic_rclcpp/lib/libcomp_topic_rclcpp__rosidl_generator_c.so" to ""\n'}
[15.188346] (comp_topic_rclcpp) StdoutLine: {'line': b'-- Up-to-date: /ros2/a_mid_test/ros2/install/comp_topic_rclcpp/include/comp_topic_rclcpp/comp_topic_rclcpp\n'}
[15.188418] (comp_topic_rclcpp) StdoutLine: {'line': b'-- Up-to-date: /ros2/a_mid_test/ros2/install/comp_topic_rclcpp/include/comp_topic_rclcpp/comp_topic_rclcpp/msg\n'}
[15.188489] (comp_topic_rclcpp) StdoutLine: {'line': b'-- Up-to-date: /ros2/a_mid_test/ros2/install/comp_topic_rclcpp/include/comp_topic_rclcpp/comp_topic_rclcpp/msg/rosidl_typesupport_fastrtps_c__visibility_control.h\n'}
[15.188537] (comp_topic_rclcpp) StdoutLine: {'line': b'-- Up-to-date: /ros2/a_mid_test/ros2/install/comp_topic_rclcpp/include/comp_topic_rclcpp/comp_topic_rclcpp/msg/detail\n'}
[15.188585] (comp_topic_rclcpp) StdoutLine: {'line': b'-- Installing: /ros2/a_mid_test/ros2/install/comp_topic_rclcpp/include/comp_topic_rclcpp/comp_topic_rclcpp/msg/detail/yolo_result__rosidl_typesupport_fastrtps_c.h\n'}
[15.188644] (comp_topic_rclcpp) StdoutLine: {'line': b'-- Installing: /ros2/a_mid_test/ros2/install/comp_topic_rclcpp/include/comp_topic_rclcpp/comp_topic_rclcpp/msg/detail/yolo_piece__rosidl_typesupport_fastrtps_c.h\n'}
[15.188706] (comp_topic_rclcpp) StdoutLine: {'line': b'-- Installing: /ros2/a_mid_test/ros2/install/comp_topic_rclcpp/include/comp_topic_rclcpp/comp_topic_rclcpp/msg/detail/tracker_result__rosidl_typesupport_fastrtps_c.h\n'}
[15.188797] (comp_topic_rclcpp) StdoutLine: {'line': b'-- Installing: /ros2/a_mid_test/ros2/install/comp_topic_rclcpp/include/comp_topic_rclcpp/comp_topic_rclcpp/msg/detail/point_detect__rosidl_typesupport_fastrtps_c.h\n'}
[15.188904] (comp_topic_rclcpp) StdoutLine: {'line': b'-- Installing: /ros2/a_mid_test/ros2/install/comp_topic_rclcpp/include/comp_topic_rclcpp/comp_topic_rclcpp/msg/detail/lane_result__rosidl_typesupport_fastrtps_c.h\n'}
[15.189128] (comp_topic_rclcpp) StdoutLine: {'line': b'-- Installing: /ros2/a_mid_test/ros2/install/comp_topic_rclcpp/lib/libcomp_topic_rclcpp__rosidl_typesupport_fastrtps_c.so\n'}
[15.189429] (comp_topic_rclcpp) StdoutLine: {'line': b'-- Set runtime path of "/ros2/a_mid_test/ros2/install/comp_topic_rclcpp/lib/libcomp_topic_rclcpp__rosidl_typesupport_fastrtps_c.so" to ""\n'}
[15.189492] (comp_topic_rclcpp) StdoutLine: {'line': b'-- Up-to-date: /ros2/a_mid_test/ros2/install/comp_topic_rclcpp/include/comp_topic_rclcpp/comp_topic_rclcpp\n'}
[15.189553] (comp_topic_rclcpp) StdoutLine: {'line': b'-- Up-to-date: /ros2/a_mid_test/ros2/install/comp_topic_rclcpp/include/comp_topic_rclcpp/comp_topic_rclcpp/msg\n'}
[15.189615] (comp_topic_rclcpp) StdoutLine: {'line': b'-- Installing: /ros2/a_mid_test/ros2/install/comp_topic_rclcpp/include/comp_topic_rclcpp/comp_topic_rclcpp/msg/lane_result.hpp\n'}
[15.189679] (comp_topic_rclcpp) StdoutLine: {'line': b'-- Installing: /ros2/a_mid_test/ros2/install/comp_topic_rclcpp/include/comp_topic_rclcpp/comp_topic_rclcpp/msg/point_detect.hpp\n'}
[15.189756] (comp_topic_rclcpp) StdoutLine: {'line': b'-- Up-to-date: /ros2/a_mid_test/ros2/install/comp_topic_rclcpp/include/comp_topic_rclcpp/comp_topic_rclcpp/msg/detail\n'}
[15.189816] (comp_topic_rclcpp) StdoutLine: {'line': b'-- Installing: /ros2/a_mid_test/ros2/install/comp_topic_rclcpp/include/comp_topic_rclcpp/comp_topic_rclcpp/msg/detail/tracker_result__traits.hpp\n'}
[15.189912] (comp_topic_rclcpp) StdoutLine: {'line': b'-- Installing: /ros2/a_mid_test/ros2/install/comp_topic_rclcpp/include/comp_topic_rclcpp/comp_topic_rclcpp/msg/detail/yolo_result__builder.hpp\n'}
[15.190017] (comp_topic_rclcpp) StdoutLine: {'line': b'-- Installing: /ros2/a_mid_test/ros2/install/comp_topic_rclcpp/include/comp_topic_rclcpp/comp_topic_rclcpp/msg/detail/yolo_piece__traits.hpp\n'}
[15.190128] (comp_topic_rclcpp) StdoutLine: {'line': b'-- Installing: /ros2/a_mid_test/ros2/install/comp_topic_rclcpp/include/comp_topic_rclcpp/comp_topic_rclcpp/msg/detail/point_detect__struct.hpp\n'}
[15.190237] (comp_topic_rclcpp) StdoutLine: {'line': b'-- Installing: /ros2/a_mid_test/ros2/install/comp_topic_rclcpp/include/comp_topic_rclcpp/comp_topic_rclcpp/msg/detail/yolo_piece__builder.hpp\n'}
[15.190343] (comp_topic_rclcpp) StdoutLine: {'line': b'-- Installing: /ros2/a_mid_test/ros2/install/comp_topic_rclcpp/include/comp_topic_rclcpp/comp_topic_rclcpp/msg/detail/point_detect__traits.hpp\n'}
[15.190447] (comp_topic_rclcpp) StdoutLine: {'line': b'-- Installing: /ros2/a_mid_test/ros2/install/comp_topic_rclcpp/include/comp_topic_rclcpp/comp_topic_rclcpp/msg/detail/yolo_piece__struct.hpp\n'}
[15.190557] (comp_topic_rclcpp) StdoutLine: {'line': b'-- Installing: /ros2/a_mid_test/ros2/install/comp_topic_rclcpp/include/comp_topic_rclcpp/comp_topic_rclcpp/msg/detail/point_detect__builder.hpp\n'}
[15.190664] (comp_topic_rclcpp) StdoutLine: {'line': b'-- Installing: /ros2/a_mid_test/ros2/install/comp_topic_rclcpp/include/comp_topic_rclcpp/comp_topic_rclcpp/msg/detail/lane_result__traits.hpp\n'}
[15.190775] (comp_topic_rclcpp) StdoutLine: {'line': b'-- Installing: /ros2/a_mid_test/ros2/install/comp_topic_rclcpp/include/comp_topic_rclcpp/comp_topic_rclcpp/msg/detail/yolo_result__traits.hpp\n'}
[15.190879] (comp_topic_rclcpp) StdoutLine: {'line': b'-- Installing: /ros2/a_mid_test/ros2/install/comp_topic_rclcpp/include/comp_topic_rclcpp/comp_topic_rclcpp/msg/detail/lane_result__struct.hpp\n'}
[15.190989] (comp_topic_rclcpp) StdoutLine: {'line': b'-- Installing: /ros2/a_mid_test/ros2/install/comp_topic_rclcpp/include/comp_topic_rclcpp/comp_topic_rclcpp/msg/detail/yolo_result__struct.hpp\n'}
[15.191098] (comp_topic_rclcpp) StdoutLine: {'line': b'-- Installing: /ros2/a_mid_test/ros2/install/comp_topic_rclcpp/include/comp_topic_rclcpp/comp_topic_rclcpp/msg/detail/lane_result__builder.hpp\n'}
[15.191204] (comp_topic_rclcpp) StdoutLine: {'line': b'-- Installing: /ros2/a_mid_test/ros2/install/comp_topic_rclcpp/include/comp_topic_rclcpp/comp_topic_rclcpp/msg/detail/tracker_result__struct.hpp\n'}
[15.191314] (comp_topic_rclcpp) StdoutLine: {'line': b'-- Installing: /ros2/a_mid_test/ros2/install/comp_topic_rclcpp/include/comp_topic_rclcpp/comp_topic_rclcpp/msg/detail/tracker_result__builder.hpp\n'}
[15.191419] (comp_topic_rclcpp) StdoutLine: {'line': b'-- Installing: /ros2/a_mid_test/ros2/install/comp_topic_rclcpp/include/comp_topic_rclcpp/comp_topic_rclcpp/msg/yolo_piece.hpp\n'}
[15.191522] (comp_topic_rclcpp) StdoutLine: {'line': b'-- Installing: /ros2/a_mid_test/ros2/install/comp_topic_rclcpp/include/comp_topic_rclcpp/comp_topic_rclcpp/msg/yolo_result.hpp\n'}
[15.191623] (comp_topic_rclcpp) StdoutLine: {'line': b'-- Installing: /ros2/a_mid_test/ros2/install/comp_topic_rclcpp/include/comp_topic_rclcpp/comp_topic_rclcpp/msg/tracker_result.hpp\n'}
[15.191753] (comp_topic_rclcpp) StdoutLine: {'line': b'-- Up-to-date: /ros2/a_mid_test/ros2/install/comp_topic_rclcpp/include/comp_topic_rclcpp/comp_topic_rclcpp\n'}
[15.191813] (comp_topic_rclcpp) StdoutLine: {'line': b'-- Up-to-date: /ros2/a_mid_test/ros2/install/comp_topic_rclcpp/include/comp_topic_rclcpp/comp_topic_rclcpp/msg\n'}
[15.191881] (comp_topic_rclcpp) StdoutLine: {'line': b'-- Up-to-date: /ros2/a_mid_test/ros2/install/comp_topic_rclcpp/include/comp_topic_rclcpp/comp_topic_rclcpp/msg/detail\n'}
[15.191929] (comp_topic_rclcpp) StdoutLine: {'line': b'-- Installing: /ros2/a_mid_test/ros2/install/comp_topic_rclcpp/include/comp_topic_rclcpp/comp_topic_rclcpp/msg/detail/yolo_piece__rosidl_typesupport_fastrtps_cpp.hpp\n'}
[15.191985] (comp_topic_rclcpp) StdoutLine: {'line': b'-- Installing: /ros2/a_mid_test/ros2/install/comp_topic_rclcpp/include/comp_topic_rclcpp/comp_topic_rclcpp/msg/detail/point_detect__rosidl_typesupport_fastrtps_cpp.hpp\n'}
[15.192076] (comp_topic_rclcpp) StdoutLine: {'line': b'-- Installing: /ros2/a_mid_test/ros2/install/comp_topic_rclcpp/include/comp_topic_rclcpp/comp_topic_rclcpp/msg/detail/yolo_result__rosidl_typesupport_fastrtps_cpp.hpp\n'}
[15.192186] (comp_topic_rclcpp) StdoutLine: {'line': b'-- Installing: /ros2/a_mid_test/ros2/install/comp_topic_rclcpp/include/comp_topic_rclcpp/comp_topic_rclcpp/msg/detail/tracker_result__rosidl_typesupport_fastrtps_cpp.hpp\n'}
[15.192291] (comp_topic_rclcpp) StdoutLine: {'line': b'-- Up-to-date: /ros2/a_mid_test/ros2/install/comp_topic_rclcpp/include/comp_topic_rclcpp/comp_topic_rclcpp/msg/detail/dds_fastrtps\n'}
[15.192348] (comp_topic_rclcpp) StdoutLine: {'line': b'-- Installing: /ros2/a_mid_test/ros2/install/comp_topic_rclcpp/include/comp_topic_rclcpp/comp_topic_rclcpp/msg/detail/lane_result__rosidl_typesupport_fastrtps_cpp.hpp\n'}
[15.192449] (comp_topic_rclcpp) StdoutLine: {'line': b'-- Up-to-date: /ros2/a_mid_test/ros2/install/comp_topic_rclcpp/include/comp_topic_rclcpp/comp_topic_rclcpp/msg/rosidl_typesupport_fastrtps_cpp__visibility_control.h\n'}
[15.192593] (comp_topic_rclcpp) StdoutLine: {'line': b'-- Installing: /ros2/a_mid_test/ros2/install/comp_topic_rclcpp/lib/libcomp_topic_rclcpp__rosidl_typesupport_fastrtps_cpp.so\n'}
[15.192958] (comp_topic_rclcpp) StdoutLine: {'line': b'-- Set runtime path of "/ros2/a_mid_test/ros2/install/comp_topic_rclcpp/lib/libcomp_topic_rclcpp__rosidl_typesupport_fastrtps_cpp.so" to ""\n'}
[15.193020] (comp_topic_rclcpp) StdoutLine: {'line': b'-- Up-to-date: /ros2/a_mid_test/ros2/install/comp_topic_rclcpp/include/comp_topic_rclcpp/comp_topic_rclcpp\n'}
[15.193090] (comp_topic_rclcpp) StdoutLine: {'line': b'-- Up-to-date: /ros2/a_mid_test/ros2/install/comp_topic_rclcpp/include/comp_topic_rclcpp/comp_topic_rclcpp/msg\n'}
[15.193149] (comp_topic_rclcpp) StdoutLine: {'line': b'-- Up-to-date: /ros2/a_mid_test/ros2/install/comp_topic_rclcpp/include/comp_topic_rclcpp/comp_topic_rclcpp/msg/detail\n'}
[15.193196] (comp_topic_rclcpp) StdoutLine: {'line': b'-- Installing: /ros2/a_mid_test/ros2/install/comp_topic_rclcpp/include/comp_topic_rclcpp/comp_topic_rclcpp/msg/detail/point_detect__type_support.c\n'}
[15.193254] (comp_topic_rclcpp) StdoutLine: {'line': b'-- Installing: /ros2/a_mid_test/ros2/install/comp_topic_rclcpp/include/comp_topic_rclcpp/comp_topic_rclcpp/msg/detail/yolo_result__type_support.c\n'}
[15.193373] (comp_topic_rclcpp) StdoutLine: {'line': b'-- Installing: /ros2/a_mid_test/ros2/install/comp_topic_rclcpp/include/comp_topic_rclcpp/comp_topic_rclcpp/msg/detail/yolo_result__rosidl_typesupport_introspection_c.h\n'}
[15.193483] (comp_topic_rclcpp) StdoutLine: {'line': b'-- Installing: /ros2/a_mid_test/ros2/install/comp_topic_rclcpp/include/comp_topic_rclcpp/comp_topic_rclcpp/msg/detail/yolo_piece__type_support.c\n'}
[15.193601] (comp_topic_rclcpp) StdoutLine: {'line': b'-- Installing: /ros2/a_mid_test/ros2/install/comp_topic_rclcpp/include/comp_topic_rclcpp/comp_topic_rclcpp/msg/detail/yolo_piece__rosidl_typesupport_introspection_c.h\n'}
[15.193709] (comp_topic_rclcpp) StdoutLine: {'line': b'-- Installing: /ros2/a_mid_test/ros2/install/comp_topic_rclcpp/include/comp_topic_rclcpp/comp_topic_rclcpp/msg/detail/lane_result__type_support.c\n'}
[15.193825] (comp_topic_rclcpp) StdoutLine: {'line': b'-- Installing: /ros2/a_mid_test/ros2/install/comp_topic_rclcpp/include/comp_topic_rclcpp/comp_topic_rclcpp/msg/detail/tracker_result__rosidl_typesupport_introspection_c.h\n'}
[15.193934] (comp_topic_rclcpp) StdoutLine: {'line': b'-- Installing: /ros2/a_mid_test/ros2/install/comp_topic_rclcpp/include/comp_topic_rclcpp/comp_topic_rclcpp/msg/detail/lane_result__rosidl_typesupport_introspection_c.h\n'}
[15.194041] (comp_topic_rclcpp) StdoutLine: {'line': b'-- Installing: /ros2/a_mid_test/ros2/install/comp_topic_rclcpp/include/comp_topic_rclcpp/comp_topic_rclcpp/msg/detail/point_detect__rosidl_typesupport_introspection_c.h\n'}
[15.194158] (comp_topic_rclcpp) StdoutLine: {'line': b'-- Installing: /ros2/a_mid_test/ros2/install/comp_topic_rclcpp/include/comp_topic_rclcpp/comp_topic_rclcpp/msg/detail/tracker_result__type_support.c\n'}
[15.194279] (comp_topic_rclcpp) StdoutLine: {'line': b'-- Up-to-date: /ros2/a_mid_test/ros2/install/comp_topic_rclcpp/include/comp_topic_rclcpp/comp_topic_rclcpp/msg/rosidl_typesupport_introspection_c__visibility_control.h\n'}
[15.194412] (comp_topic_rclcpp) StdoutLine: {'line': b'-- Installing: /ros2/a_mid_test/ros2/install/comp_topic_rclcpp/lib/libcomp_topic_rclcpp__rosidl_typesupport_introspection_c.so\n'}
[15.194697] (comp_topic_rclcpp) StdoutLine: {'line': b'-- Set runtime path of "/ros2/a_mid_test/ros2/install/comp_topic_rclcpp/lib/libcomp_topic_rclcpp__rosidl_typesupport_introspection_c.so" to ""\n'}
[15.194823] (comp_topic_rclcpp) StdoutLine: {'line': b'-- Installing: /ros2/a_mid_test/ros2/install/comp_topic_rclcpp/lib/libcomp_topic_rclcpp__rosidl_typesupport_c.so\n'}
[15.195078] (comp_topic_rclcpp) StdoutLine: {'line': b'-- Set runtime path of "/ros2/a_mid_test/ros2/install/comp_topic_rclcpp/lib/libcomp_topic_rclcpp__rosidl_typesupport_c.so" to ""\n'}
[15.195141] (comp_topic_rclcpp) StdoutLine: {'line': b'-- Up-to-date: /ros2/a_mid_test/ros2/install/comp_topic_rclcpp/include/comp_topic_rclcpp/comp_topic_rclcpp\n'}
[15.195211] (comp_topic_rclcpp) StdoutLine: {'line': b'-- Up-to-date: /ros2/a_mid_test/ros2/install/comp_topic_rclcpp/include/comp_topic_rclcpp/comp_topic_rclcpp/msg\n'}
[15.195270] (comp_topic_rclcpp) StdoutLine: {'line': b'-- Up-to-date: /ros2/a_mid_test/ros2/install/comp_topic_rclcpp/include/comp_topic_rclcpp/comp_topic_rclcpp/msg/detail\n'}
[15.195318] (comp_topic_rclcpp) StdoutLine: {'line': b'-- Installing: /ros2/a_mid_test/ros2/install/comp_topic_rclcpp/include/comp_topic_rclcpp/comp_topic_rclcpp/msg/detail/tracker_result__rosidl_typesupport_introspection_cpp.hpp\n'}
[15.195380] (comp_topic_rclcpp) StdoutLine: {'line': b'-- Installing: /ros2/a_mid_test/ros2/install/comp_topic_rclcpp/include/comp_topic_rclcpp/comp_topic_rclcpp/msg/detail/lane_result__rosidl_typesupport_introspection_cpp.hpp\n'}
[15.195461] (comp_topic_rclcpp) StdoutLine: {'line': b'-- Installing: /ros2/a_mid_test/ros2/install/comp_topic_rclcpp/include/comp_topic_rclcpp/comp_topic_rclcpp/msg/detail/yolo_result__rosidl_typesupport_introspection_cpp.hpp\n'}
[15.195572] (comp_topic_rclcpp) StdoutLine: {'line': b'-- Installing: /ros2/a_mid_test/ros2/install/comp_topic_rclcpp/include/comp_topic_rclcpp/comp_topic_rclcpp/msg/detail/lane_result__type_support.cpp\n'}
[15.195685] (comp_topic_rclcpp) StdoutLine: {'line': b'-- Installing: /ros2/a_mid_test/ros2/install/comp_topic_rclcpp/include/comp_topic_rclcpp/comp_topic_rclcpp/msg/detail/point_detect__type_support.cpp\n'}
[15.195797] (comp_topic_rclcpp) StdoutLine: {'line': b'-- Installing: /ros2/a_mid_test/ros2/install/comp_topic_rclcpp/include/comp_topic_rclcpp/comp_topic_rclcpp/msg/detail/yolo_result__type_support.cpp\n'}
[15.195910] (comp_topic_rclcpp) StdoutLine: {'line': b'-- Installing: /ros2/a_mid_test/ros2/install/comp_topic_rclcpp/include/comp_topic_rclcpp/comp_topic_rclcpp/msg/detail/yolo_piece__rosidl_typesupport_introspection_cpp.hpp\n'}
[15.196022] (comp_topic_rclcpp) StdoutLine: {'line': b'-- Installing: /ros2/a_mid_test/ros2/install/comp_topic_rclcpp/include/comp_topic_rclcpp/comp_topic_rclcpp/msg/detail/point_detect__rosidl_typesupport_introspection_cpp.hpp\n'}
[15.196133] (comp_topic_rclcpp) StdoutLine: {'line': b'-- Installing: /ros2/a_mid_test/ros2/install/comp_topic_rclcpp/include/comp_topic_rclcpp/comp_topic_rclcpp/msg/detail/tracker_result__type_support.cpp\n'}
[15.196252] (comp_topic_rclcpp) StdoutLine: {'line': b'-- Installing: /ros2/a_mid_test/ros2/install/comp_topic_rclcpp/include/comp_topic_rclcpp/comp_topic_rclcpp/msg/detail/yolo_piece__type_support.cpp\n'}
[15.196492] (comp_topic_rclcpp) StdoutLine: {'line': b'-- Installing: /ros2/a_mid_test/ros2/install/comp_topic_rclcpp/lib/libcomp_topic_rclcpp__rosidl_typesupport_introspection_cpp.so\n'}
[15.196855] (comp_topic_rclcpp) StdoutLine: {'line': b'-- Set runtime path of "/ros2/a_mid_test/ros2/install/comp_topic_rclcpp/lib/libcomp_topic_rclcpp__rosidl_typesupport_introspection_cpp.so" to ""\n'}
[15.196986] (comp_topic_rclcpp) StdoutLine: {'line': b'-- Installing: /ros2/a_mid_test/ros2/install/comp_topic_rclcpp/lib/libcomp_topic_rclcpp__rosidl_typesupport_cpp.so\n'}
[15.197253] (comp_topic_rclcpp) StdoutLine: {'line': b'-- Set runtime path of "/ros2/a_mid_test/ros2/install/comp_topic_rclcpp/lib/libcomp_topic_rclcpp__rosidl_typesupport_cpp.so" to ""\n'}
[15.197315] (comp_topic_rclcpp) StdoutLine: {'line': b'-- Up-to-date: /ros2/a_mid_test/ros2/install/comp_topic_rclcpp/share/comp_topic_rclcpp/environment/pythonpath.sh\n'}
[15.197384] (comp_topic_rclcpp) StdoutLine: {'line': b'-- Installing: /ros2/a_mid_test/ros2/install/comp_topic_rclcpp/share/comp_topic_rclcpp/environment/pythonpath.dsv\n'}
[15.197476] (comp_topic_rclcpp) StdoutLine: {'line': b'-- Up-to-date: /ros2/a_mid_test/ros2/install/comp_topic_rclcpp/local/lib/python3.10/dist-packages/comp_topic_rclcpp-0.0.0-py3.10.egg-info\n'}
[15.197537] (comp_topic_rclcpp) StdoutLine: {'line': b'-- Installing: /ros2/a_mid_test/ros2/install/comp_topic_rclcpp/local/lib/python3.10/dist-packages/comp_topic_rclcpp-0.0.0-py3.10.egg-info/top_level.txt\n'}
[15.197625] (comp_topic_rclcpp) StdoutLine: {'line': b'-- Installing: /ros2/a_mid_test/ros2/install/comp_topic_rclcpp/local/lib/python3.10/dist-packages/comp_topic_rclcpp-0.0.0-py3.10.egg-info/PKG-INFO\n'}
[15.197727] (comp_topic_rclcpp) StdoutLine: {'line': b'-- Installing: /ros2/a_mid_test/ros2/install/comp_topic_rclcpp/local/lib/python3.10/dist-packages/comp_topic_rclcpp-0.0.0-py3.10.egg-info/dependency_links.txt\n'}
[15.197834] (comp_topic_rclcpp) StdoutLine: {'line': b'-- Installing: /ros2/a_mid_test/ros2/install/comp_topic_rclcpp/local/lib/python3.10/dist-packages/comp_topic_rclcpp-0.0.0-py3.10.egg-info/SOURCES.txt\n'}
[15.197970] (comp_topic_rclcpp) StdoutLine: {'line': b'-- Up-to-date: /ros2/a_mid_test/ros2/install/comp_topic_rclcpp/local/lib/python3.10/dist-packages/comp_topic_rclcpp\n'}
[15.198036] (comp_topic_rclcpp) StdoutLine: {'line': b'-- Installing: /ros2/a_mid_test/ros2/install/comp_topic_rclcpp/local/lib/python3.10/dist-packages/comp_topic_rclcpp/libcomp_topic_rclcpp__rosidl_generator_py.so\n'}
[15.198179] (comp_topic_rclcpp) StdoutLine: {'line': b'-- Installing: /ros2/a_mid_test/ros2/install/comp_topic_rclcpp/local/lib/python3.10/dist-packages/comp_topic_rclcpp/_comp_topic_rclcpp_s.ep.rosidl_typesupport_fastrtps_c.c\n'}
[15.198311] (comp_topic_rclcpp) StdoutLine: {'line': b'-- Installing: /ros2/a_mid_test/ros2/install/comp_topic_rclcpp/local/lib/python3.10/dist-packages/comp_topic_rclcpp/comp_topic_rclcpp_s__rosidl_typesupport_fastrtps_c.cpython-310-x86_64-linux-gnu.so\n'}
[15.198453] (comp_topic_rclcpp) StdoutLine: {'line': b'-- Installing: /ros2/a_mid_test/ros2/install/comp_topic_rclcpp/local/lib/python3.10/dist-packages/comp_topic_rclcpp/_comp_topic_rclcpp_s.ep.rosidl_typesupport_introspection_c.c\n'}
[15.198581] (comp_topic_rclcpp) StdoutLine: {'line': b'-- Installing: /ros2/a_mid_test/ros2/install/comp_topic_rclcpp/local/lib/python3.10/dist-packages/comp_topic_rclcpp/__init__.py\n'}
[15.198673] (comp_topic_rclcpp) StdoutLine: {'line': b'-- Installing: /ros2/a_mid_test/ros2/install/comp_topic_rclcpp/local/lib/python3.10/dist-packages/comp_topic_rclcpp/comp_topic_rclcpp_s__rosidl_typesupport_c.cpython-310-x86_64-linux-gnu.so\n'}
[15.198800] (comp_topic_rclcpp) StdoutLine: {'line': b'-- Up-to-date: /ros2/a_mid_test/ros2/install/comp_topic_rclcpp/local/lib/python3.10/dist-packages/comp_topic_rclcpp/msg\n'}
[15.198864] (comp_topic_rclcpp) StdoutLine: {'line': b'-- Installing: /ros2/a_mid_test/ros2/install/comp_topic_rclcpp/local/lib/python3.10/dist-packages/comp_topic_rclcpp/msg/__init__.py\n'}
[15.198952] (comp_topic_rclcpp) StdoutLine: {'line': b'-- Installing: /ros2/a_mid_test/ros2/install/comp_topic_rclcpp/local/lib/python3.10/dist-packages/comp_topic_rclcpp/msg/_yolo_result_s.c\n'}
[15.199060] (comp_topic_rclcpp) StdoutLine: {'line': b'-- Installing: /ros2/a_mid_test/ros2/install/comp_topic_rclcpp/local/lib/python3.10/dist-packages/comp_topic_rclcpp/msg/_tracker_result.py\n'}
[15.199177] (comp_topic_rclcpp) StdoutLine: {'line': b'-- Installing: /ros2/a_mid_test/ros2/install/comp_topic_rclcpp/local/lib/python3.10/dist-packages/comp_topic_rclcpp/msg/_tracker_result_s.c\n'}
[15.199298] (comp_topic_rclcpp) StdoutLine: {'line': b'-- Installing: /ros2/a_mid_test/ros2/install/comp_topic_rclcpp/local/lib/python3.10/dist-packages/comp_topic_rclcpp/msg/_lane_result.py\n'}
[15.199408] (comp_topic_rclcpp) StdoutLine: {'line': b'-- Installing: /ros2/a_mid_test/ros2/install/comp_topic_rclcpp/local/lib/python3.10/dist-packages/comp_topic_rclcpp/msg/_yolo_piece_s.c\n'}
[15.199515] (comp_topic_rclcpp) StdoutLine: {'line': b'-- Installing: /ros2/a_mid_test/ros2/install/comp_topic_rclcpp/local/lib/python3.10/dist-packages/comp_topic_rclcpp/msg/_yolo_result.py\n'}
[15.199625] (comp_topic_rclcpp) StdoutLine: {'line': b'-- Installing: /ros2/a_mid_test/ros2/install/comp_topic_rclcpp/local/lib/python3.10/dist-packages/comp_topic_rclcpp/msg/_point_detect_s.c\n'}
[15.199731] (comp_topic_rclcpp) StdoutLine: {'line': b'-- Installing: /ros2/a_mid_test/ros2/install/comp_topic_rclcpp/local/lib/python3.10/dist-packages/comp_topic_rclcpp/msg/_yolo_piece.py\n'}
[15.199841] (comp_topic_rclcpp) StdoutLine: {'line': b'-- Installing: /ros2/a_mid_test/ros2/install/comp_topic_rclcpp/local/lib/python3.10/dist-packages/comp_topic_rclcpp/msg/_lane_result_s.c\n'}
[15.199951] (comp_topic_rclcpp) StdoutLine: {'line': b'-- Installing: /ros2/a_mid_test/ros2/install/comp_topic_rclcpp/local/lib/python3.10/dist-packages/comp_topic_rclcpp/msg/_point_detect.py\n'}
[15.200063] (comp_topic_rclcpp) StdoutLine: {'line': b'-- Installing: /ros2/a_mid_test/ros2/install/comp_topic_rclcpp/local/lib/python3.10/dist-packages/comp_topic_rclcpp/comp_topic_rclcpp_s__rosidl_typesupport_introspection_c.cpython-310-x86_64-linux-gnu.so\n'}
[15.200199] (comp_topic_rclcpp) StdoutLine: {'line': b'-- Installing: /ros2/a_mid_test/ros2/install/comp_topic_rclcpp/local/lib/python3.10/dist-packages/comp_topic_rclcpp/_comp_topic_rclcpp_s.ep.rosidl_typesupport_c.c\n'}
[15.226230] (comp_topic_rclcpp) StdoutLine: {'line': b"Listing '/ros2/a_mid_test/ros2/install/comp_topic_rclcpp/local/lib/python3.10/dist-packages/comp_topic_rclcpp'...\n"}
[15.226369] (comp_topic_rclcpp) StdoutLine: {'line': b"Compiling '/ros2/a_mid_test/ros2/install/comp_topic_rclcpp/local/lib/python3.10/dist-packages/comp_topic_rclcpp/__init__.py'...\n"}
[15.226457] (comp_topic_rclcpp) StdoutLine: {'line': b"Listing '/ros2/a_mid_test/ros2/install/comp_topic_rclcpp/local/lib/python3.10/dist-packages/comp_topic_rclcpp/msg'...\n"}
[15.226541] (comp_topic_rclcpp) StdoutLine: {'line': b"Compiling '/ros2/a_mid_test/ros2/install/comp_topic_rclcpp/local/lib/python3.10/dist-packages/comp_topic_rclcpp/msg/__init__.py'...\n"}
[15.226623] (comp_topic_rclcpp) StdoutLine: {'line': b"Compiling '/ros2/a_mid_test/ros2/install/comp_topic_rclcpp/local/lib/python3.10/dist-packages/comp_topic_rclcpp/msg/_lane_result.py'...\n"}
[15.226709] (comp_topic_rclcpp) StdoutLine: {'line': b"Compiling '/ros2/a_mid_test/ros2/install/comp_topic_rclcpp/local/lib/python3.10/dist-packages/comp_topic_rclcpp/msg/_point_detect.py'...\n"}
[15.226792] (comp_topic_rclcpp) StdoutLine: {'line': b"Compiling '/ros2/a_mid_test/ros2/install/comp_topic_rclcpp/local/lib/python3.10/dist-packages/comp_topic_rclcpp/msg/_tracker_result.py'...\n"}
[15.226878] (comp_topic_rclcpp) StdoutLine: {'line': b"Compiling '/ros2/a_mid_test/ros2/install/comp_topic_rclcpp/local/lib/python3.10/dist-packages/comp_topic_rclcpp/msg/_yolo_piece.py'...\n"}
[15.226958] (comp_topic_rclcpp) StdoutLine: {'line': b"Compiling '/ros2/a_mid_test/ros2/install/comp_topic_rclcpp/local/lib/python3.10/dist-packages/comp_topic_rclcpp/msg/_yolo_result.py'...\n"}
[15.229196] (comp_topic_rclcpp) StdoutLine: {'line': b'-- Installing: /ros2/a_mid_test/ros2/install/comp_topic_rclcpp/local/lib/python3.10/dist-packages/comp_topic_rclcpp/comp_topic_rclcpp_s__rosidl_typesupport_fastrtps_c.cpython-310-x86_64-linux-gnu.so\n'}
[15.229535] (comp_topic_rclcpp) StdoutLine: {'line': b'-- Set runtime path of "/ros2/a_mid_test/ros2/install/comp_topic_rclcpp/local/lib/python3.10/dist-packages/comp_topic_rclcpp/comp_topic_rclcpp_s__rosidl_typesupport_fastrtps_c.cpython-310-x86_64-linux-gnu.so" to ""\n'}
[15.229699] (comp_topic_rclcpp) StdoutLine: {'line': b'-- Installing: /ros2/a_mid_test/ros2/install/comp_topic_rclcpp/local/lib/python3.10/dist-packages/comp_topic_rclcpp/comp_topic_rclcpp_s__rosidl_typesupport_introspection_c.cpython-310-x86_64-linux-gnu.so\n'}
[15.229982] (comp_topic_rclcpp) StdoutLine: {'line': b'-- Set runtime path of "/ros2/a_mid_test/ros2/install/comp_topic_rclcpp/local/lib/python3.10/dist-packages/comp_topic_rclcpp/comp_topic_rclcpp_s__rosidl_typesupport_introspection_c.cpython-310-x86_64-linux-gnu.so" to ""\n'}
[15.230140] (comp_topic_rclcpp) StdoutLine: {'line': b'-- Installing: /ros2/a_mid_test/ros2/install/comp_topic_rclcpp/local/lib/python3.10/dist-packages/comp_topic_rclcpp/comp_topic_rclcpp_s__rosidl_typesupport_c.cpython-310-x86_64-linux-gnu.so\n'}
[15.230420] (comp_topic_rclcpp) StdoutLine: {'line': b'-- Set runtime path of "/ros2/a_mid_test/ros2/install/comp_topic_rclcpp/local/lib/python3.10/dist-packages/comp_topic_rclcpp/comp_topic_rclcpp_s__rosidl_typesupport_c.cpython-310-x86_64-linux-gnu.so" to ""\n'}
[15.230559] (comp_topic_rclcpp) StdoutLine: {'line': b'-- Installing: /ros2/a_mid_test/ros2/install/comp_topic_rclcpp/lib/libcomp_topic_rclcpp__rosidl_generator_py.so\n'}
[15.230890] (comp_topic_rclcpp) StdoutLine: {'line': b'-- Set runtime path of "/ros2/a_mid_test/ros2/install/comp_topic_rclcpp/lib/libcomp_topic_rclcpp__rosidl_generator_py.so" to ""\n'}
[15.231067] (comp_topic_rclcpp) StdoutLine: {'line': b'-- Up-to-date: /ros2/a_mid_test/ros2/install/comp_topic_rclcpp/share/comp_topic_rclcpp/msg/YoloPiece.idl\n'}
[15.231156] (comp_topic_rclcpp) StdoutLine: {'line': b'-- Up-to-date: /ros2/a_mid_test/ros2/install/comp_topic_rclcpp/share/comp_topic_rclcpp/msg/YoloResult.idl\n'}
[15.231230] (comp_topic_rclcpp) StdoutLine: {'line': b'-- Up-to-date: /ros2/a_mid_test/ros2/install/comp_topic_rclcpp/share/comp_topic_rclcpp/msg/TrackerResult.idl\n'}
[15.231295] (comp_topic_rclcpp) StdoutLine: {'line': b'-- Up-to-date: /ros2/a_mid_test/ros2/install/comp_topic_rclcpp/share/comp_topic_rclcpp/msg/LaneResult.idl\n'}
[15.231355] (comp_topic_rclcpp) StdoutLine: {'line': b'-- Up-to-date: /ros2/a_mid_test/ros2/install/comp_topic_rclcpp/share/comp_topic_rclcpp/msg/PointDetect.idl\n'}
[15.231402] (comp_topic_rclcpp) StdoutLine: {'line': b'-- Up-to-date: /ros2/a_mid_test/ros2/install/comp_topic_rclcpp/share/comp_topic_rclcpp/msg/YoloPiece.msg\n'}
[15.231462] (comp_topic_rclcpp) StdoutLine: {'line': b'-- Up-to-date: /ros2/a_mid_test/ros2/install/comp_topic_rclcpp/share/comp_topic_rclcpp/msg/YoloResult.msg\n'}
[15.231509] (comp_topic_rclcpp) StdoutLine: {'line': b'-- Up-to-date: /ros2/a_mid_test/ros2/install/comp_topic_rclcpp/share/comp_topic_rclcpp/msg/TrackerResult.msg\n'}
[15.231556] (comp_topic_rclcpp) StdoutLine: {'line': b'-- Up-to-date: /ros2/a_mid_test/ros2/install/comp_topic_rclcpp/share/comp_topic_rclcpp/msg/LaneResult.msg\n'}
[15.231602] (comp_topic_rclcpp) StdoutLine: {'line': b'-- Up-to-date: /ros2/a_mid_test/ros2/install/comp_topic_rclcpp/share/comp_topic_rclcpp/msg/PointDetect.msg\n'}
[15.231649] (comp_topic_rclcpp) StdoutLine: {'line': b'-- Installing: /ros2/a_mid_test/ros2/install/comp_topic_rclcpp/lib/comp_topic_rclcpp/CameraTimer\n'}
[15.232549] (comp_topic_rclcpp) StdoutLine: {'line': b'-- Set runtime path of "/ros2/a_mid_test/ros2/install/comp_topic_rclcpp/lib/comp_topic_rclcpp/CameraTimer" to ""\n'}
[15.232690] (comp_topic_rclcpp) StdoutLine: {'line': b'-- Installing: /ros2/a_mid_test/ros2/install/comp_topic_rclcpp/lib/comp_topic_rclcpp/Final\n'}
[15.237655] (-) TimerEvent: {}
[15.239808] (comp_topic_rclcpp) StdoutLine: {'line': b'-- Set runtime path of "/ros2/a_mid_test/ros2/install/comp_topic_rclcpp/lib/comp_topic_rclcpp/Final" to ""\n'}
[15.239960] (comp_topic_rclcpp) StdoutLine: {'line': b'-- Installing: /ros2/a_mid_test/ros2/install/comp_topic_rclcpp/lib/comp_topic_rclcpp/Tracker\n'}
[15.245350] (comp_topic_rclcpp) StdoutLine: {'line': b'-- Set runtime path of "/ros2/a_mid_test/ros2/install/comp_topic_rclcpp/lib/comp_topic_rclcpp/Tracker" to ""\n'}
[15.245489] (comp_topic_rclcpp) StdoutLine: {'line': b'-- Installing: /ros2/a_mid_test/ros2/install/comp_topic_rclcpp/lib/comp_topic_rclcpp/Lane\n'}
[15.248945] (comp_topic_rclcpp) StdoutLine: {'line': b'-- Set runtime path of "/ros2/a_mid_test/ros2/install/comp_topic_rclcpp/lib/comp_topic_rclcpp/Lane" to ""\n'}
[15.249034] (comp_topic_rclcpp) StdoutLine: {'line': b'-- Installing: /ros2/a_mid_test/ros2/install/comp_topic_rclcpp/lib/comp_topic_rclcpp/Yolo\n'}
[15.252603] (comp_topic_rclcpp) StdoutLine: {'line': b'-- Up-to-date: /ros2/a_mid_test/ros2/install/comp_topic_rclcpp/share/ament_index/resource_index/package_run_dependencies/comp_topic_rclcpp\n'}
[15.252710] (comp_topic_rclcpp) StdoutLine: {'line': b'-- Up-to-date: /ros2/a_mid_test/ros2/install/comp_topic_rclcpp/share/ament_index/resource_index/parent_prefix_path/comp_topic_rclcpp\n'}
[15.252839] (comp_topic_rclcpp) StdoutLine: {'line': b'-- Up-to-date: /ros2/a_mid_test/ros2/install/comp_topic_rclcpp/share/comp_topic_rclcpp/environment/ament_prefix_path.sh\n'}
[15.252933] (comp_topic_rclcpp) StdoutLine: {'line': b'-- Installing: /ros2/a_mid_test/ros2/install/comp_topic_rclcpp/share/comp_topic_rclcpp/environment/ament_prefix_path.dsv\n'}
[15.252989] (comp_topic_rclcpp) StdoutLine: {'line': b'-- Up-to-date: /ros2/a_mid_test/ros2/install/comp_topic_rclcpp/share/comp_topic_rclcpp/environment/path.sh\n'}
[15.253055] (comp_topic_rclcpp) StdoutLine: {'line': b'-- Installing: /ros2/a_mid_test/ros2/install/comp_topic_rclcpp/share/comp_topic_rclcpp/environment/path.dsv\n'}
[15.253111] (comp_topic_rclcpp) StdoutLine: {'line': b'-- Up-to-date: /ros2/a_mid_test/ros2/install/comp_topic_rclcpp/share/comp_topic_rclcpp/local_setup.bash\n'}
[15.253159] (comp_topic_rclcpp) StdoutLine: {'line': b'-- Installing: /ros2/a_mid_test/ros2/install/comp_topic_rclcpp/share/comp_topic_rclcpp/local_setup.sh\n'}
[15.253219] (comp_topic_rclcpp) StdoutLine: {'line': b'-- Up-to-date: /ros2/a_mid_test/ros2/install/comp_topic_rclcpp/share/comp_topic_rclcpp/local_setup.zsh\n'}
[15.253278] (comp_topic_rclcpp) StdoutLine: {'line': b'-- Installing: /ros2/a_mid_test/ros2/install/comp_topic_rclcpp/share/comp_topic_rclcpp/local_setup.dsv\n'}
[15.253355] (comp_topic_rclcpp) StdoutLine: {'line': b'-- Installing: /ros2/a_mid_test/ros2/install/comp_topic_rclcpp/share/comp_topic_rclcpp/package.dsv\n'}
[15.253509] (comp_topic_rclcpp) StdoutLine: {'line': b'-- Up-to-date: /ros2/a_mid_test/ros2/install/comp_topic_rclcpp/share/ament_index/resource_index/packages/comp_topic_rclcpp\n'}
[15.253604] (comp_topic_rclcpp) StdoutLine: {'line': b'-- Up-to-date: /ros2/a_mid_test/ros2/install/comp_topic_rclcpp/share/comp_topic_rclcpp/cmake/export_comp_topic_rclcpp__rosidl_generator_cExport.cmake\n'}
[15.253667] (comp_topic_rclcpp) StdoutLine: {'line': b'-- Up-to-date: /ros2/a_mid_test/ros2/install/comp_topic_rclcpp/share/comp_topic_rclcpp/cmake/export_comp_topic_rclcpp__rosidl_generator_cExport-noconfig.cmake\n'}
[15.253727] (comp_topic_rclcpp) StdoutLine: {'line': b'-- Up-to-date: /ros2/a_mid_test/ros2/install/comp_topic_rclcpp/share/comp_topic_rclcpp/cmake/export_comp_topic_rclcpp__rosidl_typesupport_fastrtps_cExport.cmake\n'}
[15.253788] (comp_topic_rclcpp) StdoutLine: {'line': b'-- Up-to-date: /ros2/a_mid_test/ros2/install/comp_topic_rclcpp/share/comp_topic_rclcpp/cmake/export_comp_topic_rclcpp__rosidl_typesupport_fastrtps_cExport-noconfig.cmake\n'}
[15.253846] (comp_topic_rclcpp) StdoutLine: {'line': b'-- Up-to-date: /ros2/a_mid_test/ros2/install/comp_topic_rclcpp/share/comp_topic_rclcpp/cmake/export_comp_topic_rclcpp__rosidl_generator_cppExport.cmake\n'}
[15.253934] (comp_topic_rclcpp) StdoutLine: {'line': b'-- Up-to-date: /ros2/a_mid_test/ros2/install/comp_topic_rclcpp/share/comp_topic_rclcpp/cmake/export_comp_topic_rclcpp__rosidl_typesupport_fastrtps_cppExport.cmake\n'}
[15.253998] (comp_topic_rclcpp) StdoutLine: {'line': b'-- Up-to-date: /ros2/a_mid_test/ros2/install/comp_topic_rclcpp/share/comp_topic_rclcpp/cmake/export_comp_topic_rclcpp__rosidl_typesupport_fastrtps_cppExport-noconfig.cmake\n'}
[15.254069] (comp_topic_rclcpp) StdoutLine: {'line': b'-- Up-to-date: /ros2/a_mid_test/ros2/install/comp_topic_rclcpp/share/comp_topic_rclcpp/cmake/comp_topic_rclcpp__rosidl_typesupport_introspection_cExport.cmake\n'}
[15.254129] (comp_topic_rclcpp) StdoutLine: {'line': b'-- Up-to-date: /ros2/a_mid_test/ros2/install/comp_topic_rclcpp/share/comp_topic_rclcpp/cmake/comp_topic_rclcpp__rosidl_typesupport_introspection_cExport-noconfig.cmake\n'}
[15.254199] (comp_topic_rclcpp) StdoutLine: {'line': b'-- Up-to-date: /ros2/a_mid_test/ros2/install/comp_topic_rclcpp/share/comp_topic_rclcpp/cmake/comp_topic_rclcpp__rosidl_typesupport_cExport.cmake\n'}
[15.254260] (comp_topic_rclcpp) StdoutLine: {'line': b'-- Up-to-date: /ros2/a_mid_test/ros2/install/comp_topic_rclcpp/share/comp_topic_rclcpp/cmake/comp_topic_rclcpp__rosidl_typesupport_cExport-noconfig.cmake\n'}
[15.254334] (comp_topic_rclcpp) StdoutLine: {'line': b'-- Up-to-date: /ros2/a_mid_test/ros2/install/comp_topic_rclcpp/share/comp_topic_rclcpp/cmake/comp_topic_rclcpp__rosidl_typesupport_introspection_cppExport.cmake\n'}
[15.254393] (comp_topic_rclcpp) StdoutLine: {'line': b'-- Up-to-date: /ros2/a_mid_test/ros2/install/comp_topic_rclcpp/share/comp_topic_rclcpp/cmake/comp_topic_rclcpp__rosidl_typesupport_introspection_cppExport-noconfig.cmake\n'}
[15.254470] (comp_topic_rclcpp) StdoutLine: {'line': b'-- Up-to-date: /ros2/a_mid_test/ros2/install/comp_topic_rclcpp/share/comp_topic_rclcpp/cmake/comp_topic_rclcpp__rosidl_typesupport_cppExport.cmake\n'}
[15.254541] (comp_topic_rclcpp) StdoutLine: {'line': b'-- Up-to-date: /ros2/a_mid_test/ros2/install/comp_topic_rclcpp/share/comp_topic_rclcpp/cmake/comp_topic_rclcpp__rosidl_typesupport_cppExport-noconfig.cmake\n'}
[15.254604] (comp_topic_rclcpp) StdoutLine: {'line': b'-- Up-to-date: /ros2/a_mid_test/ros2/install/comp_topic_rclcpp/share/comp_topic_rclcpp/cmake/export_comp_topic_rclcpp__rosidl_generator_pyExport.cmake\n'}
[15.254666] (comp_topic_rclcpp) StdoutLine: {'line': b'-- Up-to-date: /ros2/a_mid_test/ros2/install/comp_topic_rclcpp/share/comp_topic_rclcpp/cmake/export_comp_topic_rclcpp__rosidl_generator_pyExport-noconfig.cmake\n'}
[15.254732] (comp_topic_rclcpp) StdoutLine: {'line': b'-- Up-to-date: /ros2/a_mid_test/ros2/install/comp_topic_rclcpp/share/comp_topic_rclcpp/cmake/rosidl_cmake-extras.cmake\n'}
[15.254794] (comp_topic_rclcpp) StdoutLine: {'line': b'-- Up-to-date: /ros2/a_mid_test/ros2/install/comp_topic_rclcpp/share/comp_topic_rclcpp/cmake/ament_cmake_export_dependencies-extras.cmake\n'}
[15.254853] (comp_topic_rclcpp) StdoutLine: {'line': b'-- Up-to-date: /ros2/a_mid_test/ros2/install/comp_topic_rclcpp/share/comp_topic_rclcpp/cmake/ament_cmake_export_include_directories-extras.cmake\n'}
[15.254918] (comp_topic_rclcpp) StdoutLine: {'line': b'-- Up-to-date: /ros2/a_mid_test/ros2/install/comp_topic_rclcpp/share/comp_topic_rclcpp/cmake/ament_cmake_export_libraries-extras.cmake\n'}
[15.254980] (comp_topic_rclcpp) StdoutLine: {'line': b'-- Up-to-date: /ros2/a_mid_test/ros2/install/comp_topic_rclcpp/share/comp_topic_rclcpp/cmake/ament_cmake_export_targets-extras.cmake\n'}
[15.255050] (comp_topic_rclcpp) StdoutLine: {'line': b'-- Up-to-date: /ros2/a_mid_test/ros2/install/comp_topic_rclcpp/share/comp_topic_rclcpp/cmake/rosidl_cmake_export_typesupport_targets-extras.cmake\n'}
[15.255099] (comp_topic_rclcpp) StdoutLine: {'line': b'-- Up-to-date: /ros2/a_mid_test/ros2/install/comp_topic_rclcpp/share/comp_topic_rclcpp/cmake/rosidl_cmake_export_typesupport_libraries-extras.cmake\n'}
[15.255145] (comp_topic_rclcpp) StdoutLine: {'line': b'-- Up-to-date: /ros2/a_mid_test/ros2/install/comp_topic_rclcpp/share/comp_topic_rclcpp/cmake/comp_topic_rclcppConfig.cmake\n'}
[15.255191] (comp_topic_rclcpp) StdoutLine: {'line': b'-- Up-to-date: /ros2/a_mid_test/ros2/install/comp_topic_rclcpp/share/comp_topic_rclcpp/cmake/comp_topic_rclcppConfig-version.cmake\n'}
[15.255240] (comp_topic_rclcpp) StdoutLine: {'line': b'-- Up-to-date: /ros2/a_mid_test/ros2/install/comp_topic_rclcpp/share/comp_topic_rclcpp/package.xml\n'}
[15.256705] (comp_topic_rclcpp) CommandEnded: {'returncode': 0}
[15.338202] (-) TimerEvent: {}
[15.345771] (comp_topic_rclcpp) JobEnded: {'identifier': 'comp_topic_rclcpp', 'rc': 0}
[15.346237] (-) EventReactorShutdown: {}
