[0.009s] Invoking command in '/ros2/a_mid_test/ros2/build/comp_topic_rclcpp': CMAKE_PREFIX_PATH=/opt/ros/humble /usr/bin/cmake --build /ros2/a_mid_test/ros2/build/comp_topic_rclcpp -- -j20 -l20
[0.026s] -- Found ament_cmake: 1.3.2 (/opt/ros/humble/share/ament_cmake/cmake)
[0.122s] -- Found rclcpp: 16.0.1 (/opt/ros/humble/share/rclcpp/cmake)
[0.144s] -- Found rosidl_generator_c: 3.1.3 (/opt/ros/humble/share/rosidl_generator_c/cmake)
[0.146s] -- Found rosidl_adapter: 3.1.3 (/opt/ros/humble/share/rosidl_adapter/cmake)
[0.150s] -- Found rosidl_generator_cpp: 3.1.3 (/opt/ros/humble/share/rosidl_generator_cpp/cmake)
[0.158s] -- Using all available rosidl_typesupport_c: rosidl_typesupport_fastrtps_c;rosidl_typesupport_introspection_c
[0.170s] -- Using all available rosidl_typesupport_cpp: rosidl_typesupport_fastrtps_cpp;rosidl_typesupport_introspection_cpp
[0.214s] -- Found rmw_implementation_cmake: 6.1.0 (/opt/ros/humble/share/rmw_implementation_cmake/cmake)
[0.215s] -- Found rmw_fastrtps_cpp: 6.2.1 (/opt/ros/humble/share/rmw_fastrtps_cpp/cmake)
[0.293s] -- Using RMW implementation 'rmw_fastrtps_cpp' as default
[0.412s] -- Found sensor_msgs: 4.2.2 (/opt/ros/humble/share/sensor_msgs/cmake)
[0.507s] -- Found rosidl_default_generators: 1.2.0 (/opt/ros/humble/share/rosidl_default_generators/cmake)
[0.699s] -- Found ament_cmake_ros: 0.10.0 (/opt/ros/humble/share/ament_cmake_ros/cmake)
[0.934s] -- Using all available rosidl_typesupport_c: rosidl_typesupport_fastrtps_c;rosidl_typesupport_introspection_c
[1.026s] -- Using all available rosidl_typesupport_cpp: rosidl_typesupport_fastrtps_cpp;rosidl_typesupport_introspection_cpp
[1.041s] -- Found python_cmake_module: 0.10.0 (/opt/ros/humble/share/python_cmake_module/cmake)
[1.058s] -- Using PYTHON_EXECUTABLE: /usr/bin/python3
[1.058s] -- Using PYTHON_INCLUDE_DIRS: /usr/include/python3.10
[1.058s] -- Using PYTHON_LIBRARIES: /usr/lib/x86_64-linux-gnu/libpython3.10.so
[1.086s] -- Found ament_lint_auto: 0.12.4 (/opt/ros/humble/share/ament_lint_auto/cmake)
[1.097s] -- Added test 'cppcheck' to perform static code analysis on C / C++ code
[1.098s] -- Configured cppcheck include dirs: /ros2/a_mid_test/ros2/src/comp_topic_rclcpp/include
[1.098s] -- Configured cppcheck exclude dirs and/or files: 
[1.100s] -- Added test 'lint_cmake' to check CMake code style
[1.105s] -- Added test 'uncrustify' to check C / C++ code style
[1.105s] -- Configured uncrustify additional arguments: 
[1.105s] -- Added test 'xmllint' to check XML markup files
[1.107s] -- Configuring done
[1.154s] -- Generating done
[1.158s] -- Build files have been written to: /ros2/a_mid_test/ros2/build/comp_topic_rclcpp
[1.174s] [  1%] [34m[1mGenerating C code for ROS interfaces[0m
[1.175s] [35m[1mConsolidate compiler generated dependencies of target CameraTimer[0m
[1.180s] [  2%] [34m[1mGenerating C++ code for ROS interfaces[0m
[1.185s] [  2%] Built target ament_cmake_python_copy_comp_topic_rclcpp
[1.188s] [  4%] [32mBuilding CXX object CMakeFiles/CameraTimer.dir/src/CameraTimer.cpp.o[0m
[1.361s] running egg_info
[1.361s] writing comp_topic_rclcpp.egg-info/PKG-INFO
[1.361s] writing dependency_links to comp_topic_rclcpp.egg-info/dependency_links.txt
[1.361s] writing top-level names to comp_topic_rclcpp.egg-info/top_level.txt
[1.363s] reading manifest file 'comp_topic_rclcpp.egg-info/SOURCES.txt'
[1.363s] writing manifest file 'comp_topic_rclcpp.egg-info/SOURCES.txt'
[1.382s] [  4%] Built target ament_cmake_python_build_comp_topic_rclcpp_egg
[1.567s] [  4%] Built target comp_topic_rclcpp__cpp
[1.572s] [  8%] [34m[1mGenerating C++ type support dispatch for ROS interfaces[0m
[1.572s] [  8%] [34m[1mGenerating C++ type support for eProsima Fast-RTPS[0m
[1.572s] [  8%] [34m[1mGenerating C++ introspection for ROS interfaces[0m
[1.615s] [35m[1mConsolidate compiler generated dependencies of target comp_topic_rclcpp__rosidl_generator_c[0m
[1.624s] [ 10%] [32mBuilding C object CMakeFiles/comp_topic_rclcpp__rosidl_generator_c.dir/rosidl_generator_c/comp_topic_rclcpp/msg/detail/yolo_result__functions.c.o[0m
[1.625s] [ 10%] [32mBuilding C object CMakeFiles/comp_topic_rclcpp__rosidl_generator_c.dir/rosidl_generator_c/comp_topic_rclcpp/msg/detail/tracker_result__functions.c.o[0m
[1.625s] [ 12%] [32mBuilding C object CMakeFiles/comp_topic_rclcpp__rosidl_generator_c.dir/rosidl_generator_c/comp_topic_rclcpp/msg/detail/yolo_piece__functions.c.o[0m
[1.625s] [ 13%] [32mBuilding C object CMakeFiles/comp_topic_rclcpp__rosidl_generator_c.dir/rosidl_generator_c/comp_topic_rclcpp/msg/detail/lane_result__functions.c.o[0m
[1.625s] [ 14%] [32mBuilding C object CMakeFiles/comp_topic_rclcpp__rosidl_generator_c.dir/rosidl_generator_c/comp_topic_rclcpp/msg/detail/point_detect__functions.c.o[0m
[1.671s] [ 16%] [32m[1mLinking C shared library libcomp_topic_rclcpp__rosidl_generator_c.so[0m
[1.707s] [ 16%] Built target comp_topic_rclcpp__rosidl_generator_c
[1.718s] [ 20%] [34m[1mGenerating C type support for eProsima Fast-RTPS[0m
[1.718s] [ 20%] [34m[1mGenerating C introspection for ROS interfaces[0m
[1.719s] [ 20%] [34m[1mGenerating C type support dispatch for ROS interfaces[0m
[1.848s] [35m[1mConsolidate compiler generated dependencies of target comp_topic_rclcpp__rosidl_typesupport_cpp[0m
[1.859s] [ 25%] [32mBuilding CXX object CMakeFiles/comp_topic_rclcpp__rosidl_typesupport_cpp.dir/rosidl_typesupport_cpp/comp_topic_rclcpp/msg/lane_result__type_support.cpp.o[0m
[1.859s] [ 25%] [32mBuilding CXX object CMakeFiles/comp_topic_rclcpp__rosidl_typesupport_cpp.dir/rosidl_typesupport_cpp/comp_topic_rclcpp/msg/yolo_result__type_support.cpp.o[0m
[1.859s] [ 25%] [32mBuilding CXX object CMakeFiles/comp_topic_rclcpp__rosidl_typesupport_cpp.dir/rosidl_typesupport_cpp/comp_topic_rclcpp/msg/tracker_result__type_support.cpp.o[0m
[1.859s] [ 25%] [32mBuilding CXX object CMakeFiles/comp_topic_rclcpp__rosidl_typesupport_cpp.dir/rosidl_typesupport_cpp/comp_topic_rclcpp/msg/point_detect__type_support.cpp.o[0m
[1.859s] [ 27%] [32mBuilding CXX object CMakeFiles/comp_topic_rclcpp__rosidl_typesupport_cpp.dir/rosidl_typesupport_cpp/comp_topic_rclcpp/msg/yolo_piece__type_support.cpp.o[0m
[1.940s] [35m[1mConsolidate compiler generated dependencies of target comp_topic_rclcpp__rosidl_typesupport_introspection_cpp[0m
[1.954s] [ 28%] [32mBuilding CXX object CMakeFiles/comp_topic_rclcpp__rosidl_typesupport_introspection_cpp.dir/rosidl_typesupport_introspection_cpp/comp_topic_rclcpp/msg/detail/lane_result__type_support.cpp.o[0m
[1.954s] [ 32%] [32mBuilding CXX object CMakeFiles/comp_topic_rclcpp__rosidl_typesupport_introspection_cpp.dir/rosidl_typesupport_introspection_cpp/comp_topic_rclcpp/msg/detail/yolo_piece__type_support.cpp.o[0m
[1.954s] [ 32%] [32mBuilding CXX object CMakeFiles/comp_topic_rclcpp__rosidl_typesupport_introspection_cpp.dir/rosidl_typesupport_introspection_cpp/comp_topic_rclcpp/msg/detail/tracker_result__type_support.cpp.o[0m
[1.954s] [ 32%] [32mBuilding CXX object CMakeFiles/comp_topic_rclcpp__rosidl_typesupport_introspection_cpp.dir/rosidl_typesupport_introspection_cpp/comp_topic_rclcpp/msg/detail/yolo_result__type_support.cpp.o[0m
[1.958s] [ 33%] [32mBuilding CXX object CMakeFiles/comp_topic_rclcpp__rosidl_typesupport_introspection_cpp.dir/rosidl_typesupport_introspection_cpp/comp_topic_rclcpp/msg/detail/point_detect__type_support.cpp.o[0m
[2.025s] [35m[1mConsolidate compiler generated dependencies of target comp_topic_rclcpp__rosidl_typesupport_fastrtps_cpp[0m
[2.027s] [35m[1mConsolidate compiler generated dependencies of target comp_topic_rclcpp__rosidl_typesupport_c[0m
[2.037s] [ 36%] [32mBuilding CXX object CMakeFiles/comp_topic_rclcpp__rosidl_typesupport_c.dir/rosidl_typesupport_c/comp_topic_rclcpp/msg/yolo_piece__type_support.cpp.o[0m
[2.037s] [ 36%] [32mBuilding CXX object CMakeFiles/comp_topic_rclcpp__rosidl_typesupport_c.dir/rosidl_typesupport_c/comp_topic_rclcpp/msg/yolo_result__type_support.cpp.o[0m
[2.038s] [ 37%] [32mBuilding CXX object CMakeFiles/comp_topic_rclcpp__rosidl_typesupport_c.dir/rosidl_typesupport_c/comp_topic_rclcpp/msg/tracker_result__type_support.cpp.o[0m
[2.040s] [ 39%] [32mBuilding CXX object CMakeFiles/comp_topic_rclcpp__rosidl_typesupport_c.dir/rosidl_typesupport_c/comp_topic_rclcpp/msg/lane_result__type_support.cpp.o[0m
[2.045s] [ 40%] [32mBuilding CXX object CMakeFiles/comp_topic_rclcpp__rosidl_typesupport_c.dir/rosidl_typesupport_c/comp_topic_rclcpp/msg/point_detect__type_support.cpp.o[0m
[2.045s] [ 41%] [32mBuilding CXX object CMakeFiles/comp_topic_rclcpp__rosidl_typesupport_fastrtps_cpp.dir/rosidl_typesupport_fastrtps_cpp/comp_topic_rclcpp/msg/detail/dds_fastrtps/yolo_piece__type_support.cpp.o[0m
[2.055s] [ 43%] [32mBuilding CXX object CMakeFiles/comp_topic_rclcpp__rosidl_typesupport_fastrtps_cpp.dir/rosidl_typesupport_fastrtps_cpp/comp_topic_rclcpp/msg/detail/dds_fastrtps/yolo_result__type_support.cpp.o[0m
[2.086s] [ 44%] [32mBuilding CXX object CMakeFiles/comp_topic_rclcpp__rosidl_typesupport_fastrtps_cpp.dir/rosidl_typesupport_fastrtps_cpp/comp_topic_rclcpp/msg/detail/dds_fastrtps/tracker_result__type_support.cpp.o[0m
[2.089s] [ 47%] [32mBuilding CXX object CMakeFiles/comp_topic_rclcpp__rosidl_typesupport_fastrtps_cpp.dir/rosidl_typesupport_fastrtps_cpp/comp_topic_rclcpp/msg/detail/dds_fastrtps/point_detect__type_support.cpp.o[0m
[2.089s] [ 47%] [32mBuilding CXX object CMakeFiles/comp_topic_rclcpp__rosidl_typesupport_fastrtps_cpp.dir/rosidl_typesupport_fastrtps_cpp/comp_topic_rclcpp/msg/detail/dds_fastrtps/lane_result__type_support.cpp.o[0m
[2.094s] [ 48%] [32m[1mLinking CXX shared library libcomp_topic_rclcpp__rosidl_typesupport_c.so[0m
[2.152s] [ 48%] Built target comp_topic_rclcpp__rosidl_typesupport_c
[2.178s] [35m[1mConsolidate compiler generated dependencies of target comp_topic_rclcpp__rosidl_typesupport_introspection_c[0m
[2.185s] [ 50%] [32m[1mLinking CXX shared library libcomp_topic_rclcpp__rosidl_typesupport_cpp.so[0m
[2.192s] [ 55%] [32mBuilding C object CMakeFiles/comp_topic_rclcpp__rosidl_typesupport_introspection_c.dir/rosidl_typesupport_introspection_c/comp_topic_rclcpp/msg/detail/tracker_result__type_support.c.o[0m
[2.192s] [ 55%] [32mBuilding C object CMakeFiles/comp_topic_rclcpp__rosidl_typesupport_introspection_c.dir/rosidl_typesupport_introspection_c/comp_topic_rclcpp/msg/detail/yolo_result__type_support.c.o[0m
[2.192s] [ 55%] [32mBuilding C object CMakeFiles/comp_topic_rclcpp__rosidl_typesupport_introspection_c.dir/rosidl_typesupport_introspection_c/comp_topic_rclcpp/msg/detail/yolo_piece__type_support.c.o[0m
[2.193s] [ 55%] [32mBuilding C object CMakeFiles/comp_topic_rclcpp__rosidl_typesupport_introspection_c.dir/rosidl_typesupport_introspection_c/comp_topic_rclcpp/msg/detail/lane_result__type_support.c.o[0m
[2.193s] [ 56%] [32mBuilding C object CMakeFiles/comp_topic_rclcpp__rosidl_typesupport_introspection_c.dir/rosidl_typesupport_introspection_c/comp_topic_rclcpp/msg/detail/point_detect__type_support.c.o[0m
[2.242s] [ 56%] Built target comp_topic_rclcpp__rosidl_typesupport_cpp
[2.246s] [ 58%] [32m[1mLinking C shared library libcomp_topic_rclcpp__rosidl_typesupport_introspection_c.so[0m
[2.254s] [35m[1mConsolidate compiler generated dependencies of target Tracker[0m
[2.254s] [35m[1mConsolidate compiler generated dependencies of target Yolo[0m
[2.254s] [35m[1mConsolidate compiler generated dependencies of target Lane[0m
[2.257s] [35m[1mConsolidate compiler generated dependencies of target Final[0m
[2.257s] [35m[1mConsolidate compiler generated dependencies of target comp_topic_rclcpp__rosidl_typesupport_fastrtps_c[0m
[2.279s] [ 63%] [32mBuilding CXX object CMakeFiles/comp_topic_rclcpp__rosidl_typesupport_fastrtps_c.dir/rosidl_typesupport_fastrtps_c/comp_topic_rclcpp/msg/detail/tracker_result__type_support_c.cpp.o[0m
[2.280s] [ 63%] [32mBuilding CXX object CMakeFiles/Lane.dir/src/Lane.cpp.o[0m
[2.280s] [ 63%] [32mBuilding CXX object CMakeFiles/Tracker.dir/src/Tracker.cpp.o[0m
[2.280s] [ 66%] [32mBuilding CXX object CMakeFiles/comp_topic_rclcpp__rosidl_typesupport_fastrtps_c.dir/rosidl_typesupport_fastrtps_c/comp_topic_rclcpp/msg/detail/yolo_piece__type_support_c.cpp.o[0m
[2.280s] [ 66%] [32mBuilding CXX object CMakeFiles/Yolo.dir/src/Yolo.cpp.o[0m
[2.280s] [ 63%] [32mBuilding CXX object CMakeFiles/comp_topic_rclcpp__rosidl_typesupport_fastrtps_c.dir/rosidl_typesupport_fastrtps_c/comp_topic_rclcpp/msg/detail/yolo_result__type_support_c.cpp.o[0m
[2.280s] [ 67%] [32mBuilding CXX object CMakeFiles/Lane.dir/src/lane_detect.cpp.o[0m
[2.281s] [ 68%] [32mBuilding CXX object CMakeFiles/Final.dir/src/Final.cpp.o[0m
[2.290s] [ 68%] Built target comp_topic_rclcpp__rosidl_typesupport_introspection_c
[2.363s] [ 70%] [32mBuilding CXX object CMakeFiles/comp_topic_rclcpp__rosidl_typesupport_fastrtps_c.dir/rosidl_typesupport_fastrtps_c/comp_topic_rclcpp/msg/detail/lane_result__type_support_c.cpp.o[0m
[2.460s] [ 71%] [32mBuilding CXX object CMakeFiles/comp_topic_rclcpp__rosidl_typesupport_fastrtps_c.dir/rosidl_typesupport_fastrtps_c/comp_topic_rclcpp/msg/detail/point_detect__type_support_c.cpp.o[0m
[2.509s] [ 72%] [32m[1mLinking CXX shared library libcomp_topic_rclcpp__rosidl_typesupport_introspection_cpp.so[0m
[2.647s] [ 72%] Built target comp_topic_rclcpp__rosidl_typesupport_introspection_cpp
[2.664s] [ 74%] [32m[1mLinking CXX shared library libcomp_topic_rclcpp__rosidl_typesupport_fastrtps_cpp.so[0m
[2.797s] [ 74%] Built target comp_topic_rclcpp__rosidl_typesupport_fastrtps_cpp
[2.842s] [ 75%] [32m[1mLinking CXX shared library libcomp_topic_rclcpp__rosidl_typesupport_fastrtps_c.so[0m
[2.949s] [ 75%] Built target comp_topic_rclcpp__rosidl_typesupport_fastrtps_c
[2.967s] [ 75%] Built target comp_topic_rclcpp
[2.986s] [ 77%] [34m[1mGenerating Python code for ROS interfaces[0m
[3.889s] [ 77%] Built target comp_topic_rclcpp__py
[3.897s] [35m[1mConsolidate compiler generated dependencies of target comp_topic_rclcpp__rosidl_generator_py[0m
[3.911s] [ 79%] [32mBuilding C object CMakeFiles/comp_topic_rclcpp__rosidl_generator_py.dir/rosidl_generator_py/comp_topic_rclcpp/msg/_point_detect_s.c.o[0m
[3.911s] [ 79%] [32mBuilding C object CMakeFiles/comp_topic_rclcpp__rosidl_generator_py.dir/rosidl_generator_py/comp_topic_rclcpp/msg/_lane_result_s.c.o[0m
[3.911s] [ 83%] [32mBuilding C object CMakeFiles/comp_topic_rclcpp__rosidl_generator_py.dir/rosidl_generator_py/comp_topic_rclcpp/msg/_yolo_piece_s.c.o[0m
[3.911s] [ 83%] [32mBuilding C object CMakeFiles/comp_topic_rclcpp__rosidl_generator_py.dir/rosidl_generator_py/comp_topic_rclcpp/msg/_tracker_result_s.c.o[0m
[3.911s] [ 83%] [32mBuilding C object CMakeFiles/comp_topic_rclcpp__rosidl_generator_py.dir/rosidl_generator_py/comp_topic_rclcpp/msg/_yolo_result_s.c.o[0m
[4.024s] [ 85%] [32m[1mLinking C shared library rosidl_generator_py/comp_topic_rclcpp/libcomp_topic_rclcpp__rosidl_generator_py.so[0m
[4.052s] [ 85%] Built target comp_topic_rclcpp__rosidl_generator_py
[4.059s] [35m[1mConsolidate compiler generated dependencies of target comp_topic_rclcpp__rosidl_typesupport_c__pyext[0m
[4.059s] [35m[1mConsolidate compiler generated dependencies of target comp_topic_rclcpp__rosidl_typesupport_introspection_c__pyext[0m
[4.059s] [35m[1mConsolidate compiler generated dependencies of target comp_topic_rclcpp__rosidl_typesupport_fastrtps_c__pyext[0m
[4.069s] [ 87%] [32mBuilding C object CMakeFiles/comp_topic_rclcpp__rosidl_typesupport_c__pyext.dir/rosidl_generator_py/comp_topic_rclcpp/_comp_topic_rclcpp_s.ep.rosidl_typesupport_c.c.o[0m
[4.069s] [ 87%] [32mBuilding C object CMakeFiles/comp_topic_rclcpp__rosidl_typesupport_introspection_c__pyext.dir/rosidl_generator_py/comp_topic_rclcpp/_comp_topic_rclcpp_s.ep.rosidl_typesupport_introspection_c.c.o[0m
[4.069s] [ 89%] [32mBuilding C object CMakeFiles/comp_topic_rclcpp__rosidl_typesupport_fastrtps_c__pyext.dir/rosidl_generator_py/comp_topic_rclcpp/_comp_topic_rclcpp_s.ep.rosidl_typesupport_fastrtps_c.c.o[0m
[4.153s] [ 90%] [32m[1mLinking C shared library rosidl_generator_py/comp_topic_rclcpp/comp_topic_rclcpp_s__rosidl_typesupport_fastrtps_c.cpython-310-x86_64-linux-gnu.so[0m
[4.173s] [ 91%] [32m[1mLinking C shared library rosidl_generator_py/comp_topic_rclcpp/comp_topic_rclcpp_s__rosidl_typesupport_c.cpython-310-x86_64-linux-gnu.so[0m
[4.181s] [ 93%] [32m[1mLinking C shared library rosidl_generator_py/comp_topic_rclcpp/comp_topic_rclcpp_s__rosidl_typesupport_introspection_c.cpython-310-x86_64-linux-gnu.so[0m
[4.189s] [ 93%] Built target comp_topic_rclcpp__rosidl_typesupport_fastrtps_c__pyext
[4.201s] [ 93%] Built target comp_topic_rclcpp__rosidl_typesupport_c__pyext
[4.214s] [ 93%] Built target comp_topic_rclcpp__rosidl_typesupport_introspection_c__pyext
[6.651s] [ 94%] [32m[1mLinking CXX executable CameraTimer[0m
[7.031s] [ 94%] Built target CameraTimer
[10.242s] [ 95%] [32m[1mLinking CXX executable Lane[0m
[10.565s] [ 95%] Built target Lane
[11.256s] [ 97%] [32m[1mLinking CXX executable Yolo[0m
[11.601s] [ 97%] Built target Yolo
[13.064s] [ 98%] [32m[1mLinking CXX executable Tracker[0m
[13.483s] [ 98%] Built target Tracker
[14.583s] [100%] [32m[1mLinking CXX executable Final[0m
[15.099s] [100%] Built target Final
[15.105s] Invoked command in '/ros2/a_mid_test/ros2/build/comp_topic_rclcpp' returned '0': CMAKE_PREFIX_PATH=/opt/ros/humble /usr/bin/cmake --build /ros2/a_mid_test/ros2/build/comp_topic_rclcpp -- -j20 -l20
[15.179s] Invoking command in '/ros2/a_mid_test/ros2/build/comp_topic_rclcpp': CMAKE_PREFIX_PATH=/opt/ros/humble /usr/bin/cmake --install /ros2/a_mid_test/ros2/build/comp_topic_rclcpp
[15.184s] -- Install configuration: ""
[15.184s] -- Up-to-date: /ros2/a_mid_test/ros2/install/comp_topic_rclcpp/share/ament_index/resource_index/rosidl_interfaces/comp_topic_rclcpp
[15.185s] -- Up-to-date: /ros2/a_mid_test/ros2/install/comp_topic_rclcpp/include/comp_topic_rclcpp/comp_topic_rclcpp
[15.185s] -- Up-to-date: /ros2/a_mid_test/ros2/install/comp_topic_rclcpp/include/comp_topic_rclcpp/comp_topic_rclcpp/msg
[15.185s] -- Installing: /ros2/a_mid_test/ros2/install/comp_topic_rclcpp/include/comp_topic_rclcpp/comp_topic_rclcpp/msg/yolo_result.h
[15.185s] -- Installing: /ros2/a_mid_test/ros2/install/comp_topic_rclcpp/include/comp_topic_rclcpp/comp_topic_rclcpp/msg/yolo_piece.h
[15.185s] -- Up-to-date: /ros2/a_mid_test/ros2/install/comp_topic_rclcpp/include/comp_topic_rclcpp/comp_topic_rclcpp/msg/detail
[15.185s] -- Installing: /ros2/a_mid_test/ros2/install/comp_topic_rclcpp/include/comp_topic_rclcpp/comp_topic_rclcpp/msg/detail/tracker_result__struct.h
[15.185s] -- Installing: /ros2/a_mid_test/ros2/install/comp_topic_rclcpp/include/comp_topic_rclcpp/comp_topic_rclcpp/msg/detail/lane_result__type_support.h
[15.185s] -- Installing: /ros2/a_mid_test/ros2/install/comp_topic_rclcpp/include/comp_topic_rclcpp/comp_topic_rclcpp/msg/detail/lane_result__functions.c
[15.185s] -- Installing: /ros2/a_mid_test/ros2/install/comp_topic_rclcpp/include/comp_topic_rclcpp/comp_topic_rclcpp/msg/detail/lane_result__struct.h
[15.185s] -- Installing: /ros2/a_mid_test/ros2/install/comp_topic_rclcpp/include/comp_topic_rclcpp/comp_topic_rclcpp/msg/detail/yolo_result__functions.c
[15.185s] -- Installing: /ros2/a_mid_test/ros2/install/comp_topic_rclcpp/include/comp_topic_rclcpp/comp_topic_rclcpp/msg/detail/yolo_result__type_support.h
[15.185s] -- Installing: /ros2/a_mid_test/ros2/install/comp_topic_rclcpp/include/comp_topic_rclcpp/comp_topic_rclcpp/msg/detail/yolo_piece__functions.c
[15.186s] -- Installing: /ros2/a_mid_test/ros2/install/comp_topic_rclcpp/include/comp_topic_rclcpp/comp_topic_rclcpp/msg/detail/tracker_result__functions.h
[15.186s] -- Installing: /ros2/a_mid_test/ros2/install/comp_topic_rclcpp/include/comp_topic_rclcpp/comp_topic_rclcpp/msg/detail/yolo_piece__struct.h
[15.186s] -- Installing: /ros2/a_mid_test/ros2/install/comp_topic_rclcpp/include/comp_topic_rclcpp/comp_topic_rclcpp/msg/detail/tracker_result__functions.c
[15.186s] -- Installing: /ros2/a_mid_test/ros2/install/comp_topic_rclcpp/include/comp_topic_rclcpp/comp_topic_rclcpp/msg/detail/lane_result__functions.h
[15.186s] -- Installing: /ros2/a_mid_test/ros2/install/comp_topic_rclcpp/include/comp_topic_rclcpp/comp_topic_rclcpp/msg/detail/point_detect__functions.c
[15.186s] -- Installing: /ros2/a_mid_test/ros2/install/comp_topic_rclcpp/include/comp_topic_rclcpp/comp_topic_rclcpp/msg/detail/tracker_result__type_support.h
[15.186s] -- Installing: /ros2/a_mid_test/ros2/install/comp_topic_rclcpp/include/comp_topic_rclcpp/comp_topic_rclcpp/msg/detail/yolo_result__struct.h
[15.186s] -- Installing: /ros2/a_mid_test/ros2/install/comp_topic_rclcpp/include/comp_topic_rclcpp/comp_topic_rclcpp/msg/detail/point_detect__struct.h
[15.186s] -- Installing: /ros2/a_mid_test/ros2/install/comp_topic_rclcpp/include/comp_topic_rclcpp/comp_topic_rclcpp/msg/detail/yolo_piece__type_support.h
[15.186s] -- Installing: /ros2/a_mid_test/ros2/install/comp_topic_rclcpp/include/comp_topic_rclcpp/comp_topic_rclcpp/msg/detail/yolo_result__functions.h
[15.187s] -- Installing: /ros2/a_mid_test/ros2/install/comp_topic_rclcpp/include/comp_topic_rclcpp/comp_topic_rclcpp/msg/detail/point_detect__functions.h
[15.187s] -- Installing: /ros2/a_mid_test/ros2/install/comp_topic_rclcpp/include/comp_topic_rclcpp/comp_topic_rclcpp/msg/detail/yolo_piece__functions.h
[15.187s] -- Installing: /ros2/a_mid_test/ros2/install/comp_topic_rclcpp/include/comp_topic_rclcpp/comp_topic_rclcpp/msg/detail/point_detect__type_support.h
[15.187s] -- Installing: /ros2/a_mid_test/ros2/install/comp_topic_rclcpp/include/comp_topic_rclcpp/comp_topic_rclcpp/msg/tracker_result.h
[15.187s] -- Installing: /ros2/a_mid_test/ros2/install/comp_topic_rclcpp/include/comp_topic_rclcpp/comp_topic_rclcpp/msg/point_detect.h
[15.187s] -- Installing: /ros2/a_mid_test/ros2/install/comp_topic_rclcpp/include/comp_topic_rclcpp/comp_topic_rclcpp/msg/lane_result.h
[15.187s] -- Up-to-date: /ros2/a_mid_test/ros2/install/comp_topic_rclcpp/include/comp_topic_rclcpp/comp_topic_rclcpp/msg/rosidl_generator_c__visibility_control.h
[15.187s] -- Up-to-date: /ros2/a_mid_test/ros2/install/comp_topic_rclcpp/share/comp_topic_rclcpp/environment/library_path.sh
[15.187s] -- Installing: /ros2/a_mid_test/ros2/install/comp_topic_rclcpp/share/comp_topic_rclcpp/environment/library_path.dsv
[15.188s] -- Installing: /ros2/a_mid_test/ros2/install/comp_topic_rclcpp/lib/libcomp_topic_rclcpp__rosidl_generator_c.so
[15.188s] -- Set runtime path of "/ros2/a_mid_test/ros2/install/comp_topic_rclcpp/lib/libcomp_topic_rclcpp__rosidl_generator_c.so" to ""
[15.188s] -- Up-to-date: /ros2/a_mid_test/ros2/install/comp_topic_rclcpp/include/comp_topic_rclcpp/comp_topic_rclcpp
[15.188s] -- Up-to-date: /ros2/a_mid_test/ros2/install/comp_topic_rclcpp/include/comp_topic_rclcpp/comp_topic_rclcpp/msg
[15.188s] -- Up-to-date: /ros2/a_mid_test/ros2/install/comp_topic_rclcpp/include/comp_topic_rclcpp/comp_topic_rclcpp/msg/rosidl_typesupport_fastrtps_c__visibility_control.h
[15.188s] -- Up-to-date: /ros2/a_mid_test/ros2/install/comp_topic_rclcpp/include/comp_topic_rclcpp/comp_topic_rclcpp/msg/detail
[15.188s] -- Installing: /ros2/a_mid_test/ros2/install/comp_topic_rclcpp/include/comp_topic_rclcpp/comp_topic_rclcpp/msg/detail/yolo_result__rosidl_typesupport_fastrtps_c.h
[15.188s] -- Installing: /ros2/a_mid_test/ros2/install/comp_topic_rclcpp/include/comp_topic_rclcpp/comp_topic_rclcpp/msg/detail/yolo_piece__rosidl_typesupport_fastrtps_c.h
[15.188s] -- Installing: /ros2/a_mid_test/ros2/install/comp_topic_rclcpp/include/comp_topic_rclcpp/comp_topic_rclcpp/msg/detail/tracker_result__rosidl_typesupport_fastrtps_c.h
[15.188s] -- Installing: /ros2/a_mid_test/ros2/install/comp_topic_rclcpp/include/comp_topic_rclcpp/comp_topic_rclcpp/msg/detail/point_detect__rosidl_typesupport_fastrtps_c.h
[15.188s] -- Installing: /ros2/a_mid_test/ros2/install/comp_topic_rclcpp/include/comp_topic_rclcpp/comp_topic_rclcpp/msg/detail/lane_result__rosidl_typesupport_fastrtps_c.h
[15.189s] -- Installing: /ros2/a_mid_test/ros2/install/comp_topic_rclcpp/lib/libcomp_topic_rclcpp__rosidl_typesupport_fastrtps_c.so
[15.189s] -- Set runtime path of "/ros2/a_mid_test/ros2/install/comp_topic_rclcpp/lib/libcomp_topic_rclcpp__rosidl_typesupport_fastrtps_c.so" to ""
[15.189s] -- Up-to-date: /ros2/a_mid_test/ros2/install/comp_topic_rclcpp/include/comp_topic_rclcpp/comp_topic_rclcpp
[15.189s] -- Up-to-date: /ros2/a_mid_test/ros2/install/comp_topic_rclcpp/include/comp_topic_rclcpp/comp_topic_rclcpp/msg
[15.189s] -- Installing: /ros2/a_mid_test/ros2/install/comp_topic_rclcpp/include/comp_topic_rclcpp/comp_topic_rclcpp/msg/lane_result.hpp
[15.189s] -- Installing: /ros2/a_mid_test/ros2/install/comp_topic_rclcpp/include/comp_topic_rclcpp/comp_topic_rclcpp/msg/point_detect.hpp
[15.189s] -- Up-to-date: /ros2/a_mid_test/ros2/install/comp_topic_rclcpp/include/comp_topic_rclcpp/comp_topic_rclcpp/msg/detail
[15.189s] -- Installing: /ros2/a_mid_test/ros2/install/comp_topic_rclcpp/include/comp_topic_rclcpp/comp_topic_rclcpp/msg/detail/tracker_result__traits.hpp
[15.189s] -- Installing: /ros2/a_mid_test/ros2/install/comp_topic_rclcpp/include/comp_topic_rclcpp/comp_topic_rclcpp/msg/detail/yolo_result__builder.hpp
[15.190s] -- Installing: /ros2/a_mid_test/ros2/install/comp_topic_rclcpp/include/comp_topic_rclcpp/comp_topic_rclcpp/msg/detail/yolo_piece__traits.hpp
[15.190s] -- Installing: /ros2/a_mid_test/ros2/install/comp_topic_rclcpp/include/comp_topic_rclcpp/comp_topic_rclcpp/msg/detail/point_detect__struct.hpp
[15.190s] -- Installing: /ros2/a_mid_test/ros2/install/comp_topic_rclcpp/include/comp_topic_rclcpp/comp_topic_rclcpp/msg/detail/yolo_piece__builder.hpp
[15.190s] -- Installing: /ros2/a_mid_test/ros2/install/comp_topic_rclcpp/include/comp_topic_rclcpp/comp_topic_rclcpp/msg/detail/point_detect__traits.hpp
[15.190s] -- Installing: /ros2/a_mid_test/ros2/install/comp_topic_rclcpp/include/comp_topic_rclcpp/comp_topic_rclcpp/msg/detail/yolo_piece__struct.hpp
[15.190s] -- Installing: /ros2/a_mid_test/ros2/install/comp_topic_rclcpp/include/comp_topic_rclcpp/comp_topic_rclcpp/msg/detail/point_detect__builder.hpp
[15.190s] -- Installing: /ros2/a_mid_test/ros2/install/comp_topic_rclcpp/include/comp_topic_rclcpp/comp_topic_rclcpp/msg/detail/lane_result__traits.hpp
[15.190s] -- Installing: /ros2/a_mid_test/ros2/install/comp_topic_rclcpp/include/comp_topic_rclcpp/comp_topic_rclcpp/msg/detail/yolo_result__traits.hpp
[15.190s] -- Installing: /ros2/a_mid_test/ros2/install/comp_topic_rclcpp/include/comp_topic_rclcpp/comp_topic_rclcpp/msg/detail/lane_result__struct.hpp
[15.191s] -- Installing: /ros2/a_mid_test/ros2/install/comp_topic_rclcpp/include/comp_topic_rclcpp/comp_topic_rclcpp/msg/detail/yolo_result__struct.hpp
[15.191s] -- Installing: /ros2/a_mid_test/ros2/install/comp_topic_rclcpp/include/comp_topic_rclcpp/comp_topic_rclcpp/msg/detail/lane_result__builder.hpp
[15.191s] -- Installing: /ros2/a_mid_test/ros2/install/comp_topic_rclcpp/include/comp_topic_rclcpp/comp_topic_rclcpp/msg/detail/tracker_result__struct.hpp
[15.191s] -- Installing: /ros2/a_mid_test/ros2/install/comp_topic_rclcpp/include/comp_topic_rclcpp/comp_topic_rclcpp/msg/detail/tracker_result__builder.hpp
[15.191s] -- Installing: /ros2/a_mid_test/ros2/install/comp_topic_rclcpp/include/comp_topic_rclcpp/comp_topic_rclcpp/msg/yolo_piece.hpp
[15.191s] -- Installing: /ros2/a_mid_test/ros2/install/comp_topic_rclcpp/include/comp_topic_rclcpp/comp_topic_rclcpp/msg/yolo_result.hpp
[15.191s] -- Installing: /ros2/a_mid_test/ros2/install/comp_topic_rclcpp/include/comp_topic_rclcpp/comp_topic_rclcpp/msg/tracker_result.hpp
[15.191s] -- Up-to-date: /ros2/a_mid_test/ros2/install/comp_topic_rclcpp/include/comp_topic_rclcpp/comp_topic_rclcpp
[15.191s] -- Up-to-date: /ros2/a_mid_test/ros2/install/comp_topic_rclcpp/include/comp_topic_rclcpp/comp_topic_rclcpp/msg
[15.191s] -- Up-to-date: /ros2/a_mid_test/ros2/install/comp_topic_rclcpp/include/comp_topic_rclcpp/comp_topic_rclcpp/msg/detail
[15.191s] -- Installing: /ros2/a_mid_test/ros2/install/comp_topic_rclcpp/include/comp_topic_rclcpp/comp_topic_rclcpp/msg/detail/yolo_piece__rosidl_typesupport_fastrtps_cpp.hpp
[15.192s] -- Installing: /ros2/a_mid_test/ros2/install/comp_topic_rclcpp/include/comp_topic_rclcpp/comp_topic_rclcpp/msg/detail/point_detect__rosidl_typesupport_fastrtps_cpp.hpp
[15.192s] -- Installing: /ros2/a_mid_test/ros2/install/comp_topic_rclcpp/include/comp_topic_rclcpp/comp_topic_rclcpp/msg/detail/yolo_result__rosidl_typesupport_fastrtps_cpp.hpp
[15.192s] -- Installing: /ros2/a_mid_test/ros2/install/comp_topic_rclcpp/include/comp_topic_rclcpp/comp_topic_rclcpp/msg/detail/tracker_result__rosidl_typesupport_fastrtps_cpp.hpp
[15.192s] -- Up-to-date: /ros2/a_mid_test/ros2/install/comp_topic_rclcpp/include/comp_topic_rclcpp/comp_topic_rclcpp/msg/detail/dds_fastrtps
[15.192s] -- Installing: /ros2/a_mid_test/ros2/install/comp_topic_rclcpp/include/comp_topic_rclcpp/comp_topic_rclcpp/msg/detail/lane_result__rosidl_typesupport_fastrtps_cpp.hpp
[15.192s] -- Up-to-date: /ros2/a_mid_test/ros2/install/comp_topic_rclcpp/include/comp_topic_rclcpp/comp_topic_rclcpp/msg/rosidl_typesupport_fastrtps_cpp__visibility_control.h
[15.192s] -- Installing: /ros2/a_mid_test/ros2/install/comp_topic_rclcpp/lib/libcomp_topic_rclcpp__rosidl_typesupport_fastrtps_cpp.so
[15.193s] -- Set runtime path of "/ros2/a_mid_test/ros2/install/comp_topic_rclcpp/lib/libcomp_topic_rclcpp__rosidl_typesupport_fastrtps_cpp.so" to ""
[15.193s] -- Up-to-date: /ros2/a_mid_test/ros2/install/comp_topic_rclcpp/include/comp_topic_rclcpp/comp_topic_rclcpp
[15.193s] -- Up-to-date: /ros2/a_mid_test/ros2/install/comp_topic_rclcpp/include/comp_topic_rclcpp/comp_topic_rclcpp/msg
[15.193s] -- Up-to-date: /ros2/a_mid_test/ros2/install/comp_topic_rclcpp/include/comp_topic_rclcpp/comp_topic_rclcpp/msg/detail
[15.193s] -- Installing: /ros2/a_mid_test/ros2/install/comp_topic_rclcpp/include/comp_topic_rclcpp/comp_topic_rclcpp/msg/detail/point_detect__type_support.c
[15.193s] -- Installing: /ros2/a_mid_test/ros2/install/comp_topic_rclcpp/include/comp_topic_rclcpp/comp_topic_rclcpp/msg/detail/yolo_result__type_support.c
[15.193s] -- Installing: /ros2/a_mid_test/ros2/install/comp_topic_rclcpp/include/comp_topic_rclcpp/comp_topic_rclcpp/msg/detail/yolo_result__rosidl_typesupport_introspection_c.h
[15.193s] -- Installing: /ros2/a_mid_test/ros2/install/comp_topic_rclcpp/include/comp_topic_rclcpp/comp_topic_rclcpp/msg/detail/yolo_piece__type_support.c
[15.193s] -- Installing: /ros2/a_mid_test/ros2/install/comp_topic_rclcpp/include/comp_topic_rclcpp/comp_topic_rclcpp/msg/detail/yolo_piece__rosidl_typesupport_introspection_c.h
[15.193s] -- Installing: /ros2/a_mid_test/ros2/install/comp_topic_rclcpp/include/comp_topic_rclcpp/comp_topic_rclcpp/msg/detail/lane_result__type_support.c
[15.193s] -- Installing: /ros2/a_mid_test/ros2/install/comp_topic_rclcpp/include/comp_topic_rclcpp/comp_topic_rclcpp/msg/detail/tracker_result__rosidl_typesupport_introspection_c.h
[15.193s] -- Installing: /ros2/a_mid_test/ros2/install/comp_topic_rclcpp/include/comp_topic_rclcpp/comp_topic_rclcpp/msg/detail/lane_result__rosidl_typesupport_introspection_c.h
[15.194s] -- Installing: /ros2/a_mid_test/ros2/install/comp_topic_rclcpp/include/comp_topic_rclcpp/comp_topic_rclcpp/msg/detail/point_detect__rosidl_typesupport_introspection_c.h
[15.194s] -- Installing: /ros2/a_mid_test/ros2/install/comp_topic_rclcpp/include/comp_topic_rclcpp/comp_topic_rclcpp/msg/detail/tracker_result__type_support.c
[15.194s] -- Up-to-date: /ros2/a_mid_test/ros2/install/comp_topic_rclcpp/include/comp_topic_rclcpp/comp_topic_rclcpp/msg/rosidl_typesupport_introspection_c__visibility_control.h
[15.194s] -- Installing: /ros2/a_mid_test/ros2/install/comp_topic_rclcpp/lib/libcomp_topic_rclcpp__rosidl_typesupport_introspection_c.so
[15.194s] -- Set runtime path of "/ros2/a_mid_test/ros2/install/comp_topic_rclcpp/lib/libcomp_topic_rclcpp__rosidl_typesupport_introspection_c.so" to ""
[15.194s] -- Installing: /ros2/a_mid_test/ros2/install/comp_topic_rclcpp/lib/libcomp_topic_rclcpp__rosidl_typesupport_c.so
[15.195s] -- Set runtime path of "/ros2/a_mid_test/ros2/install/comp_topic_rclcpp/lib/libcomp_topic_rclcpp__rosidl_typesupport_c.so" to ""
[15.195s] -- Up-to-date: /ros2/a_mid_test/ros2/install/comp_topic_rclcpp/include/comp_topic_rclcpp/comp_topic_rclcpp
[15.195s] -- Up-to-date: /ros2/a_mid_test/ros2/install/comp_topic_rclcpp/include/comp_topic_rclcpp/comp_topic_rclcpp/msg
[15.195s] -- Up-to-date: /ros2/a_mid_test/ros2/install/comp_topic_rclcpp/include/comp_topic_rclcpp/comp_topic_rclcpp/msg/detail
[15.195s] -- Installing: /ros2/a_mid_test/ros2/install/comp_topic_rclcpp/include/comp_topic_rclcpp/comp_topic_rclcpp/msg/detail/tracker_result__rosidl_typesupport_introspection_cpp.hpp
[15.195s] -- Installing: /ros2/a_mid_test/ros2/install/comp_topic_rclcpp/include/comp_topic_rclcpp/comp_topic_rclcpp/msg/detail/lane_result__rosidl_typesupport_introspection_cpp.hpp
[15.195s] -- Installing: /ros2/a_mid_test/ros2/install/comp_topic_rclcpp/include/comp_topic_rclcpp/comp_topic_rclcpp/msg/detail/yolo_result__rosidl_typesupport_introspection_cpp.hpp
[15.195s] -- Installing: /ros2/a_mid_test/ros2/install/comp_topic_rclcpp/include/comp_topic_rclcpp/comp_topic_rclcpp/msg/detail/lane_result__type_support.cpp
[15.195s] -- Installing: /ros2/a_mid_test/ros2/install/comp_topic_rclcpp/include/comp_topic_rclcpp/comp_topic_rclcpp/msg/detail/point_detect__type_support.cpp
[15.195s] -- Installing: /ros2/a_mid_test/ros2/install/comp_topic_rclcpp/include/comp_topic_rclcpp/comp_topic_rclcpp/msg/detail/yolo_result__type_support.cpp
[15.195s] -- Installing: /ros2/a_mid_test/ros2/install/comp_topic_rclcpp/include/comp_topic_rclcpp/comp_topic_rclcpp/msg/detail/yolo_piece__rosidl_typesupport_introspection_cpp.hpp
[15.196s] -- Installing: /ros2/a_mid_test/ros2/install/comp_topic_rclcpp/include/comp_topic_rclcpp/comp_topic_rclcpp/msg/detail/point_detect__rosidl_typesupport_introspection_cpp.hpp
[15.196s] -- Installing: /ros2/a_mid_test/ros2/install/comp_topic_rclcpp/include/comp_topic_rclcpp/comp_topic_rclcpp/msg/detail/tracker_result__type_support.cpp
[15.196s] -- Installing: /ros2/a_mid_test/ros2/install/comp_topic_rclcpp/include/comp_topic_rclcpp/comp_topic_rclcpp/msg/detail/yolo_piece__type_support.cpp
[15.196s] -- Installing: /ros2/a_mid_test/ros2/install/comp_topic_rclcpp/lib/libcomp_topic_rclcpp__rosidl_typesupport_introspection_cpp.so
[15.196s] -- Set runtime path of "/ros2/a_mid_test/ros2/install/comp_topic_rclcpp/lib/libcomp_topic_rclcpp__rosidl_typesupport_introspection_cpp.so" to ""
[15.197s] -- Installing: /ros2/a_mid_test/ros2/install/comp_topic_rclcpp/lib/libcomp_topic_rclcpp__rosidl_typesupport_cpp.so
[15.197s] -- Set runtime path of "/ros2/a_mid_test/ros2/install/comp_topic_rclcpp/lib/libcomp_topic_rclcpp__rosidl_typesupport_cpp.so" to ""
[15.197s] -- Up-to-date: /ros2/a_mid_test/ros2/install/comp_topic_rclcpp/share/comp_topic_rclcpp/environment/pythonpath.sh
[15.197s] -- Installing: /ros2/a_mid_test/ros2/install/comp_topic_rclcpp/share/comp_topic_rclcpp/environment/pythonpath.dsv
[15.197s] -- Up-to-date: /ros2/a_mid_test/ros2/install/comp_topic_rclcpp/local/lib/python3.10/dist-packages/comp_topic_rclcpp-0.0.0-py3.10.egg-info
[15.197s] -- Installing: /ros2/a_mid_test/ros2/install/comp_topic_rclcpp/local/lib/python3.10/dist-packages/comp_topic_rclcpp-0.0.0-py3.10.egg-info/top_level.txt
[15.197s] -- Installing: /ros2/a_mid_test/ros2/install/comp_topic_rclcpp/local/lib/python3.10/dist-packages/comp_topic_rclcpp-0.0.0-py3.10.egg-info/PKG-INFO
[15.197s] -- Installing: /ros2/a_mid_test/ros2/install/comp_topic_rclcpp/local/lib/python3.10/dist-packages/comp_topic_rclcpp-0.0.0-py3.10.egg-info/dependency_links.txt
[15.197s] -- Installing: /ros2/a_mid_test/ros2/install/comp_topic_rclcpp/local/lib/python3.10/dist-packages/comp_topic_rclcpp-0.0.0-py3.10.egg-info/SOURCES.txt
[15.198s] -- Up-to-date: /ros2/a_mid_test/ros2/install/comp_topic_rclcpp/local/lib/python3.10/dist-packages/comp_topic_rclcpp
[15.198s] -- Installing: /ros2/a_mid_test/ros2/install/comp_topic_rclcpp/local/lib/python3.10/dist-packages/comp_topic_rclcpp/libcomp_topic_rclcpp__rosidl_generator_py.so
[15.198s] -- Installing: /ros2/a_mid_test/ros2/install/comp_topic_rclcpp/local/lib/python3.10/dist-packages/comp_topic_rclcpp/_comp_topic_rclcpp_s.ep.rosidl_typesupport_fastrtps_c.c
[15.198s] -- Installing: /ros2/a_mid_test/ros2/install/comp_topic_rclcpp/local/lib/python3.10/dist-packages/comp_topic_rclcpp/comp_topic_rclcpp_s__rosidl_typesupport_fastrtps_c.cpython-310-x86_64-linux-gnu.so
[15.198s] -- Installing: /ros2/a_mid_test/ros2/install/comp_topic_rclcpp/local/lib/python3.10/dist-packages/comp_topic_rclcpp/_comp_topic_rclcpp_s.ep.rosidl_typesupport_introspection_c.c
[15.198s] -- Installing: /ros2/a_mid_test/ros2/install/comp_topic_rclcpp/local/lib/python3.10/dist-packages/comp_topic_rclcpp/__init__.py
[15.198s] -- Installing: /ros2/a_mid_test/ros2/install/comp_topic_rclcpp/local/lib/python3.10/dist-packages/comp_topic_rclcpp/comp_topic_rclcpp_s__rosidl_typesupport_c.cpython-310-x86_64-linux-gnu.so
[15.198s] -- Up-to-date: /ros2/a_mid_test/ros2/install/comp_topic_rclcpp/local/lib/python3.10/dist-packages/comp_topic_rclcpp/msg
[15.198s] -- Installing: /ros2/a_mid_test/ros2/install/comp_topic_rclcpp/local/lib/python3.10/dist-packages/comp_topic_rclcpp/msg/__init__.py
[15.199s] -- Installing: /ros2/a_mid_test/ros2/install/comp_topic_rclcpp/local/lib/python3.10/dist-packages/comp_topic_rclcpp/msg/_yolo_result_s.c
[15.199s] -- Installing: /ros2/a_mid_test/ros2/install/comp_topic_rclcpp/local/lib/python3.10/dist-packages/comp_topic_rclcpp/msg/_tracker_result.py
[15.199s] -- Installing: /ros2/a_mid_test/ros2/install/comp_topic_rclcpp/local/lib/python3.10/dist-packages/comp_topic_rclcpp/msg/_tracker_result_s.c
[15.199s] -- Installing: /ros2/a_mid_test/ros2/install/comp_topic_rclcpp/local/lib/python3.10/dist-packages/comp_topic_rclcpp/msg/_lane_result.py
[15.199s] -- Installing: /ros2/a_mid_test/ros2/install/comp_topic_rclcpp/local/lib/python3.10/dist-packages/comp_topic_rclcpp/msg/_yolo_piece_s.c
[15.199s] -- Installing: /ros2/a_mid_test/ros2/install/comp_topic_rclcpp/local/lib/python3.10/dist-packages/comp_topic_rclcpp/msg/_yolo_result.py
[15.199s] -- Installing: /ros2/a_mid_test/ros2/install/comp_topic_rclcpp/local/lib/python3.10/dist-packages/comp_topic_rclcpp/msg/_point_detect_s.c
[15.199s] -- Installing: /ros2/a_mid_test/ros2/install/comp_topic_rclcpp/local/lib/python3.10/dist-packages/comp_topic_rclcpp/msg/_yolo_piece.py
[15.199s] -- Installing: /ros2/a_mid_test/ros2/install/comp_topic_rclcpp/local/lib/python3.10/dist-packages/comp_topic_rclcpp/msg/_lane_result_s.c
[15.200s] -- Installing: /ros2/a_mid_test/ros2/install/comp_topic_rclcpp/local/lib/python3.10/dist-packages/comp_topic_rclcpp/msg/_point_detect.py
[15.200s] -- Installing: /ros2/a_mid_test/ros2/install/comp_topic_rclcpp/local/lib/python3.10/dist-packages/comp_topic_rclcpp/comp_topic_rclcpp_s__rosidl_typesupport_introspection_c.cpython-310-x86_64-linux-gnu.so
[15.200s] -- Installing: /ros2/a_mid_test/ros2/install/comp_topic_rclcpp/local/lib/python3.10/dist-packages/comp_topic_rclcpp/_comp_topic_rclcpp_s.ep.rosidl_typesupport_c.c
[15.226s] Listing '/ros2/a_mid_test/ros2/install/comp_topic_rclcpp/local/lib/python3.10/dist-packages/comp_topic_rclcpp'...
[15.226s] Compiling '/ros2/a_mid_test/ros2/install/comp_topic_rclcpp/local/lib/python3.10/dist-packages/comp_topic_rclcpp/__init__.py'...
[15.226s] Listing '/ros2/a_mid_test/ros2/install/comp_topic_rclcpp/local/lib/python3.10/dist-packages/comp_topic_rclcpp/msg'...
[15.226s] Compiling '/ros2/a_mid_test/ros2/install/comp_topic_rclcpp/local/lib/python3.10/dist-packages/comp_topic_rclcpp/msg/__init__.py'...
[15.226s] Compiling '/ros2/a_mid_test/ros2/install/comp_topic_rclcpp/local/lib/python3.10/dist-packages/comp_topic_rclcpp/msg/_lane_result.py'...
[15.226s] Compiling '/ros2/a_mid_test/ros2/install/comp_topic_rclcpp/local/lib/python3.10/dist-packages/comp_topic_rclcpp/msg/_point_detect.py'...
[15.226s] Compiling '/ros2/a_mid_test/ros2/install/comp_topic_rclcpp/local/lib/python3.10/dist-packages/comp_topic_rclcpp/msg/_tracker_result.py'...
[15.226s] Compiling '/ros2/a_mid_test/ros2/install/comp_topic_rclcpp/local/lib/python3.10/dist-packages/comp_topic_rclcpp/msg/_yolo_piece.py'...
[15.227s] Compiling '/ros2/a_mid_test/ros2/install/comp_topic_rclcpp/local/lib/python3.10/dist-packages/comp_topic_rclcpp/msg/_yolo_result.py'...
[15.229s] -- Installing: /ros2/a_mid_test/ros2/install/comp_topic_rclcpp/local/lib/python3.10/dist-packages/comp_topic_rclcpp/comp_topic_rclcpp_s__rosidl_typesupport_fastrtps_c.cpython-310-x86_64-linux-gnu.so
[15.229s] -- Set runtime path of "/ros2/a_mid_test/ros2/install/comp_topic_rclcpp/local/lib/python3.10/dist-packages/comp_topic_rclcpp/comp_topic_rclcpp_s__rosidl_typesupport_fastrtps_c.cpython-310-x86_64-linux-gnu.so" to ""
[15.229s] -- Installing: /ros2/a_mid_test/ros2/install/comp_topic_rclcpp/local/lib/python3.10/dist-packages/comp_topic_rclcpp/comp_topic_rclcpp_s__rosidl_typesupport_introspection_c.cpython-310-x86_64-linux-gnu.so
[15.230s] -- Set runtime path of "/ros2/a_mid_test/ros2/install/comp_topic_rclcpp/local/lib/python3.10/dist-packages/comp_topic_rclcpp/comp_topic_rclcpp_s__rosidl_typesupport_introspection_c.cpython-310-x86_64-linux-gnu.so" to ""
[15.230s] -- Installing: /ros2/a_mid_test/ros2/install/comp_topic_rclcpp/local/lib/python3.10/dist-packages/comp_topic_rclcpp/comp_topic_rclcpp_s__rosidl_typesupport_c.cpython-310-x86_64-linux-gnu.so
[15.230s] -- Set runtime path of "/ros2/a_mid_test/ros2/install/comp_topic_rclcpp/local/lib/python3.10/dist-packages/comp_topic_rclcpp/comp_topic_rclcpp_s__rosidl_typesupport_c.cpython-310-x86_64-linux-gnu.so" to ""
[15.230s] -- Installing: /ros2/a_mid_test/ros2/install/comp_topic_rclcpp/lib/libcomp_topic_rclcpp__rosidl_generator_py.so
[15.231s] -- Set runtime path of "/ros2/a_mid_test/ros2/install/comp_topic_rclcpp/lib/libcomp_topic_rclcpp__rosidl_generator_py.so" to ""
[15.231s] -- Up-to-date: /ros2/a_mid_test/ros2/install/comp_topic_rclcpp/share/comp_topic_rclcpp/msg/YoloPiece.idl
[15.231s] -- Up-to-date: /ros2/a_mid_test/ros2/install/comp_topic_rclcpp/share/comp_topic_rclcpp/msg/YoloResult.idl
[15.231s] -- Up-to-date: /ros2/a_mid_test/ros2/install/comp_topic_rclcpp/share/comp_topic_rclcpp/msg/TrackerResult.idl
[15.231s] -- Up-to-date: /ros2/a_mid_test/ros2/install/comp_topic_rclcpp/share/comp_topic_rclcpp/msg/LaneResult.idl
[15.231s] -- Up-to-date: /ros2/a_mid_test/ros2/install/comp_topic_rclcpp/share/comp_topic_rclcpp/msg/PointDetect.idl
[15.231s] -- Up-to-date: /ros2/a_mid_test/ros2/install/comp_topic_rclcpp/share/comp_topic_rclcpp/msg/YoloPiece.msg
[15.231s] -- Up-to-date: /ros2/a_mid_test/ros2/install/comp_topic_rclcpp/share/comp_topic_rclcpp/msg/YoloResult.msg
[15.231s] -- Up-to-date: /ros2/a_mid_test/ros2/install/comp_topic_rclcpp/share/comp_topic_rclcpp/msg/TrackerResult.msg
[15.231s] -- Up-to-date: /ros2/a_mid_test/ros2/install/comp_topic_rclcpp/share/comp_topic_rclcpp/msg/LaneResult.msg
[15.231s] -- Up-to-date: /ros2/a_mid_test/ros2/install/comp_topic_rclcpp/share/comp_topic_rclcpp/msg/PointDetect.msg
[15.231s] -- Installing: /ros2/a_mid_test/ros2/install/comp_topic_rclcpp/lib/comp_topic_rclcpp/CameraTimer
[15.232s] -- Set runtime path of "/ros2/a_mid_test/ros2/install/comp_topic_rclcpp/lib/comp_topic_rclcpp/CameraTimer" to ""
[15.232s] -- Installing: /ros2/a_mid_test/ros2/install/comp_topic_rclcpp/lib/comp_topic_rclcpp/Final
[15.239s] -- Set runtime path of "/ros2/a_mid_test/ros2/install/comp_topic_rclcpp/lib/comp_topic_rclcpp/Final" to ""
[15.240s] -- Installing: /ros2/a_mid_test/ros2/install/comp_topic_rclcpp/lib/comp_topic_rclcpp/Tracker
[15.245s] -- Set runtime path of "/ros2/a_mid_test/ros2/install/comp_topic_rclcpp/lib/comp_topic_rclcpp/Tracker" to ""
[15.245s] -- Installing: /ros2/a_mid_test/ros2/install/comp_topic_rclcpp/lib/comp_topic_rclcpp/Lane
[15.249s] -- Set runtime path of "/ros2/a_mid_test/ros2/install/comp_topic_rclcpp/lib/comp_topic_rclcpp/Lane" to ""
[15.249s] -- Installing: /ros2/a_mid_test/ros2/install/comp_topic_rclcpp/lib/comp_topic_rclcpp/Yolo
[15.252s] -- Up-to-date: /ros2/a_mid_test/ros2/install/comp_topic_rclcpp/share/ament_index/resource_index/package_run_dependencies/comp_topic_rclcpp
[15.252s] -- Up-to-date: /ros2/a_mid_test/ros2/install/comp_topic_rclcpp/share/ament_index/resource_index/parent_prefix_path/comp_topic_rclcpp
[15.252s] -- Up-to-date: /ros2/a_mid_test/ros2/install/comp_topic_rclcpp/share/comp_topic_rclcpp/environment/ament_prefix_path.sh
[15.252s] -- Installing: /ros2/a_mid_test/ros2/install/comp_topic_rclcpp/share/comp_topic_rclcpp/environment/ament_prefix_path.dsv
[15.253s] -- Up-to-date: /ros2/a_mid_test/ros2/install/comp_topic_rclcpp/share/comp_topic_rclcpp/environment/path.sh
[15.253s] -- Installing: /ros2/a_mid_test/ros2/install/comp_topic_rclcpp/share/comp_topic_rclcpp/environment/path.dsv
[15.253s] -- Up-to-date: /ros2/a_mid_test/ros2/install/comp_topic_rclcpp/share/comp_topic_rclcpp/local_setup.bash
[15.253s] -- Installing: /ros2/a_mid_test/ros2/install/comp_topic_rclcpp/share/comp_topic_rclcpp/local_setup.sh
[15.253s] -- Up-to-date: /ros2/a_mid_test/ros2/install/comp_topic_rclcpp/share/comp_topic_rclcpp/local_setup.zsh
[15.253s] -- Installing: /ros2/a_mid_test/ros2/install/comp_topic_rclcpp/share/comp_topic_rclcpp/local_setup.dsv
[15.253s] -- Installing: /ros2/a_mid_test/ros2/install/comp_topic_rclcpp/share/comp_topic_rclcpp/package.dsv
[15.253s] -- Up-to-date: /ros2/a_mid_test/ros2/install/comp_topic_rclcpp/share/ament_index/resource_index/packages/comp_topic_rclcpp
[15.253s] -- Up-to-date: /ros2/a_mid_test/ros2/install/comp_topic_rclcpp/share/comp_topic_rclcpp/cmake/export_comp_topic_rclcpp__rosidl_generator_cExport.cmake
[15.253s] -- Up-to-date: /ros2/a_mid_test/ros2/install/comp_topic_rclcpp/share/comp_topic_rclcpp/cmake/export_comp_topic_rclcpp__rosidl_generator_cExport-noconfig.cmake
[15.253s] -- Up-to-date: /ros2/a_mid_test/ros2/install/comp_topic_rclcpp/share/comp_topic_rclcpp/cmake/export_comp_topic_rclcpp__rosidl_typesupport_fastrtps_cExport.cmake
[15.253s] -- Up-to-date: /ros2/a_mid_test/ros2/install/comp_topic_rclcpp/share/comp_topic_rclcpp/cmake/export_comp_topic_rclcpp__rosidl_typesupport_fastrtps_cExport-noconfig.cmake
[15.253s] -- Up-to-date: /ros2/a_mid_test/ros2/install/comp_topic_rclcpp/share/comp_topic_rclcpp/cmake/export_comp_topic_rclcpp__rosidl_generator_cppExport.cmake
[15.253s] -- Up-to-date: /ros2/a_mid_test/ros2/install/comp_topic_rclcpp/share/comp_topic_rclcpp/cmake/export_comp_topic_rclcpp__rosidl_typesupport_fastrtps_cppExport.cmake
[15.254s] -- Up-to-date: /ros2/a_mid_test/ros2/install/comp_topic_rclcpp/share/comp_topic_rclcpp/cmake/export_comp_topic_rclcpp__rosidl_typesupport_fastrtps_cppExport-noconfig.cmake
[15.254s] -- Up-to-date: /ros2/a_mid_test/ros2/install/comp_topic_rclcpp/share/comp_topic_rclcpp/cmake/comp_topic_rclcpp__rosidl_typesupport_introspection_cExport.cmake
[15.254s] -- Up-to-date: /ros2/a_mid_test/ros2/install/comp_topic_rclcpp/share/comp_topic_rclcpp/cmake/comp_topic_rclcpp__rosidl_typesupport_introspection_cExport-noconfig.cmake
[15.254s] -- Up-to-date: /ros2/a_mid_test/ros2/install/comp_topic_rclcpp/share/comp_topic_rclcpp/cmake/comp_topic_rclcpp__rosidl_typesupport_cExport.cmake
[15.254s] -- Up-to-date: /ros2/a_mid_test/ros2/install/comp_topic_rclcpp/share/comp_topic_rclcpp/cmake/comp_topic_rclcpp__rosidl_typesupport_cExport-noconfig.cmake
[15.254s] -- Up-to-date: /ros2/a_mid_test/ros2/install/comp_topic_rclcpp/share/comp_topic_rclcpp/cmake/comp_topic_rclcpp__rosidl_typesupport_introspection_cppExport.cmake
[15.254s] -- Up-to-date: /ros2/a_mid_test/ros2/install/comp_topic_rclcpp/share/comp_topic_rclcpp/cmake/comp_topic_rclcpp__rosidl_typesupport_introspection_cppExport-noconfig.cmake
[15.254s] -- Up-to-date: /ros2/a_mid_test/ros2/install/comp_topic_rclcpp/share/comp_topic_rclcpp/cmake/comp_topic_rclcpp__rosidl_typesupport_cppExport.cmake
[15.254s] -- Up-to-date: /ros2/a_mid_test/ros2/install/comp_topic_rclcpp/share/comp_topic_rclcpp/cmake/comp_topic_rclcpp__rosidl_typesupport_cppExport-noconfig.cmake
[15.254s] -- Up-to-date: /ros2/a_mid_test/ros2/install/comp_topic_rclcpp/share/comp_topic_rclcpp/cmake/export_comp_topic_rclcpp__rosidl_generator_pyExport.cmake
[15.254s] -- Up-to-date: /ros2/a_mid_test/ros2/install/comp_topic_rclcpp/share/comp_topic_rclcpp/cmake/export_comp_topic_rclcpp__rosidl_generator_pyExport-noconfig.cmake
[15.254s] -- Up-to-date: /ros2/a_mid_test/ros2/install/comp_topic_rclcpp/share/comp_topic_rclcpp/cmake/rosidl_cmake-extras.cmake
[15.254s] -- Up-to-date: /ros2/a_mid_test/ros2/install/comp_topic_rclcpp/share/comp_topic_rclcpp/cmake/ament_cmake_export_dependencies-extras.cmake
[15.254s] -- Up-to-date: /ros2/a_mid_test/ros2/install/comp_topic_rclcpp/share/comp_topic_rclcpp/cmake/ament_cmake_export_include_directories-extras.cmake
[15.254s] -- Up-to-date: /ros2/a_mid_test/ros2/install/comp_topic_rclcpp/share/comp_topic_rclcpp/cmake/ament_cmake_export_libraries-extras.cmake
[15.255s] -- Up-to-date: /ros2/a_mid_test/ros2/install/comp_topic_rclcpp/share/comp_topic_rclcpp/cmake/ament_cmake_export_targets-extras.cmake
[15.255s] -- Up-to-date: /ros2/a_mid_test/ros2/install/comp_topic_rclcpp/share/comp_topic_rclcpp/cmake/rosidl_cmake_export_typesupport_targets-extras.cmake
[15.255s] -- Up-to-date: /ros2/a_mid_test/ros2/install/comp_topic_rclcpp/share/comp_topic_rclcpp/cmake/rosidl_cmake_export_typesupport_libraries-extras.cmake
[15.255s] -- Up-to-date: /ros2/a_mid_test/ros2/install/comp_topic_rclcpp/share/comp_topic_rclcpp/cmake/comp_topic_rclcppConfig.cmake
[15.255s] -- Up-to-date: /ros2/a_mid_test/ros2/install/comp_topic_rclcpp/share/comp_topic_rclcpp/cmake/comp_topic_rclcppConfig-version.cmake
[15.255s] -- Up-to-date: /ros2/a_mid_test/ros2/install/comp_topic_rclcpp/share/comp_topic_rclcpp/package.xml
[15.257s] Invoked command in '/ros2/a_mid_test/ros2/build/comp_topic_rclcpp' returned '0': CMAKE_PREFIX_PATH=/opt/ros/humble /usr/bin/cmake --install /ros2/a_mid_test/ros2/build/comp_topic_rclcpp
