[0.000000] (-) TimerEvent: {}
[0.000082] (comp_topic_rclcpp) JobQueued: {'identifier': 'comp_topic_rclcpp', 'dependencies': OrderedDict()}
[0.000105] (comp_topic_rclcpp) JobStarted: {'identifier': 'comp_topic_rclcpp'}
[0.007759] (comp_topic_rclcpp) JobProgress: {'identifier': 'comp_topic_rclcpp', 'progress': 'cmake'}
[0.008260] (comp_topic_rclcpp) JobProgress: {'identifier': 'comp_topic_rclcpp', 'progress': 'build'}
[0.008910] (comp_topic_rclcpp) Command: {'cmd': ['/usr/bin/cmake', '--build', '/ros2/a_mid_test/ros2/build/comp_topic_rclcpp', '--', '-j20', '-l20'], 'cwd': '/ros2/a_mid_test/ros2/build/comp_topic_rclcpp', 'env': OrderedDict([('HOSTNAME', 'dac7bb0e7b35'), ('GIT_ASKPASS', '/root/.vscode-server/bin/fabdb6a30b49f79a7aba0f2ad9df9b399473380f/extensions/git/dist/askpass.sh'), ('LOG_PATH', '/ros2/logs'), ('SHLVL', '3'), ('LD_LIBRARY_PATH', '/opt/ros/humble/opt/rviz_ogre_vendor/lib:/opt/ros/humble/lib/x86_64-linux-gnu:/opt/ros/humble/lib'), ('BROWSER', '/root/.vscode-server/bin/fabdb6a30b49f79a7aba0f2ad9df9b399473380f/bin/helpers/browser.sh'), ('HOME', '/root'), ('OLDPWD', '/ros2'), ('TERM_PROGRAM_VERSION', '1.96.2'), ('VSCODE_IPC_HOOK_CLI', '/tmp/vscode-ipc-3d033ab0-55d3-4890-93bd-a338736910bd.sock'), ('MODEL_PATH', '/ros2/a_mid_test/ros2/src/comp_topic_rclcpp/resources/yolov5s.onnx'), ('ROS_PYTHON_VERSION', '3'), ('VSCODE_GIT_ASKPASS_MAIN', '/root/.vscode-server/bin/fabdb6a30b49f79a7aba0f2ad9df9b399473380f/extensions/git/dist/askpass-main.js'), ('VSCODE_GIT_ASKPASS_NODE', '/root/.vscode-server/bin/fabdb6a30b49f79a7aba0f2ad9df9b399473380f/node'), ('LC_CTYPE', 'C.UTF-8'), ('DATA_PATH', '/ros2/a_mid_test/a_data/camera/800-1/front'), ('COLORTERM', 'truecolor'), ('OUTPUT_PATH', '/ros2/output'), ('REMOTE_CONTAINERS', 'true'), ('WORKSPACE', '/ros2/a_mid_test/ros2'), ('COLCON_PREFIX_PATH', '/root/ros2_ws/install'), ('ROS_DISTRO', 'humble'), ('REMOTE_CONTAINERS_IPC', '/tmp/vscode-remote-containers-ipc-108edfba-7e59-4821-84da-bfeea8b80a0a.sock'), ('_', '/usr/bin/colcon'), ('ROS_VERSION', '2'), ('TERM', 'xterm-256color'), ('ROS_LOCALHOST_ONLY', '0'), ('PATH', '/root/.vscode-server/bin/fabdb6a30b49f79a7aba0f2ad9df9b399473380f/bin/remote-cli:/opt/ros/humble/bin:/usr/local/sbin:/usr/local/bin:/usr/sbin:/usr/bin:/sbin:/bin'), ('REMOTE_CONTAINERS_SOCKETS', '["/root/.gnupg/S.gpg-agent"]'), ('LANG', 'en_US.UTF-8'), ('VSCODE_GIT_IPC_HANDLE', '/tmp/vscode-git-621e12c977.sock'), ('TERM_PROGRAM', 'vscode'), ('AMENT_PREFIX_PATH', '/opt/ros/humble'), ('SHELL', '/bin/bash'), ('VSCODE_GIT_ASKPASS_EXTRA_ARGS', ''), ('PWD', '/ros2/a_mid_test/ros2/build/comp_topic_rclcpp'), ('PYTHONPATH', '/opt/ros/humble/lib/python3.10/site-packages:/opt/ros/humble/local/lib/python3.10/dist-packages'), ('COLCON', '1'), ('CMAKE_PREFIX_PATH', '/opt/ros/humble')]), 'shell': False}
[0.035251] (comp_topic_rclcpp) StdoutLine: {'line': b'\x1b[35m\x1b[1mConsolidate compiler generated dependencies of target comp_topic_rclcpp__rosidl_generator_c\x1b[0m\n'}
[0.036988] (comp_topic_rclcpp) StdoutLine: {'line': b'\x1b[35m\x1b[1mConsolidate compiler generated dependencies of target CameraTimer\x1b[0m\n'}
[0.038434] (comp_topic_rclcpp) StdoutLine: {'line': b'[  1%] Built target comp_topic_rclcpp__cpp\n'}
[0.044587] (comp_topic_rclcpp) StdoutLine: {'line': b'[  2%] Built target ament_cmake_python_copy_comp_topic_rclcpp\n'}
[0.044795] (comp_topic_rclcpp) StdoutLine: {'line': b'[ 10%] Built target comp_topic_rclcpp__rosidl_generator_c\n'}
[0.046166] (comp_topic_rclcpp) StdoutLine: {'line': b'\x1b[35m\x1b[1mConsolidate compiler generated dependencies of target comp_topic_rclcpp__rosidl_typesupport_cpp\x1b[0m\n'}
[0.046305] (comp_topic_rclcpp) StdoutLine: {'line': b'\x1b[35m\x1b[1mConsolidate compiler generated dependencies of target comp_topic_rclcpp__rosidl_typesupport_introspection_cpp\x1b[0m\n'}
[0.050302] (comp_topic_rclcpp) StdoutLine: {'line': b'\x1b[35m\x1b[1mConsolidate compiler generated dependencies of target comp_topic_rclcpp__rosidl_typesupport_fastrtps_cpp\x1b[0m\n'}
[0.050953] (comp_topic_rclcpp) StdoutLine: {'line': b'[ 13%] Built target CameraTimer\n'}
[0.052587] (comp_topic_rclcpp) StdoutLine: {'line': b'\x1b[35m\x1b[1mConsolidate compiler generated dependencies of target comp_topic_rclcpp__rosidl_typesupport_c\x1b[0m\n'}
[0.052858] (comp_topic_rclcpp) StdoutLine: {'line': b'\x1b[35m\x1b[1mConsolidate compiler generated dependencies of target comp_topic_rclcpp__rosidl_typesupport_fastrtps_c\x1b[0m\n'}
[0.056919] (comp_topic_rclcpp) StdoutLine: {'line': b'[ 22%] Built target comp_topic_rclcpp__rosidl_typesupport_cpp\n'}
[0.057417] (comp_topic_rclcpp) StdoutLine: {'line': b'\x1b[35m\x1b[1mConsolidate compiler generated dependencies of target comp_topic_rclcpp__rosidl_typesupport_introspection_c\x1b[0m\n'}
[0.058578] (comp_topic_rclcpp) StdoutLine: {'line': b'[ 32%] Built target comp_topic_rclcpp__rosidl_typesupport_introspection_cpp\n'}
[0.061113] (comp_topic_rclcpp) StdoutLine: {'line': b'[ 41%] Built target comp_topic_rclcpp__rosidl_typesupport_c\n'}
[0.065322] (comp_topic_rclcpp) StdoutLine: {'line': b'\x1b[35m\x1b[1mConsolidate compiler generated dependencies of target Final\x1b[0m\n'}
[0.065531] (comp_topic_rclcpp) StdoutLine: {'line': b'[ 60%] Built target comp_topic_rclcpp__rosidl_typesupport_fastrtps_cpp\n'}
[0.065604] (comp_topic_rclcpp) StdoutLine: {'line': b'[ 60%] Built target comp_topic_rclcpp__rosidl_typesupport_fastrtps_c\n'}
[0.066297] (comp_topic_rclcpp) StdoutLine: {'line': b'[ 70%] Built target comp_topic_rclcpp__rosidl_typesupport_introspection_c\n'}
[0.066403] (comp_topic_rclcpp) StdoutLine: {'line': b'\x1b[35m\x1b[1mConsolidate compiler generated dependencies of target Tracker\x1b[0m\n'}
[0.070297] (comp_topic_rclcpp) StdoutLine: {'line': b'\x1b[35m\x1b[1mConsolidate compiler generated dependencies of target Lane\x1b[0m\n'}
[0.071465] (comp_topic_rclcpp) StdoutLine: {'line': b'\x1b[35m\x1b[1mConsolidate compiler generated dependencies of target Yolo\x1b[0m\n'}
[0.080108] (comp_topic_rclcpp) StdoutLine: {'line': b'[ 72%] Built target Tracker\n'}
[0.080864] (comp_topic_rclcpp) StdoutLine: {'line': b'[ 72%] Built target comp_topic_rclcpp\n'}
[0.082087] (comp_topic_rclcpp) StdoutLine: {'line': b'[ 75%] Built target Final\n'}
[0.084450] (comp_topic_rclcpp) StdoutLine: {'line': b'[ 79%] Built target Lane\n'}
[0.086345] (comp_topic_rclcpp) StdoutLine: {'line': b'[ 82%] Built target Yolo\n'}
[0.091423] (comp_topic_rclcpp) StdoutLine: {'line': b'[ 83%] Built target comp_topic_rclcpp__py\n'}
[0.097829] (comp_topic_rclcpp) StdoutLine: {'line': b'\x1b[35m\x1b[1mConsolidate compiler generated dependencies of target comp_topic_rclcpp__rosidl_generator_py\x1b[0m\n'}
[0.099286] (-) TimerEvent: {}
[0.106899] (comp_topic_rclcpp) StdoutLine: {'line': b'[ 91%] Built target comp_topic_rclcpp__rosidl_generator_py\n'}
[0.112639] (comp_topic_rclcpp) StdoutLine: {'line': b'\x1b[35m\x1b[1mConsolidate compiler generated dependencies of target comp_topic_rclcpp__rosidl_typesupport_introspection_c__pyext\x1b[0m\n'}
[0.112792] (comp_topic_rclcpp) StdoutLine: {'line': b'\x1b[35m\x1b[1mConsolidate compiler generated dependencies of target comp_topic_rclcpp__rosidl_typesupport_fastrtps_c__pyext\x1b[0m\n'}
[0.112907] (comp_topic_rclcpp) StdoutLine: {'line': b'\x1b[35m\x1b[1mConsolidate compiler generated dependencies of target comp_topic_rclcpp__rosidl_typesupport_c__pyext\x1b[0m\n'}
[0.120253] (comp_topic_rclcpp) StdoutLine: {'line': b'[ 94%] Built target comp_topic_rclcpp__rosidl_typesupport_fastrtps_c__pyext\n'}
[0.121289] (comp_topic_rclcpp) StdoutLine: {'line': b'[ 97%] Built target comp_topic_rclcpp__rosidl_typesupport_introspection_c__pyext\n'}
[0.121766] (comp_topic_rclcpp) StdoutLine: {'line': b'[100%] Built target comp_topic_rclcpp__rosidl_typesupport_c__pyext\n'}
[0.199400] (-) TimerEvent: {}
[0.208120] (comp_topic_rclcpp) StdoutLine: {'line': b'running egg_info\n'}
[0.208618] (comp_topic_rclcpp) StdoutLine: {'line': b'writing comp_topic_rclcpp.egg-info/PKG-INFO\n'}
[0.208762] (comp_topic_rclcpp) StdoutLine: {'line': b'writing dependency_links to comp_topic_rclcpp.egg-info/dependency_links.txt\n'}
[0.208874] (comp_topic_rclcpp) StdoutLine: {'line': b'writing top-level names to comp_topic_rclcpp.egg-info/top_level.txt\n'}
[0.210389] (comp_topic_rclcpp) StdoutLine: {'line': b"reading manifest file 'comp_topic_rclcpp.egg-info/SOURCES.txt'\n"}
[0.210888] (comp_topic_rclcpp) StdoutLine: {'line': b"writing manifest file 'comp_topic_rclcpp.egg-info/SOURCES.txt'\n"}
[0.226532] (comp_topic_rclcpp) StdoutLine: {'line': b'[100%] Built target ament_cmake_python_build_comp_topic_rclcpp_egg\n'}
[0.232607] (comp_topic_rclcpp) CommandEnded: {'returncode': 0}
[0.299237] (comp_topic_rclcpp) JobProgress: {'identifier': 'comp_topic_rclcpp', 'progress': 'install'}
[0.299470] (-) TimerEvent: {}
[0.304420] (comp_topic_rclcpp) Command: {'cmd': ['/usr/bin/cmake', '--install', '/ros2/a_mid_test/ros2/build/comp_topic_rclcpp'], 'cwd': '/ros2/a_mid_test/ros2/build/comp_topic_rclcpp', 'env': OrderedDict([('HOSTNAME', 'dac7bb0e7b35'), ('GIT_ASKPASS', '/root/.vscode-server/bin/fabdb6a30b49f79a7aba0f2ad9df9b399473380f/extensions/git/dist/askpass.sh'), ('LOG_PATH', '/ros2/logs'), ('SHLVL', '3'), ('LD_LIBRARY_PATH', '/opt/ros/humble/opt/rviz_ogre_vendor/lib:/opt/ros/humble/lib/x86_64-linux-gnu:/opt/ros/humble/lib'), ('BROWSER', '/root/.vscode-server/bin/fabdb6a30b49f79a7aba0f2ad9df9b399473380f/bin/helpers/browser.sh'), ('HOME', '/root'), ('OLDPWD', '/ros2'), ('TERM_PROGRAM_VERSION', '1.96.2'), ('VSCODE_IPC_HOOK_CLI', '/tmp/vscode-ipc-3d033ab0-55d3-4890-93bd-a338736910bd.sock'), ('MODEL_PATH', '/ros2/a_mid_test/ros2/src/comp_topic_rclcpp/resources/yolov5s.onnx'), ('ROS_PYTHON_VERSION', '3'), ('VSCODE_GIT_ASKPASS_MAIN', '/root/.vscode-server/bin/fabdb6a30b49f79a7aba0f2ad9df9b399473380f/extensions/git/dist/askpass-main.js'), ('VSCODE_GIT_ASKPASS_NODE', '/root/.vscode-server/bin/fabdb6a30b49f79a7aba0f2ad9df9b399473380f/node'), ('LC_CTYPE', 'C.UTF-8'), ('DATA_PATH', '/ros2/a_mid_test/a_data/camera/800-1/front'), ('COLORTERM', 'truecolor'), ('OUTPUT_PATH', '/ros2/output'), ('REMOTE_CONTAINERS', 'true'), ('WORKSPACE', '/ros2/a_mid_test/ros2'), ('COLCON_PREFIX_PATH', '/root/ros2_ws/install'), ('ROS_DISTRO', 'humble'), ('REMOTE_CONTAINERS_IPC', '/tmp/vscode-remote-containers-ipc-108edfba-7e59-4821-84da-bfeea8b80a0a.sock'), ('_', '/usr/bin/colcon'), ('ROS_VERSION', '2'), ('TERM', 'xterm-256color'), ('ROS_LOCALHOST_ONLY', '0'), ('PATH', '/root/.vscode-server/bin/fabdb6a30b49f79a7aba0f2ad9df9b399473380f/bin/remote-cli:/opt/ros/humble/bin:/usr/local/sbin:/usr/local/bin:/usr/sbin:/usr/bin:/sbin:/bin'), ('REMOTE_CONTAINERS_SOCKETS', '["/root/.gnupg/S.gpg-agent"]'), ('LANG', 'en_US.UTF-8'), ('VSCODE_GIT_IPC_HANDLE', '/tmp/vscode-git-621e12c977.sock'), ('TERM_PROGRAM', 'vscode'), ('AMENT_PREFIX_PATH', '/opt/ros/humble'), ('SHELL', '/bin/bash'), ('VSCODE_GIT_ASKPASS_EXTRA_ARGS', ''), ('PWD', '/ros2/a_mid_test/ros2/build/comp_topic_rclcpp'), ('PYTHONPATH', '/opt/ros/humble/lib/python3.10/site-packages:/opt/ros/humble/local/lib/python3.10/dist-packages'), ('COLCON', '1'), ('CMAKE_PREFIX_PATH', '/opt/ros/humble')]), 'shell': False}
[0.308571] (comp_topic_rclcpp) StdoutLine: {'line': b'-- Install configuration: ""\n'}
[0.308756] (comp_topic_rclcpp) StdoutLine: {'line': b'-- Up-to-date: /ros2/a_mid_test/ros2/install/comp_topic_rclcpp/share/ament_index/resource_index/rosidl_interfaces/comp_topic_rclcpp\n'}
[0.308903] (comp_topic_rclcpp) StdoutLine: {'line': b'-- Up-to-date: /ros2/a_mid_test/ros2/install/comp_topic_rclcpp/include/comp_topic_rclcpp/comp_topic_rclcpp\n'}
[0.309008] (comp_topic_rclcpp) StdoutLine: {'line': b'-- Up-to-date: /ros2/a_mid_test/ros2/install/comp_topic_rclcpp/include/comp_topic_rclcpp/comp_topic_rclcpp/msg\n'}
[0.309064] (comp_topic_rclcpp) StdoutLine: {'line': b'-- Up-to-date: /ros2/a_mid_test/ros2/install/comp_topic_rclcpp/include/comp_topic_rclcpp/comp_topic_rclcpp/msg/yolo_result.h\n'}
[0.309118] (comp_topic_rclcpp) StdoutLine: {'line': b'-- Up-to-date: /ros2/a_mid_test/ros2/install/comp_topic_rclcpp/include/comp_topic_rclcpp/comp_topic_rclcpp/msg/yolo_piece.h\n'}
[0.309171] (comp_topic_rclcpp) StdoutLine: {'line': b'-- Up-to-date: /ros2/a_mid_test/ros2/install/comp_topic_rclcpp/include/comp_topic_rclcpp/comp_topic_rclcpp/msg/detail\n'}
[0.309242] (comp_topic_rclcpp) StdoutLine: {'line': b'-- Up-to-date: /ros2/a_mid_test/ros2/install/comp_topic_rclcpp/include/comp_topic_rclcpp/comp_topic_rclcpp/msg/detail/tracker_result__struct.h\n'}
[0.309296] (comp_topic_rclcpp) StdoutLine: {'line': b'-- Up-to-date: /ros2/a_mid_test/ros2/install/comp_topic_rclcpp/include/comp_topic_rclcpp/comp_topic_rclcpp/msg/detail/lane_result__type_support.h\n'}
[0.309395] (comp_topic_rclcpp) StdoutLine: {'line': b'-- Up-to-date: /ros2/a_mid_test/ros2/install/comp_topic_rclcpp/include/comp_topic_rclcpp/comp_topic_rclcpp/msg/detail/lane_result__functions.c\n'}
[0.309463] (comp_topic_rclcpp) StdoutLine: {'line': b'-- Up-to-date: /ros2/a_mid_test/ros2/install/comp_topic_rclcpp/include/comp_topic_rclcpp/comp_topic_rclcpp/msg/detail/lane_result__struct.h\n'}
[0.309513] (comp_topic_rclcpp) StdoutLine: {'line': b'-- Up-to-date: /ros2/a_mid_test/ros2/install/comp_topic_rclcpp/include/comp_topic_rclcpp/comp_topic_rclcpp/msg/detail/yolo_result__functions.c\n'}
[0.309566] (comp_topic_rclcpp) StdoutLine: {'line': b'-- Up-to-date: /ros2/a_mid_test/ros2/install/comp_topic_rclcpp/include/comp_topic_rclcpp/comp_topic_rclcpp/msg/detail/yolo_result__type_support.h\n'}
[0.309619] (comp_topic_rclcpp) StdoutLine: {'line': b'-- Up-to-date: /ros2/a_mid_test/ros2/install/comp_topic_rclcpp/include/comp_topic_rclcpp/comp_topic_rclcpp/msg/detail/yolo_piece__functions.c\n'}
[0.309672] (comp_topic_rclcpp) StdoutLine: {'line': b'-- Up-to-date: /ros2/a_mid_test/ros2/install/comp_topic_rclcpp/include/comp_topic_rclcpp/comp_topic_rclcpp/msg/detail/tracker_result__functions.h\n'}
[0.309724] (comp_topic_rclcpp) StdoutLine: {'line': b'-- Up-to-date: /ros2/a_mid_test/ros2/install/comp_topic_rclcpp/include/comp_topic_rclcpp/comp_topic_rclcpp/msg/detail/yolo_piece__struct.h\n'}
[0.309777] (comp_topic_rclcpp) StdoutLine: {'line': b'-- Up-to-date: /ros2/a_mid_test/ros2/install/comp_topic_rclcpp/include/comp_topic_rclcpp/comp_topic_rclcpp/msg/detail/tracker_result__functions.c\n'}
[0.309965] (comp_topic_rclcpp) StdoutLine: {'line': b'-- Up-to-date: /ros2/a_mid_test/ros2/install/comp_topic_rclcpp/include/comp_topic_rclcpp/comp_topic_rclcpp/msg/detail/lane_result__functions.h\n'}
[0.310019] (comp_topic_rclcpp) StdoutLine: {'line': b'-- Up-to-date: /ros2/a_mid_test/ros2/install/comp_topic_rclcpp/include/comp_topic_rclcpp/comp_topic_rclcpp/msg/detail/point_detect__functions.c\n'}
[0.310073] (comp_topic_rclcpp) StdoutLine: {'line': b'-- Up-to-date: /ros2/a_mid_test/ros2/install/comp_topic_rclcpp/include/comp_topic_rclcpp/comp_topic_rclcpp/msg/detail/tracker_result__type_support.h\n'}
[0.310126] (comp_topic_rclcpp) StdoutLine: {'line': b'-- Up-to-date: /ros2/a_mid_test/ros2/install/comp_topic_rclcpp/include/comp_topic_rclcpp/comp_topic_rclcpp/msg/detail/yolo_result__struct.h\n'}
[0.310179] (comp_topic_rclcpp) StdoutLine: {'line': b'-- Up-to-date: /ros2/a_mid_test/ros2/install/comp_topic_rclcpp/include/comp_topic_rclcpp/comp_topic_rclcpp/msg/detail/point_detect__struct.h\n'}
[0.310280] (comp_topic_rclcpp) StdoutLine: {'line': b'-- Up-to-date: /ros2/a_mid_test/ros2/install/comp_topic_rclcpp/include/comp_topic_rclcpp/comp_topic_rclcpp/msg/detail/yolo_piece__type_support.h\n'}
[0.310328] (comp_topic_rclcpp) StdoutLine: {'line': b'-- Up-to-date: /ros2/a_mid_test/ros2/install/comp_topic_rclcpp/include/comp_topic_rclcpp/comp_topic_rclcpp/msg/detail/yolo_result__functions.h\n'}
[0.310389] (comp_topic_rclcpp) StdoutLine: {'line': b'-- Up-to-date: /ros2/a_mid_test/ros2/install/comp_topic_rclcpp/include/comp_topic_rclcpp/comp_topic_rclcpp/msg/detail/point_detect__functions.h\n'}
[0.310442] (comp_topic_rclcpp) StdoutLine: {'line': b'-- Up-to-date: /ros2/a_mid_test/ros2/install/comp_topic_rclcpp/include/comp_topic_rclcpp/comp_topic_rclcpp/msg/detail/yolo_piece__functions.h\n'}
[0.310494] (comp_topic_rclcpp) StdoutLine: {'line': b'-- Up-to-date: /ros2/a_mid_test/ros2/install/comp_topic_rclcpp/include/comp_topic_rclcpp/comp_topic_rclcpp/msg/detail/point_detect__type_support.h\n'}
[0.310546] (comp_topic_rclcpp) StdoutLine: {'line': b'-- Up-to-date: /ros2/a_mid_test/ros2/install/comp_topic_rclcpp/include/comp_topic_rclcpp/comp_topic_rclcpp/msg/tracker_result.h\n'}
[0.310643] (comp_topic_rclcpp) StdoutLine: {'line': b'-- Up-to-date: /ros2/a_mid_test/ros2/install/comp_topic_rclcpp/include/comp_topic_rclcpp/comp_topic_rclcpp/msg/point_detect.h\n'}
[0.310706] (comp_topic_rclcpp) StdoutLine: {'line': b'-- Up-to-date: /ros2/a_mid_test/ros2/install/comp_topic_rclcpp/include/comp_topic_rclcpp/comp_topic_rclcpp/msg/lane_result.h\n'}
[0.310756] (comp_topic_rclcpp) StdoutLine: {'line': b'-- Up-to-date: /ros2/a_mid_test/ros2/install/comp_topic_rclcpp/include/comp_topic_rclcpp/comp_topic_rclcpp/msg/rosidl_generator_c__visibility_control.h\n'}
[0.310803] (comp_topic_rclcpp) StdoutLine: {'line': b'-- Up-to-date: /ros2/a_mid_test/ros2/install/comp_topic_rclcpp/share/comp_topic_rclcpp/environment/library_path.sh\n'}
[0.310855] (comp_topic_rclcpp) StdoutLine: {'line': b'-- Up-to-date: /ros2/a_mid_test/ros2/install/comp_topic_rclcpp/share/comp_topic_rclcpp/environment/library_path.dsv\n'}
[0.310907] (comp_topic_rclcpp) StdoutLine: {'line': b'-- Up-to-date: /ros2/a_mid_test/ros2/install/comp_topic_rclcpp/lib/libcomp_topic_rclcpp__rosidl_generator_c.so\n'}
[0.310960] (comp_topic_rclcpp) StdoutLine: {'line': b'-- Up-to-date: /ros2/a_mid_test/ros2/install/comp_topic_rclcpp/include/comp_topic_rclcpp/comp_topic_rclcpp\n'}
[0.311013] (comp_topic_rclcpp) StdoutLine: {'line': b'-- Up-to-date: /ros2/a_mid_test/ros2/install/comp_topic_rclcpp/include/comp_topic_rclcpp/comp_topic_rclcpp/msg\n'}
[0.311064] (comp_topic_rclcpp) StdoutLine: {'line': b'-- Up-to-date: /ros2/a_mid_test/ros2/install/comp_topic_rclcpp/include/comp_topic_rclcpp/comp_topic_rclcpp/msg/rosidl_typesupport_fastrtps_c__visibility_control.h\n'}
[0.311117] (comp_topic_rclcpp) StdoutLine: {'line': b'-- Up-to-date: /ros2/a_mid_test/ros2/install/comp_topic_rclcpp/include/comp_topic_rclcpp/comp_topic_rclcpp/msg/detail\n'}
[0.311169] (comp_topic_rclcpp) StdoutLine: {'line': b'-- Up-to-date: /ros2/a_mid_test/ros2/install/comp_topic_rclcpp/include/comp_topic_rclcpp/comp_topic_rclcpp/msg/detail/yolo_result__rosidl_typesupport_fastrtps_c.h\n'}
[0.311274] (comp_topic_rclcpp) StdoutLine: {'line': b'-- Up-to-date: /ros2/a_mid_test/ros2/install/comp_topic_rclcpp/include/comp_topic_rclcpp/comp_topic_rclcpp/msg/detail/yolo_piece__rosidl_typesupport_fastrtps_c.h\n'}
[0.311323] (comp_topic_rclcpp) StdoutLine: {'line': b'-- Up-to-date: /ros2/a_mid_test/ros2/install/comp_topic_rclcpp/include/comp_topic_rclcpp/comp_topic_rclcpp/msg/detail/tracker_result__rosidl_typesupport_fastrtps_c.h\n'}
[0.311375] (comp_topic_rclcpp) StdoutLine: {'line': b'-- Up-to-date: /ros2/a_mid_test/ros2/install/comp_topic_rclcpp/include/comp_topic_rclcpp/comp_topic_rclcpp/msg/detail/point_detect__rosidl_typesupport_fastrtps_c.h\n'}
[0.311428] (comp_topic_rclcpp) StdoutLine: {'line': b'-- Up-to-date: /ros2/a_mid_test/ros2/install/comp_topic_rclcpp/include/comp_topic_rclcpp/comp_topic_rclcpp/msg/detail/lane_result__rosidl_typesupport_fastrtps_c.h\n'}
[0.311481] (comp_topic_rclcpp) StdoutLine: {'line': b'-- Up-to-date: /ros2/a_mid_test/ros2/install/comp_topic_rclcpp/lib/libcomp_topic_rclcpp__rosidl_typesupport_fastrtps_c.so\n'}
[0.311533] (comp_topic_rclcpp) StdoutLine: {'line': b'-- Up-to-date: /ros2/a_mid_test/ros2/install/comp_topic_rclcpp/include/comp_topic_rclcpp/comp_topic_rclcpp\n'}
[0.311585] (comp_topic_rclcpp) StdoutLine: {'line': b'-- Up-to-date: /ros2/a_mid_test/ros2/install/comp_topic_rclcpp/include/comp_topic_rclcpp/comp_topic_rclcpp/msg\n'}
[0.311637] (comp_topic_rclcpp) StdoutLine: {'line': b'-- Up-to-date: /ros2/a_mid_test/ros2/install/comp_topic_rclcpp/include/comp_topic_rclcpp/comp_topic_rclcpp/msg/lane_result.hpp\n'}
[0.311721] (comp_topic_rclcpp) StdoutLine: {'line': b'-- Up-to-date: /ros2/a_mid_test/ros2/install/comp_topic_rclcpp/include/comp_topic_rclcpp/comp_topic_rclcpp/msg/point_detect.hpp\n'}
[0.311772] (comp_topic_rclcpp) StdoutLine: {'line': b'-- Up-to-date: /ros2/a_mid_test/ros2/install/comp_topic_rclcpp/include/comp_topic_rclcpp/comp_topic_rclcpp/msg/detail\n'}
[0.311833] (comp_topic_rclcpp) StdoutLine: {'line': b'-- Up-to-date: /ros2/a_mid_test/ros2/install/comp_topic_rclcpp/include/comp_topic_rclcpp/comp_topic_rclcpp/msg/detail/tracker_result__traits.hpp\n'}
[0.311886] (comp_topic_rclcpp) StdoutLine: {'line': b'-- Up-to-date: /ros2/a_mid_test/ros2/install/comp_topic_rclcpp/include/comp_topic_rclcpp/comp_topic_rclcpp/msg/detail/yolo_result__builder.hpp\n'}
[0.311938] (comp_topic_rclcpp) StdoutLine: {'line': b'-- Up-to-date: /ros2/a_mid_test/ros2/install/comp_topic_rclcpp/include/comp_topic_rclcpp/comp_topic_rclcpp/msg/detail/yolo_piece__traits.hpp\n'}
[0.311990] (comp_topic_rclcpp) StdoutLine: {'line': b'-- Up-to-date: /ros2/a_mid_test/ros2/install/comp_topic_rclcpp/include/comp_topic_rclcpp/comp_topic_rclcpp/msg/detail/point_detect__struct.hpp\n'}
[0.312194] (comp_topic_rclcpp) StdoutLine: {'line': b'-- Up-to-date: /ros2/a_mid_test/ros2/install/comp_topic_rclcpp/include/comp_topic_rclcpp/comp_topic_rclcpp/msg/detail/yolo_piece__builder.hpp\n'}
[0.312257] (comp_topic_rclcpp) StdoutLine: {'line': b'-- Up-to-date: /ros2/a_mid_test/ros2/install/comp_topic_rclcpp/include/comp_topic_rclcpp/comp_topic_rclcpp/msg/detail/point_detect__traits.hpp\n'}
[0.312309] (comp_topic_rclcpp) StdoutLine: {'line': b'-- Up-to-date: /ros2/a_mid_test/ros2/install/comp_topic_rclcpp/include/comp_topic_rclcpp/comp_topic_rclcpp/msg/detail/yolo_piece__struct.hpp\n'}
[0.312358] (comp_topic_rclcpp) StdoutLine: {'line': b'-- Up-to-date: /ros2/a_mid_test/ros2/install/comp_topic_rclcpp/include/comp_topic_rclcpp/comp_topic_rclcpp/msg/detail/point_detect__builder.hpp\n'}
[0.312406] (comp_topic_rclcpp) StdoutLine: {'line': b'-- Up-to-date: /ros2/a_mid_test/ros2/install/comp_topic_rclcpp/include/comp_topic_rclcpp/comp_topic_rclcpp/msg/detail/lane_result__traits.hpp\n'}
[0.312458] (comp_topic_rclcpp) StdoutLine: {'line': b'-- Up-to-date: /ros2/a_mid_test/ros2/install/comp_topic_rclcpp/include/comp_topic_rclcpp/comp_topic_rclcpp/msg/detail/yolo_result__traits.hpp\n'}
[0.312506] (comp_topic_rclcpp) StdoutLine: {'line': b'-- Up-to-date: /ros2/a_mid_test/ros2/install/comp_topic_rclcpp/include/comp_topic_rclcpp/comp_topic_rclcpp/msg/detail/lane_result__struct.hpp\n'}
[0.312553] (comp_topic_rclcpp) StdoutLine: {'line': b'-- Up-to-date: /ros2/a_mid_test/ros2/install/comp_topic_rclcpp/include/comp_topic_rclcpp/comp_topic_rclcpp/msg/detail/yolo_result__struct.hpp\n'}
[0.312600] (comp_topic_rclcpp) StdoutLine: {'line': b'-- Up-to-date: /ros2/a_mid_test/ros2/install/comp_topic_rclcpp/include/comp_topic_rclcpp/comp_topic_rclcpp/msg/detail/lane_result__builder.hpp\n'}
[0.312648] (comp_topic_rclcpp) StdoutLine: {'line': b'-- Up-to-date: /ros2/a_mid_test/ros2/install/comp_topic_rclcpp/include/comp_topic_rclcpp/comp_topic_rclcpp/msg/detail/tracker_result__struct.hpp\n'}
[0.312695] (comp_topic_rclcpp) StdoutLine: {'line': b'-- Up-to-date: /ros2/a_mid_test/ros2/install/comp_topic_rclcpp/include/comp_topic_rclcpp/comp_topic_rclcpp/msg/detail/tracker_result__builder.hpp\n'}
[0.312742] (comp_topic_rclcpp) StdoutLine: {'line': b'-- Up-to-date: /ros2/a_mid_test/ros2/install/comp_topic_rclcpp/include/comp_topic_rclcpp/comp_topic_rclcpp/msg/yolo_piece.hpp\n'}
[0.312788] (comp_topic_rclcpp) StdoutLine: {'line': b'-- Up-to-date: /ros2/a_mid_test/ros2/install/comp_topic_rclcpp/include/comp_topic_rclcpp/comp_topic_rclcpp/msg/yolo_result.hpp\n'}
[0.312835] (comp_topic_rclcpp) StdoutLine: {'line': b'-- Up-to-date: /ros2/a_mid_test/ros2/install/comp_topic_rclcpp/include/comp_topic_rclcpp/comp_topic_rclcpp/msg/tracker_result.hpp\n'}
[0.312882] (comp_topic_rclcpp) StdoutLine: {'line': b'-- Up-to-date: /ros2/a_mid_test/ros2/install/comp_topic_rclcpp/include/comp_topic_rclcpp/comp_topic_rclcpp\n'}
[0.312928] (comp_topic_rclcpp) StdoutLine: {'line': b'-- Up-to-date: /ros2/a_mid_test/ros2/install/comp_topic_rclcpp/include/comp_topic_rclcpp/comp_topic_rclcpp/msg\n'}
[0.312981] (comp_topic_rclcpp) StdoutLine: {'line': b'-- Up-to-date: /ros2/a_mid_test/ros2/install/comp_topic_rclcpp/include/comp_topic_rclcpp/comp_topic_rclcpp/msg/detail\n'}
[0.313031] (comp_topic_rclcpp) StdoutLine: {'line': b'-- Up-to-date: /ros2/a_mid_test/ros2/install/comp_topic_rclcpp/include/comp_topic_rclcpp/comp_topic_rclcpp/msg/detail/yolo_piece__rosidl_typesupport_fastrtps_cpp.hpp\n'}
[0.313078] (comp_topic_rclcpp) StdoutLine: {'line': b'-- Up-to-date: /ros2/a_mid_test/ros2/install/comp_topic_rclcpp/include/comp_topic_rclcpp/comp_topic_rclcpp/msg/detail/point_detect__rosidl_typesupport_fastrtps_cpp.hpp\n'}
[0.313125] (comp_topic_rclcpp) StdoutLine: {'line': b'-- Up-to-date: /ros2/a_mid_test/ros2/install/comp_topic_rclcpp/include/comp_topic_rclcpp/comp_topic_rclcpp/msg/detail/yolo_result__rosidl_typesupport_fastrtps_cpp.hpp\n'}
[0.313171] (comp_topic_rclcpp) StdoutLine: {'line': b'-- Up-to-date: /ros2/a_mid_test/ros2/install/comp_topic_rclcpp/include/comp_topic_rclcpp/comp_topic_rclcpp/msg/detail/tracker_result__rosidl_typesupport_fastrtps_cpp.hpp\n'}
[0.313217] (comp_topic_rclcpp) StdoutLine: {'line': b'-- Up-to-date: /ros2/a_mid_test/ros2/install/comp_topic_rclcpp/include/comp_topic_rclcpp/comp_topic_rclcpp/msg/detail/dds_fastrtps\n'}
[0.313263] (comp_topic_rclcpp) StdoutLine: {'line': b'-- Up-to-date: /ros2/a_mid_test/ros2/install/comp_topic_rclcpp/include/comp_topic_rclcpp/comp_topic_rclcpp/msg/detail/lane_result__rosidl_typesupport_fastrtps_cpp.hpp\n'}
[0.313309] (comp_topic_rclcpp) StdoutLine: {'line': b'-- Up-to-date: /ros2/a_mid_test/ros2/install/comp_topic_rclcpp/include/comp_topic_rclcpp/comp_topic_rclcpp/msg/rosidl_typesupport_fastrtps_cpp__visibility_control.h\n'}
[0.313355] (comp_topic_rclcpp) StdoutLine: {'line': b'-- Up-to-date: /ros2/a_mid_test/ros2/install/comp_topic_rclcpp/lib/libcomp_topic_rclcpp__rosidl_typesupport_fastrtps_cpp.so\n'}
[0.313402] (comp_topic_rclcpp) StdoutLine: {'line': b'-- Up-to-date: /ros2/a_mid_test/ros2/install/comp_topic_rclcpp/include/comp_topic_rclcpp/comp_topic_rclcpp\n'}
[0.313448] (comp_topic_rclcpp) StdoutLine: {'line': b'-- Up-to-date: /ros2/a_mid_test/ros2/install/comp_topic_rclcpp/include/comp_topic_rclcpp/comp_topic_rclcpp/msg\n'}
[0.313495] (comp_topic_rclcpp) StdoutLine: {'line': b'-- Up-to-date: /ros2/a_mid_test/ros2/install/comp_topic_rclcpp/include/comp_topic_rclcpp/comp_topic_rclcpp/msg/detail\n'}
[0.313541] (comp_topic_rclcpp) StdoutLine: {'line': b'-- Up-to-date: /ros2/a_mid_test/ros2/install/comp_topic_rclcpp/include/comp_topic_rclcpp/comp_topic_rclcpp/msg/detail/point_detect__type_support.c\n'}
[0.313588] (comp_topic_rclcpp) StdoutLine: {'line': b'-- Up-to-date: /ros2/a_mid_test/ros2/install/comp_topic_rclcpp/include/comp_topic_rclcpp/comp_topic_rclcpp/msg/detail/yolo_result__type_support.c\n'}
[0.313635] (comp_topic_rclcpp) StdoutLine: {'line': b'-- Up-to-date: /ros2/a_mid_test/ros2/install/comp_topic_rclcpp/include/comp_topic_rclcpp/comp_topic_rclcpp/msg/detail/yolo_result__rosidl_typesupport_introspection_c.h\n'}
[0.313681] (comp_topic_rclcpp) StdoutLine: {'line': b'-- Up-to-date: /ros2/a_mid_test/ros2/install/comp_topic_rclcpp/include/comp_topic_rclcpp/comp_topic_rclcpp/msg/detail/yolo_piece__type_support.c\n'}
[0.313730] (comp_topic_rclcpp) StdoutLine: {'line': b'-- Up-to-date: /ros2/a_mid_test/ros2/install/comp_topic_rclcpp/include/comp_topic_rclcpp/comp_topic_rclcpp/msg/detail/yolo_piece__rosidl_typesupport_introspection_c.h\n'}
[0.313777] (comp_topic_rclcpp) StdoutLine: {'line': b'-- Up-to-date: /ros2/a_mid_test/ros2/install/comp_topic_rclcpp/include/comp_topic_rclcpp/comp_topic_rclcpp/msg/detail/lane_result__type_support.c\n'}
[0.313836] (comp_topic_rclcpp) StdoutLine: {'line': b'-- Up-to-date: /ros2/a_mid_test/ros2/install/comp_topic_rclcpp/include/comp_topic_rclcpp/comp_topic_rclcpp/msg/detail/tracker_result__rosidl_typesupport_introspection_c.h\n'}
[0.313885] (comp_topic_rclcpp) StdoutLine: {'line': b'-- Up-to-date: /ros2/a_mid_test/ros2/install/comp_topic_rclcpp/include/comp_topic_rclcpp/comp_topic_rclcpp/msg/detail/lane_result__rosidl_typesupport_introspection_c.h\n'}
[0.313931] (comp_topic_rclcpp) StdoutLine: {'line': b'-- Up-to-date: /ros2/a_mid_test/ros2/install/comp_topic_rclcpp/include/comp_topic_rclcpp/comp_topic_rclcpp/msg/detail/point_detect__rosidl_typesupport_introspection_c.h\n'}
[0.313981] (comp_topic_rclcpp) StdoutLine: {'line': b'-- Up-to-date: /ros2/a_mid_test/ros2/install/comp_topic_rclcpp/include/comp_topic_rclcpp/comp_topic_rclcpp/msg/detail/tracker_result__type_support.c\n'}
[0.314028] (comp_topic_rclcpp) StdoutLine: {'line': b'-- Up-to-date: /ros2/a_mid_test/ros2/install/comp_topic_rclcpp/include/comp_topic_rclcpp/comp_topic_rclcpp/msg/rosidl_typesupport_introspection_c__visibility_control.h\n'}
[0.314075] (comp_topic_rclcpp) StdoutLine: {'line': b'-- Up-to-date: /ros2/a_mid_test/ros2/install/comp_topic_rclcpp/lib/libcomp_topic_rclcpp__rosidl_typesupport_introspection_c.so\n'}
[0.314122] (comp_topic_rclcpp) StdoutLine: {'line': b'-- Up-to-date: /ros2/a_mid_test/ros2/install/comp_topic_rclcpp/lib/libcomp_topic_rclcpp__rosidl_typesupport_c.so\n'}
[0.314168] (comp_topic_rclcpp) StdoutLine: {'line': b'-- Up-to-date: /ros2/a_mid_test/ros2/install/comp_topic_rclcpp/include/comp_topic_rclcpp/comp_topic_rclcpp\n'}
[0.314215] (comp_topic_rclcpp) StdoutLine: {'line': b'-- Up-to-date: /ros2/a_mid_test/ros2/install/comp_topic_rclcpp/include/comp_topic_rclcpp/comp_topic_rclcpp/msg\n'}
[0.314261] (comp_topic_rclcpp) StdoutLine: {'line': b'-- Up-to-date: /ros2/a_mid_test/ros2/install/comp_topic_rclcpp/include/comp_topic_rclcpp/comp_topic_rclcpp/msg/detail\n'}
[0.314313] (comp_topic_rclcpp) StdoutLine: {'line': b'-- Up-to-date: /ros2/a_mid_test/ros2/install/comp_topic_rclcpp/include/comp_topic_rclcpp/comp_topic_rclcpp/msg/detail/tracker_result__rosidl_typesupport_introspection_cpp.hpp\n'}
[0.314360] (comp_topic_rclcpp) StdoutLine: {'line': b'-- Up-to-date: /ros2/a_mid_test/ros2/install/comp_topic_rclcpp/include/comp_topic_rclcpp/comp_topic_rclcpp/msg/detail/lane_result__rosidl_typesupport_introspection_cpp.hpp\n'}
[0.314407] (comp_topic_rclcpp) StdoutLine: {'line': b'-- Up-to-date: /ros2/a_mid_test/ros2/install/comp_topic_rclcpp/include/comp_topic_rclcpp/comp_topic_rclcpp/msg/detail/yolo_result__rosidl_typesupport_introspection_cpp.hpp\n'}
[0.314455] (comp_topic_rclcpp) StdoutLine: {'line': b'-- Up-to-date: /ros2/a_mid_test/ros2/install/comp_topic_rclcpp/include/comp_topic_rclcpp/comp_topic_rclcpp/msg/detail/lane_result__type_support.cpp\n'}
[0.314501] (comp_topic_rclcpp) StdoutLine: {'line': b'-- Up-to-date: /ros2/a_mid_test/ros2/install/comp_topic_rclcpp/include/comp_topic_rclcpp/comp_topic_rclcpp/msg/detail/point_detect__type_support.cpp\n'}
[0.314548] (comp_topic_rclcpp) StdoutLine: {'line': b'-- Up-to-date: /ros2/a_mid_test/ros2/install/comp_topic_rclcpp/include/comp_topic_rclcpp/comp_topic_rclcpp/msg/detail/yolo_result__type_support.cpp\n'}
[0.314595] (comp_topic_rclcpp) StdoutLine: {'line': b'-- Up-to-date: /ros2/a_mid_test/ros2/install/comp_topic_rclcpp/include/comp_topic_rclcpp/comp_topic_rclcpp/msg/detail/yolo_piece__rosidl_typesupport_introspection_cpp.hpp\n'}
[0.314643] (comp_topic_rclcpp) StdoutLine: {'line': b'-- Up-to-date: /ros2/a_mid_test/ros2/install/comp_topic_rclcpp/include/comp_topic_rclcpp/comp_topic_rclcpp/msg/detail/point_detect__rosidl_typesupport_introspection_cpp.hpp\n'}
[0.314690] (comp_topic_rclcpp) StdoutLine: {'line': b'-- Up-to-date: /ros2/a_mid_test/ros2/install/comp_topic_rclcpp/include/comp_topic_rclcpp/comp_topic_rclcpp/msg/detail/tracker_result__type_support.cpp\n'}
[0.314738] (comp_topic_rclcpp) StdoutLine: {'line': b'-- Up-to-date: /ros2/a_mid_test/ros2/install/comp_topic_rclcpp/include/comp_topic_rclcpp/comp_topic_rclcpp/msg/detail/yolo_piece__type_support.cpp\n'}
[0.314785] (comp_topic_rclcpp) StdoutLine: {'line': b'-- Up-to-date: /ros2/a_mid_test/ros2/install/comp_topic_rclcpp/lib/libcomp_topic_rclcpp__rosidl_typesupport_introspection_cpp.so\n'}
[0.314832] (comp_topic_rclcpp) StdoutLine: {'line': b'-- Up-to-date: /ros2/a_mid_test/ros2/install/comp_topic_rclcpp/lib/libcomp_topic_rclcpp__rosidl_typesupport_cpp.so\n'}
[0.314878] (comp_topic_rclcpp) StdoutLine: {'line': b'-- Up-to-date: /ros2/a_mid_test/ros2/install/comp_topic_rclcpp/share/comp_topic_rclcpp/environment/pythonpath.sh\n'}
[0.314927] (comp_topic_rclcpp) StdoutLine: {'line': b'-- Up-to-date: /ros2/a_mid_test/ros2/install/comp_topic_rclcpp/share/comp_topic_rclcpp/environment/pythonpath.dsv\n'}
[0.314974] (comp_topic_rclcpp) StdoutLine: {'line': b'-- Up-to-date: /ros2/a_mid_test/ros2/install/comp_topic_rclcpp/local/lib/python3.10/dist-packages/comp_topic_rclcpp-0.0.0-py3.10.egg-info\n'}
[0.315023] (comp_topic_rclcpp) StdoutLine: {'line': b'-- Installing: /ros2/a_mid_test/ros2/install/comp_topic_rclcpp/local/lib/python3.10/dist-packages/comp_topic_rclcpp-0.0.0-py3.10.egg-info/top_level.txt\n'}
[0.315070] (comp_topic_rclcpp) StdoutLine: {'line': b'-- Installing: /ros2/a_mid_test/ros2/install/comp_topic_rclcpp/local/lib/python3.10/dist-packages/comp_topic_rclcpp-0.0.0-py3.10.egg-info/PKG-INFO\n'}
[0.315116] (comp_topic_rclcpp) StdoutLine: {'line': b'-- Installing: /ros2/a_mid_test/ros2/install/comp_topic_rclcpp/local/lib/python3.10/dist-packages/comp_topic_rclcpp-0.0.0-py3.10.egg-info/dependency_links.txt\n'}
[0.315163] (comp_topic_rclcpp) StdoutLine: {'line': b'-- Installing: /ros2/a_mid_test/ros2/install/comp_topic_rclcpp/local/lib/python3.10/dist-packages/comp_topic_rclcpp-0.0.0-py3.10.egg-info/SOURCES.txt\n'}
[0.315210] (comp_topic_rclcpp) StdoutLine: {'line': b'-- Up-to-date: /ros2/a_mid_test/ros2/install/comp_topic_rclcpp/local/lib/python3.10/dist-packages/comp_topic_rclcpp\n'}
[0.315257] (comp_topic_rclcpp) StdoutLine: {'line': b'-- Up-to-date: /ros2/a_mid_test/ros2/install/comp_topic_rclcpp/local/lib/python3.10/dist-packages/comp_topic_rclcpp/libcomp_topic_rclcpp__rosidl_generator_py.so\n'}
[0.315304] (comp_topic_rclcpp) StdoutLine: {'line': b'-- Up-to-date: /ros2/a_mid_test/ros2/install/comp_topic_rclcpp/local/lib/python3.10/dist-packages/comp_topic_rclcpp/_comp_topic_rclcpp_s.ep.rosidl_typesupport_fastrtps_c.c\n'}
[0.315351] (comp_topic_rclcpp) StdoutLine: {'line': b'-- Up-to-date: /ros2/a_mid_test/ros2/install/comp_topic_rclcpp/local/lib/python3.10/dist-packages/comp_topic_rclcpp/comp_topic_rclcpp_s__rosidl_typesupport_fastrtps_c.cpython-310-x86_64-linux-gnu.so\n'}
[0.315399] (comp_topic_rclcpp) StdoutLine: {'line': b'-- Up-to-date: /ros2/a_mid_test/ros2/install/comp_topic_rclcpp/local/lib/python3.10/dist-packages/comp_topic_rclcpp/_comp_topic_rclcpp_s.ep.rosidl_typesupport_introspection_c.c\n'}
[0.315446] (comp_topic_rclcpp) StdoutLine: {'line': b'-- Up-to-date: /ros2/a_mid_test/ros2/install/comp_topic_rclcpp/local/lib/python3.10/dist-packages/comp_topic_rclcpp/__init__.py\n'}
[0.315493] (comp_topic_rclcpp) StdoutLine: {'line': b'-- Up-to-date: /ros2/a_mid_test/ros2/install/comp_topic_rclcpp/local/lib/python3.10/dist-packages/comp_topic_rclcpp/comp_topic_rclcpp_s__rosidl_typesupport_c.cpython-310-x86_64-linux-gnu.so\n'}
[0.315541] (comp_topic_rclcpp) StdoutLine: {'line': b'-- Up-to-date: /ros2/a_mid_test/ros2/install/comp_topic_rclcpp/local/lib/python3.10/dist-packages/comp_topic_rclcpp/msg\n'}
[0.315592] (comp_topic_rclcpp) StdoutLine: {'line': b'-- Up-to-date: /ros2/a_mid_test/ros2/install/comp_topic_rclcpp/local/lib/python3.10/dist-packages/comp_topic_rclcpp/msg/__init__.py\n'}
[0.315639] (comp_topic_rclcpp) StdoutLine: {'line': b'-- Up-to-date: /ros2/a_mid_test/ros2/install/comp_topic_rclcpp/local/lib/python3.10/dist-packages/comp_topic_rclcpp/msg/_yolo_result_s.c\n'}
[0.315685] (comp_topic_rclcpp) StdoutLine: {'line': b'-- Up-to-date: /ros2/a_mid_test/ros2/install/comp_topic_rclcpp/local/lib/python3.10/dist-packages/comp_topic_rclcpp/msg/_tracker_result.py\n'}
[0.315732] (comp_topic_rclcpp) StdoutLine: {'line': b'-- Up-to-date: /ros2/a_mid_test/ros2/install/comp_topic_rclcpp/local/lib/python3.10/dist-packages/comp_topic_rclcpp/msg/_tracker_result_s.c\n'}
[0.315778] (comp_topic_rclcpp) StdoutLine: {'line': b'-- Up-to-date: /ros2/a_mid_test/ros2/install/comp_topic_rclcpp/local/lib/python3.10/dist-packages/comp_topic_rclcpp/msg/_lane_result.py\n'}
[0.315824] (comp_topic_rclcpp) StdoutLine: {'line': b'-- Up-to-date: /ros2/a_mid_test/ros2/install/comp_topic_rclcpp/local/lib/python3.10/dist-packages/comp_topic_rclcpp/msg/_yolo_piece_s.c\n'}
[0.315873] (comp_topic_rclcpp) StdoutLine: {'line': b'-- Up-to-date: /ros2/a_mid_test/ros2/install/comp_topic_rclcpp/local/lib/python3.10/dist-packages/comp_topic_rclcpp/msg/_yolo_result.py\n'}
[0.315919] (comp_topic_rclcpp) StdoutLine: {'line': b'-- Up-to-date: /ros2/a_mid_test/ros2/install/comp_topic_rclcpp/local/lib/python3.10/dist-packages/comp_topic_rclcpp/msg/_point_detect_s.c\n'}
[0.315966] (comp_topic_rclcpp) StdoutLine: {'line': b'-- Up-to-date: /ros2/a_mid_test/ros2/install/comp_topic_rclcpp/local/lib/python3.10/dist-packages/comp_topic_rclcpp/msg/_yolo_piece.py\n'}
[0.316012] (comp_topic_rclcpp) StdoutLine: {'line': b'-- Up-to-date: /ros2/a_mid_test/ros2/install/comp_topic_rclcpp/local/lib/python3.10/dist-packages/comp_topic_rclcpp/msg/_lane_result_s.c\n'}
[0.316058] (comp_topic_rclcpp) StdoutLine: {'line': b'-- Up-to-date: /ros2/a_mid_test/ros2/install/comp_topic_rclcpp/local/lib/python3.10/dist-packages/comp_topic_rclcpp/msg/_point_detect.py\n'}
[0.316104] (comp_topic_rclcpp) StdoutLine: {'line': b'-- Up-to-date: /ros2/a_mid_test/ros2/install/comp_topic_rclcpp/local/lib/python3.10/dist-packages/comp_topic_rclcpp/comp_topic_rclcpp_s__rosidl_typesupport_introspection_c.cpython-310-x86_64-linux-gnu.so\n'}
[0.316152] (comp_topic_rclcpp) StdoutLine: {'line': b'-- Up-to-date: /ros2/a_mid_test/ros2/install/comp_topic_rclcpp/local/lib/python3.10/dist-packages/comp_topic_rclcpp/_comp_topic_rclcpp_s.ep.rosidl_typesupport_c.c\n'}
[0.333208] (comp_topic_rclcpp) StdoutLine: {'line': b"Listing '/ros2/a_mid_test/ros2/install/comp_topic_rclcpp/local/lib/python3.10/dist-packages/comp_topic_rclcpp'...\n"}
[0.333325] (comp_topic_rclcpp) StdoutLine: {'line': b"Listing '/ros2/a_mid_test/ros2/install/comp_topic_rclcpp/local/lib/python3.10/dist-packages/comp_topic_rclcpp/msg'...\n"}
[0.336156] (comp_topic_rclcpp) StdoutLine: {'line': b'-- Up-to-date: /ros2/a_mid_test/ros2/install/comp_topic_rclcpp/local/lib/python3.10/dist-packages/comp_topic_rclcpp/comp_topic_rclcpp_s__rosidl_typesupport_fastrtps_c.cpython-310-x86_64-linux-gnu.so\n'}
[0.336321] (comp_topic_rclcpp) StdoutLine: {'line': b'-- Up-to-date: /ros2/a_mid_test/ros2/install/comp_topic_rclcpp/local/lib/python3.10/dist-packages/comp_topic_rclcpp/comp_topic_rclcpp_s__rosidl_typesupport_introspection_c.cpython-310-x86_64-linux-gnu.so\n'}
[0.336481] (comp_topic_rclcpp) StdoutLine: {'line': b'-- Up-to-date: /ros2/a_mid_test/ros2/install/comp_topic_rclcpp/local/lib/python3.10/dist-packages/comp_topic_rclcpp/comp_topic_rclcpp_s__rosidl_typesupport_c.cpython-310-x86_64-linux-gnu.so\n'}
[0.336638] (comp_topic_rclcpp) StdoutLine: {'line': b'-- Up-to-date: /ros2/a_mid_test/ros2/install/comp_topic_rclcpp/lib/libcomp_topic_rclcpp__rosidl_generator_py.so\n'}
[0.336776] (comp_topic_rclcpp) StdoutLine: {'line': b'-- Up-to-date: /ros2/a_mid_test/ros2/install/comp_topic_rclcpp/share/comp_topic_rclcpp/msg/YoloPiece.idl\n'}
[0.336950] (comp_topic_rclcpp) StdoutLine: {'line': b'-- Up-to-date: /ros2/a_mid_test/ros2/install/comp_topic_rclcpp/share/comp_topic_rclcpp/msg/YoloResult.idl\n'}
[0.337023] (comp_topic_rclcpp) StdoutLine: {'line': b'-- Up-to-date: /ros2/a_mid_test/ros2/install/comp_topic_rclcpp/share/comp_topic_rclcpp/msg/TrackerResult.idl\n'}
[0.337079] (comp_topic_rclcpp) StdoutLine: {'line': b'-- Up-to-date: /ros2/a_mid_test/ros2/install/comp_topic_rclcpp/share/comp_topic_rclcpp/msg/LaneResult.idl\n'}
[0.337134] (comp_topic_rclcpp) StdoutLine: {'line': b'-- Up-to-date: /ros2/a_mid_test/ros2/install/comp_topic_rclcpp/share/comp_topic_rclcpp/msg/PointDetect.idl\n'}
[0.337188] (comp_topic_rclcpp) StdoutLine: {'line': b'-- Up-to-date: /ros2/a_mid_test/ros2/install/comp_topic_rclcpp/share/comp_topic_rclcpp/msg/YoloPiece.msg\n'}
[0.337241] (comp_topic_rclcpp) StdoutLine: {'line': b'-- Up-to-date: /ros2/a_mid_test/ros2/install/comp_topic_rclcpp/share/comp_topic_rclcpp/msg/YoloResult.msg\n'}
[0.337294] (comp_topic_rclcpp) StdoutLine: {'line': b'-- Up-to-date: /ros2/a_mid_test/ros2/install/comp_topic_rclcpp/share/comp_topic_rclcpp/msg/TrackerResult.msg\n'}
[0.337347] (comp_topic_rclcpp) StdoutLine: {'line': b'-- Up-to-date: /ros2/a_mid_test/ros2/install/comp_topic_rclcpp/share/comp_topic_rclcpp/msg/LaneResult.msg\n'}
[0.337427] (comp_topic_rclcpp) StdoutLine: {'line': b'-- Up-to-date: /ros2/a_mid_test/ros2/install/comp_topic_rclcpp/share/comp_topic_rclcpp/msg/PointDetect.msg\n'}
[0.337477] (comp_topic_rclcpp) StdoutLine: {'line': b'-- Up-to-date: /ros2/a_mid_test/ros2/install/comp_topic_rclcpp/lib/comp_topic_rclcpp/CameraTimer\n'}
[0.337526] (comp_topic_rclcpp) StdoutLine: {'line': b'-- Up-to-date: /ros2/a_mid_test/ros2/install/comp_topic_rclcpp/lib/comp_topic_rclcpp/Final\n'}
[0.337580] (comp_topic_rclcpp) StdoutLine: {'line': b'-- Up-to-date: /ros2/a_mid_test/ros2/install/comp_topic_rclcpp/lib/comp_topic_rclcpp/Tracker\n'}
[0.337652] (comp_topic_rclcpp) StdoutLine: {'line': b'-- Up-to-date: /ros2/a_mid_test/ros2/install/comp_topic_rclcpp/lib/comp_topic_rclcpp/Lane\n'}
[0.337705] (comp_topic_rclcpp) StdoutLine: {'line': b'-- Up-to-date: /ros2/a_mid_test/ros2/install/comp_topic_rclcpp/lib/comp_topic_rclcpp/Yolo\n'}
[0.337841] (comp_topic_rclcpp) StdoutLine: {'line': b'-- Up-to-date: /ros2/a_mid_test/ros2/install/comp_topic_rclcpp/share/ament_index/resource_index/package_run_dependencies/comp_topic_rclcpp\n'}
[0.337917] (comp_topic_rclcpp) StdoutLine: {'line': b'-- Up-to-date: /ros2/a_mid_test/ros2/install/comp_topic_rclcpp/share/ament_index/resource_index/parent_prefix_path/comp_topic_rclcpp\n'}
[0.337972] (comp_topic_rclcpp) StdoutLine: {'line': b'-- Up-to-date: /ros2/a_mid_test/ros2/install/comp_topic_rclcpp/share/comp_topic_rclcpp/environment/ament_prefix_path.sh\n'}
[0.338027] (comp_topic_rclcpp) StdoutLine: {'line': b'-- Up-to-date: /ros2/a_mid_test/ros2/install/comp_topic_rclcpp/share/comp_topic_rclcpp/environment/ament_prefix_path.dsv\n'}
[0.338080] (comp_topic_rclcpp) StdoutLine: {'line': b'-- Up-to-date: /ros2/a_mid_test/ros2/install/comp_topic_rclcpp/share/comp_topic_rclcpp/environment/path.sh\n'}
[0.338134] (comp_topic_rclcpp) StdoutLine: {'line': b'-- Up-to-date: /ros2/a_mid_test/ros2/install/comp_topic_rclcpp/share/comp_topic_rclcpp/environment/path.dsv\n'}
[0.338187] (comp_topic_rclcpp) StdoutLine: {'line': b'-- Up-to-date: /ros2/a_mid_test/ros2/install/comp_topic_rclcpp/share/comp_topic_rclcpp/local_setup.bash\n'}
[0.338239] (comp_topic_rclcpp) StdoutLine: {'line': b'-- Up-to-date: /ros2/a_mid_test/ros2/install/comp_topic_rclcpp/share/comp_topic_rclcpp/local_setup.sh\n'}
[0.338326] (comp_topic_rclcpp) StdoutLine: {'line': b'-- Up-to-date: /ros2/a_mid_test/ros2/install/comp_topic_rclcpp/share/comp_topic_rclcpp/local_setup.zsh\n'}
[0.338379] (comp_topic_rclcpp) StdoutLine: {'line': b'-- Up-to-date: /ros2/a_mid_test/ros2/install/comp_topic_rclcpp/share/comp_topic_rclcpp/local_setup.dsv\n'}
[0.338431] (comp_topic_rclcpp) StdoutLine: {'line': b'-- Installing: /ros2/a_mid_test/ros2/install/comp_topic_rclcpp/share/comp_topic_rclcpp/package.dsv\n'}
[0.338483] (comp_topic_rclcpp) StdoutLine: {'line': b'-- Up-to-date: /ros2/a_mid_test/ros2/install/comp_topic_rclcpp/share/ament_index/resource_index/packages/comp_topic_rclcpp\n'}
[0.338575] (comp_topic_rclcpp) StdoutLine: {'line': b'-- Up-to-date: /ros2/a_mid_test/ros2/install/comp_topic_rclcpp/share/comp_topic_rclcpp/cmake/export_comp_topic_rclcpp__rosidl_generator_cExport.cmake\n'}
[0.338629] (comp_topic_rclcpp) StdoutLine: {'line': b'-- Up-to-date: /ros2/a_mid_test/ros2/install/comp_topic_rclcpp/share/comp_topic_rclcpp/cmake/export_comp_topic_rclcpp__rosidl_generator_cExport-noconfig.cmake\n'}
[0.338682] (comp_topic_rclcpp) StdoutLine: {'line': b'-- Up-to-date: /ros2/a_mid_test/ros2/install/comp_topic_rclcpp/share/comp_topic_rclcpp/cmake/export_comp_topic_rclcpp__rosidl_typesupport_fastrtps_cExport.cmake\n'}
[0.338734] (comp_topic_rclcpp) StdoutLine: {'line': b'-- Up-to-date: /ros2/a_mid_test/ros2/install/comp_topic_rclcpp/share/comp_topic_rclcpp/cmake/export_comp_topic_rclcpp__rosidl_typesupport_fastrtps_cExport-noconfig.cmake\n'}
[0.338786] (comp_topic_rclcpp) StdoutLine: {'line': b'-- Up-to-date: /ros2/a_mid_test/ros2/install/comp_topic_rclcpp/share/comp_topic_rclcpp/cmake/export_comp_topic_rclcpp__rosidl_generator_cppExport.cmake\n'}
[0.338869] (comp_topic_rclcpp) StdoutLine: {'line': b'-- Up-to-date: /ros2/a_mid_test/ros2/install/comp_topic_rclcpp/share/comp_topic_rclcpp/cmake/export_comp_topic_rclcpp__rosidl_typesupport_fastrtps_cppExport.cmake\n'}
[0.338922] (comp_topic_rclcpp) StdoutLine: {'line': b'-- Up-to-date: /ros2/a_mid_test/ros2/install/comp_topic_rclcpp/share/comp_topic_rclcpp/cmake/export_comp_topic_rclcpp__rosidl_typesupport_fastrtps_cppExport-noconfig.cmake\n'}
[0.338974] (comp_topic_rclcpp) StdoutLine: {'line': b'-- Up-to-date: /ros2/a_mid_test/ros2/install/comp_topic_rclcpp/share/comp_topic_rclcpp/cmake/comp_topic_rclcpp__rosidl_typesupport_introspection_cExport.cmake\n'}
[0.339027] (comp_topic_rclcpp) StdoutLine: {'line': b'-- Up-to-date: /ros2/a_mid_test/ros2/install/comp_topic_rclcpp/share/comp_topic_rclcpp/cmake/comp_topic_rclcpp__rosidl_typesupport_introspection_cExport-noconfig.cmake\n'}
[0.339079] (comp_topic_rclcpp) StdoutLine: {'line': b'-- Up-to-date: /ros2/a_mid_test/ros2/install/comp_topic_rclcpp/share/comp_topic_rclcpp/cmake/comp_topic_rclcpp__rosidl_typesupport_cExport.cmake\n'}
[0.339131] (comp_topic_rclcpp) StdoutLine: {'line': b'-- Up-to-date: /ros2/a_mid_test/ros2/install/comp_topic_rclcpp/share/comp_topic_rclcpp/cmake/comp_topic_rclcpp__rosidl_typesupport_cExport-noconfig.cmake\n'}
[0.339184] (comp_topic_rclcpp) StdoutLine: {'line': b'-- Up-to-date: /ros2/a_mid_test/ros2/install/comp_topic_rclcpp/share/comp_topic_rclcpp/cmake/comp_topic_rclcpp__rosidl_typesupport_introspection_cppExport.cmake\n'}
[0.339237] (comp_topic_rclcpp) StdoutLine: {'line': b'-- Up-to-date: /ros2/a_mid_test/ros2/install/comp_topic_rclcpp/share/comp_topic_rclcpp/cmake/comp_topic_rclcpp__rosidl_typesupport_introspection_cppExport-noconfig.cmake\n'}
[0.339289] (comp_topic_rclcpp) StdoutLine: {'line': b'-- Up-to-date: /ros2/a_mid_test/ros2/install/comp_topic_rclcpp/share/comp_topic_rclcpp/cmake/comp_topic_rclcpp__rosidl_typesupport_cppExport.cmake\n'}
[0.339341] (comp_topic_rclcpp) StdoutLine: {'line': b'-- Up-to-date: /ros2/a_mid_test/ros2/install/comp_topic_rclcpp/share/comp_topic_rclcpp/cmake/comp_topic_rclcpp__rosidl_typesupport_cppExport-noconfig.cmake\n'}
[0.339447] (comp_topic_rclcpp) StdoutLine: {'line': b'-- Up-to-date: /ros2/a_mid_test/ros2/install/comp_topic_rclcpp/share/comp_topic_rclcpp/cmake/export_comp_topic_rclcpp__rosidl_generator_pyExport.cmake\n'}
[0.339503] (comp_topic_rclcpp) StdoutLine: {'line': b'-- Up-to-date: /ros2/a_mid_test/ros2/install/comp_topic_rclcpp/share/comp_topic_rclcpp/cmake/export_comp_topic_rclcpp__rosidl_generator_pyExport-noconfig.cmake\n'}
[0.339551] (comp_topic_rclcpp) StdoutLine: {'line': b'-- Up-to-date: /ros2/a_mid_test/ros2/install/comp_topic_rclcpp/share/comp_topic_rclcpp/cmake/rosidl_cmake-extras.cmake\n'}
[0.339598] (comp_topic_rclcpp) StdoutLine: {'line': b'-- Up-to-date: /ros2/a_mid_test/ros2/install/comp_topic_rclcpp/share/comp_topic_rclcpp/cmake/ament_cmake_export_dependencies-extras.cmake\n'}
[0.339645] (comp_topic_rclcpp) StdoutLine: {'line': b'-- Up-to-date: /ros2/a_mid_test/ros2/install/comp_topic_rclcpp/share/comp_topic_rclcpp/cmake/ament_cmake_export_include_directories-extras.cmake\n'}
[0.339691] (comp_topic_rclcpp) StdoutLine: {'line': b'-- Up-to-date: /ros2/a_mid_test/ros2/install/comp_topic_rclcpp/share/comp_topic_rclcpp/cmake/ament_cmake_export_libraries-extras.cmake\n'}
[0.339738] (comp_topic_rclcpp) StdoutLine: {'line': b'-- Up-to-date: /ros2/a_mid_test/ros2/install/comp_topic_rclcpp/share/comp_topic_rclcpp/cmake/ament_cmake_export_targets-extras.cmake\n'}
[0.339785] (comp_topic_rclcpp) StdoutLine: {'line': b'-- Up-to-date: /ros2/a_mid_test/ros2/install/comp_topic_rclcpp/share/comp_topic_rclcpp/cmake/rosidl_cmake_export_typesupport_targets-extras.cmake\n'}
[0.339831] (comp_topic_rclcpp) StdoutLine: {'line': b'-- Up-to-date: /ros2/a_mid_test/ros2/install/comp_topic_rclcpp/share/comp_topic_rclcpp/cmake/rosidl_cmake_export_typesupport_libraries-extras.cmake\n'}
[0.339877] (comp_topic_rclcpp) StdoutLine: {'line': b'-- Up-to-date: /ros2/a_mid_test/ros2/install/comp_topic_rclcpp/share/comp_topic_rclcpp/cmake/comp_topic_rclcppConfig.cmake\n'}
[0.339927] (comp_topic_rclcpp) StdoutLine: {'line': b'-- Up-to-date: /ros2/a_mid_test/ros2/install/comp_topic_rclcpp/share/comp_topic_rclcpp/cmake/comp_topic_rclcppConfig-version.cmake\n'}
[0.339976] (comp_topic_rclcpp) StdoutLine: {'line': b'-- Up-to-date: /ros2/a_mid_test/ros2/install/comp_topic_rclcpp/share/comp_topic_rclcpp/package.xml\n'}
[0.340697] (comp_topic_rclcpp) CommandEnded: {'returncode': 0}
[0.399553] (-) TimerEvent: {}
[0.440084] (comp_topic_rclcpp) JobEnded: {'identifier': 'comp_topic_rclcpp', 'rc': 0}
[0.440580] (-) EventReactorShutdown: {}
