[0.009s] Invoking command in '/ros2/a_mid_test/ros2/build/comp_topic_rclcpp': CMAKE_PREFIX_PATH=/opt/ros/humble /usr/bin/cmake --build /ros2/a_mid_test/ros2/build/comp_topic_rclcpp -- -j20 -l20
[0.035s] [35m[1mConsolidate compiler generated dependencies of target comp_topic_rclcpp__rosidl_generator_c[0m
[0.037s] [35m[1mConsolidate compiler generated dependencies of target CameraTimer[0m
[0.038s] [  1%] Built target comp_topic_rclcpp__cpp
[0.045s] [  2%] Built target ament_cmake_python_copy_comp_topic_rclcpp
[0.045s] [ 10%] Built target comp_topic_rclcpp__rosidl_generator_c
[0.046s] [35m[1mConsolidate compiler generated dependencies of target comp_topic_rclcpp__rosidl_typesupport_cpp[0m
[0.046s] [35m[1mConsolidate compiler generated dependencies of target comp_topic_rclcpp__rosidl_typesupport_introspection_cpp[0m
[0.050s] [35m[1mConsolidate compiler generated dependencies of target comp_topic_rclcpp__rosidl_typesupport_fastrtps_cpp[0m
[0.051s] [ 13%] Built target CameraTimer
[0.052s] [35m[1mConsolidate compiler generated dependencies of target comp_topic_rclcpp__rosidl_typesupport_c[0m
[0.053s] [35m[1mConsolidate compiler generated dependencies of target comp_topic_rclcpp__rosidl_typesupport_fastrtps_c[0m
[0.057s] [ 22%] Built target comp_topic_rclcpp__rosidl_typesupport_cpp
[0.057s] [35m[1mConsolidate compiler generated dependencies of target comp_topic_rclcpp__rosidl_typesupport_introspection_c[0m
[0.058s] [ 32%] Built target comp_topic_rclcpp__rosidl_typesupport_introspection_cpp
[0.061s] [ 41%] Built target comp_topic_rclcpp__rosidl_typesupport_c
[0.065s] [35m[1mConsolidate compiler generated dependencies of target Final[0m
[0.065s] [ 60%] Built target comp_topic_rclcpp__rosidl_typesupport_fastrtps_cpp
[0.065s] [ 60%] Built target comp_topic_rclcpp__rosidl_typesupport_fastrtps_c
[0.066s] [ 70%] Built target comp_topic_rclcpp__rosidl_typesupport_introspection_c
[0.066s] [35m[1mConsolidate compiler generated dependencies of target Tracker[0m
[0.070s] [35m[1mConsolidate compiler generated dependencies of target Lane[0m
[0.071s] [35m[1mConsolidate compiler generated dependencies of target Yolo[0m
[0.080s] [ 72%] Built target Tracker
[0.081s] [ 72%] Built target comp_topic_rclcpp
[0.082s] [ 75%] Built target Final
[0.084s] [ 79%] Built target Lane
[0.086s] [ 82%] Built target Yolo
[0.091s] [ 83%] Built target comp_topic_rclcpp__py
[0.098s] [35m[1mConsolidate compiler generated dependencies of target comp_topic_rclcpp__rosidl_generator_py[0m
[0.107s] [ 91%] Built target comp_topic_rclcpp__rosidl_generator_py
[0.113s] [35m[1mConsolidate compiler generated dependencies of target comp_topic_rclcpp__rosidl_typesupport_introspection_c__pyext[0m
[0.113s] [35m[1mConsolidate compiler generated dependencies of target comp_topic_rclcpp__rosidl_typesupport_fastrtps_c__pyext[0m
[0.113s] [35m[1mConsolidate compiler generated dependencies of target comp_topic_rclcpp__rosidl_typesupport_c__pyext[0m
[0.120s] [ 94%] Built target comp_topic_rclcpp__rosidl_typesupport_fastrtps_c__pyext
[0.121s] [ 97%] Built target comp_topic_rclcpp__rosidl_typesupport_introspection_c__pyext
[0.122s] [100%] Built target comp_topic_rclcpp__rosidl_typesupport_c__pyext
[0.208s] running egg_info
[0.208s] writing comp_topic_rclcpp.egg-info/PKG-INFO
[0.209s] writing dependency_links to comp_topic_rclcpp.egg-info/dependency_links.txt
[0.209s] writing top-level names to comp_topic_rclcpp.egg-info/top_level.txt
[0.210s] reading manifest file 'comp_topic_rclcpp.egg-info/SOURCES.txt'
[0.211s] writing manifest file 'comp_topic_rclcpp.egg-info/SOURCES.txt'
[0.226s] [100%] Built target ament_cmake_python_build_comp_topic_rclcpp_egg
[0.233s] Invoked command in '/ros2/a_mid_test/ros2/build/comp_topic_rclcpp' returned '0': CMAKE_PREFIX_PATH=/opt/ros/humble /usr/bin/cmake --build /ros2/a_mid_test/ros2/build/comp_topic_rclcpp -- -j20 -l20
[0.305s] Invoking command in '/ros2/a_mid_test/ros2/build/comp_topic_rclcpp': CMAKE_PREFIX_PATH=/opt/ros/humble /usr/bin/cmake --install /ros2/a_mid_test/ros2/build/comp_topic_rclcpp
[0.309s] -- Install configuration: ""
[0.309s] -- Up-to-date: /ros2/a_mid_test/ros2/install/comp_topic_rclcpp/share/ament_index/resource_index/rosidl_interfaces/comp_topic_rclcpp
[0.309s] -- Up-to-date: /ros2/a_mid_test/ros2/install/comp_topic_rclcpp/include/comp_topic_rclcpp/comp_topic_rclcpp
[0.309s] -- Up-to-date: /ros2/a_mid_test/ros2/install/comp_topic_rclcpp/include/comp_topic_rclcpp/comp_topic_rclcpp/msg
[0.309s] -- Up-to-date: /ros2/a_mid_test/ros2/install/comp_topic_rclcpp/include/comp_topic_rclcpp/comp_topic_rclcpp/msg/yolo_result.h
[0.309s] -- Up-to-date: /ros2/a_mid_test/ros2/install/comp_topic_rclcpp/include/comp_topic_rclcpp/comp_topic_rclcpp/msg/yolo_piece.h
[0.309s] -- Up-to-date: /ros2/a_mid_test/ros2/install/comp_topic_rclcpp/include/comp_topic_rclcpp/comp_topic_rclcpp/msg/detail
[0.309s] -- Up-to-date: /ros2/a_mid_test/ros2/install/comp_topic_rclcpp/include/comp_topic_rclcpp/comp_topic_rclcpp/msg/detail/tracker_result__struct.h
[0.309s] -- Up-to-date: /ros2/a_mid_test/ros2/install/comp_topic_rclcpp/include/comp_topic_rclcpp/comp_topic_rclcpp/msg/detail/lane_result__type_support.h
[0.309s] -- Up-to-date: /ros2/a_mid_test/ros2/install/comp_topic_rclcpp/include/comp_topic_rclcpp/comp_topic_rclcpp/msg/detail/lane_result__functions.c
[0.309s] -- Up-to-date: /ros2/a_mid_test/ros2/install/comp_topic_rclcpp/include/comp_topic_rclcpp/comp_topic_rclcpp/msg/detail/lane_result__struct.h
[0.309s] -- Up-to-date: /ros2/a_mid_test/ros2/install/comp_topic_rclcpp/include/comp_topic_rclcpp/comp_topic_rclcpp/msg/detail/yolo_result__functions.c
[0.309s] -- Up-to-date: /ros2/a_mid_test/ros2/install/comp_topic_rclcpp/include/comp_topic_rclcpp/comp_topic_rclcpp/msg/detail/yolo_result__type_support.h
[0.309s] -- Up-to-date: /ros2/a_mid_test/ros2/install/comp_topic_rclcpp/include/comp_topic_rclcpp/comp_topic_rclcpp/msg/detail/yolo_piece__functions.c
[0.310s] -- Up-to-date: /ros2/a_mid_test/ros2/install/comp_topic_rclcpp/include/comp_topic_rclcpp/comp_topic_rclcpp/msg/detail/tracker_result__functions.h
[0.310s] -- Up-to-date: /ros2/a_mid_test/ros2/install/comp_topic_rclcpp/include/comp_topic_rclcpp/comp_topic_rclcpp/msg/detail/yolo_piece__struct.h
[0.310s] -- Up-to-date: /ros2/a_mid_test/ros2/install/comp_topic_rclcpp/include/comp_topic_rclcpp/comp_topic_rclcpp/msg/detail/tracker_result__functions.c
[0.310s] -- Up-to-date: /ros2/a_mid_test/ros2/install/comp_topic_rclcpp/include/comp_topic_rclcpp/comp_topic_rclcpp/msg/detail/lane_result__functions.h
[0.310s] -- Up-to-date: /ros2/a_mid_test/ros2/install/comp_topic_rclcpp/include/comp_topic_rclcpp/comp_topic_rclcpp/msg/detail/point_detect__functions.c
[0.310s] -- Up-to-date: /ros2/a_mid_test/ros2/install/comp_topic_rclcpp/include/comp_topic_rclcpp/comp_topic_rclcpp/msg/detail/tracker_result__type_support.h
[0.310s] -- Up-to-date: /ros2/a_mid_test/ros2/install/comp_topic_rclcpp/include/comp_topic_rclcpp/comp_topic_rclcpp/msg/detail/yolo_result__struct.h
[0.310s] -- Up-to-date: /ros2/a_mid_test/ros2/install/comp_topic_rclcpp/include/comp_topic_rclcpp/comp_topic_rclcpp/msg/detail/point_detect__struct.h
[0.310s] -- Up-to-date: /ros2/a_mid_test/ros2/install/comp_topic_rclcpp/include/comp_topic_rclcpp/comp_topic_rclcpp/msg/detail/yolo_piece__type_support.h
[0.310s] -- Up-to-date: /ros2/a_mid_test/ros2/install/comp_topic_rclcpp/include/comp_topic_rclcpp/comp_topic_rclcpp/msg/detail/yolo_result__functions.h
[0.310s] -- Up-to-date: /ros2/a_mid_test/ros2/install/comp_topic_rclcpp/include/comp_topic_rclcpp/comp_topic_rclcpp/msg/detail/point_detect__functions.h
[0.310s] -- Up-to-date: /ros2/a_mid_test/ros2/install/comp_topic_rclcpp/include/comp_topic_rclcpp/comp_topic_rclcpp/msg/detail/yolo_piece__functions.h
[0.310s] -- Up-to-date: /ros2/a_mid_test/ros2/install/comp_topic_rclcpp/include/comp_topic_rclcpp/comp_topic_rclcpp/msg/detail/point_detect__type_support.h
[0.310s] -- Up-to-date: /ros2/a_mid_test/ros2/install/comp_topic_rclcpp/include/comp_topic_rclcpp/comp_topic_rclcpp/msg/tracker_result.h
[0.310s] -- Up-to-date: /ros2/a_mid_test/ros2/install/comp_topic_rclcpp/include/comp_topic_rclcpp/comp_topic_rclcpp/msg/point_detect.h
[0.311s] -- Up-to-date: /ros2/a_mid_test/ros2/install/comp_topic_rclcpp/include/comp_topic_rclcpp/comp_topic_rclcpp/msg/lane_result.h
[0.311s] -- Up-to-date: /ros2/a_mid_test/ros2/install/comp_topic_rclcpp/include/comp_topic_rclcpp/comp_topic_rclcpp/msg/rosidl_generator_c__visibility_control.h
[0.311s] -- Up-to-date: /ros2/a_mid_test/ros2/install/comp_topic_rclcpp/share/comp_topic_rclcpp/environment/library_path.sh
[0.311s] -- Up-to-date: /ros2/a_mid_test/ros2/install/comp_topic_rclcpp/share/comp_topic_rclcpp/environment/library_path.dsv
[0.311s] -- Up-to-date: /ros2/a_mid_test/ros2/install/comp_topic_rclcpp/lib/libcomp_topic_rclcpp__rosidl_generator_c.so
[0.311s] -- Up-to-date: /ros2/a_mid_test/ros2/install/comp_topic_rclcpp/include/comp_topic_rclcpp/comp_topic_rclcpp
[0.311s] -- Up-to-date: /ros2/a_mid_test/ros2/install/comp_topic_rclcpp/include/comp_topic_rclcpp/comp_topic_rclcpp/msg
[0.311s] -- Up-to-date: /ros2/a_mid_test/ros2/install/comp_topic_rclcpp/include/comp_topic_rclcpp/comp_topic_rclcpp/msg/rosidl_typesupport_fastrtps_c__visibility_control.h
[0.311s] -- Up-to-date: /ros2/a_mid_test/ros2/install/comp_topic_rclcpp/include/comp_topic_rclcpp/comp_topic_rclcpp/msg/detail
[0.311s] -- Up-to-date: /ros2/a_mid_test/ros2/install/comp_topic_rclcpp/include/comp_topic_rclcpp/comp_topic_rclcpp/msg/detail/yolo_result__rosidl_typesupport_fastrtps_c.h
[0.311s] -- Up-to-date: /ros2/a_mid_test/ros2/install/comp_topic_rclcpp/include/comp_topic_rclcpp/comp_topic_rclcpp/msg/detail/yolo_piece__rosidl_typesupport_fastrtps_c.h
[0.311s] -- Up-to-date: /ros2/a_mid_test/ros2/install/comp_topic_rclcpp/include/comp_topic_rclcpp/comp_topic_rclcpp/msg/detail/tracker_result__rosidl_typesupport_fastrtps_c.h
[0.311s] -- Up-to-date: /ros2/a_mid_test/ros2/install/comp_topic_rclcpp/include/comp_topic_rclcpp/comp_topic_rclcpp/msg/detail/point_detect__rosidl_typesupport_fastrtps_c.h
[0.311s] -- Up-to-date: /ros2/a_mid_test/ros2/install/comp_topic_rclcpp/include/comp_topic_rclcpp/comp_topic_rclcpp/msg/detail/lane_result__rosidl_typesupport_fastrtps_c.h
[0.311s] -- Up-to-date: /ros2/a_mid_test/ros2/install/comp_topic_rclcpp/lib/libcomp_topic_rclcpp__rosidl_typesupport_fastrtps_c.so
[0.311s] -- Up-to-date: /ros2/a_mid_test/ros2/install/comp_topic_rclcpp/include/comp_topic_rclcpp/comp_topic_rclcpp
[0.311s] -- Up-to-date: /ros2/a_mid_test/ros2/install/comp_topic_rclcpp/include/comp_topic_rclcpp/comp_topic_rclcpp/msg
[0.312s] -- Up-to-date: /ros2/a_mid_test/ros2/install/comp_topic_rclcpp/include/comp_topic_rclcpp/comp_topic_rclcpp/msg/lane_result.hpp
[0.312s] -- Up-to-date: /ros2/a_mid_test/ros2/install/comp_topic_rclcpp/include/comp_topic_rclcpp/comp_topic_rclcpp/msg/point_detect.hpp
[0.312s] -- Up-to-date: /ros2/a_mid_test/ros2/install/comp_topic_rclcpp/include/comp_topic_rclcpp/comp_topic_rclcpp/msg/detail
[0.312s] -- Up-to-date: /ros2/a_mid_test/ros2/install/comp_topic_rclcpp/include/comp_topic_rclcpp/comp_topic_rclcpp/msg/detail/tracker_result__traits.hpp
[0.312s] -- Up-to-date: /ros2/a_mid_test/ros2/install/comp_topic_rclcpp/include/comp_topic_rclcpp/comp_topic_rclcpp/msg/detail/yolo_result__builder.hpp
[0.312s] -- Up-to-date: /ros2/a_mid_test/ros2/install/comp_topic_rclcpp/include/comp_topic_rclcpp/comp_topic_rclcpp/msg/detail/yolo_piece__traits.hpp
[0.312s] -- Up-to-date: /ros2/a_mid_test/ros2/install/comp_topic_rclcpp/include/comp_topic_rclcpp/comp_topic_rclcpp/msg/detail/point_detect__struct.hpp
[0.312s] -- Up-to-date: /ros2/a_mid_test/ros2/install/comp_topic_rclcpp/include/comp_topic_rclcpp/comp_topic_rclcpp/msg/detail/yolo_piece__builder.hpp
[0.312s] -- Up-to-date: /ros2/a_mid_test/ros2/install/comp_topic_rclcpp/include/comp_topic_rclcpp/comp_topic_rclcpp/msg/detail/point_detect__traits.hpp
[0.312s] -- Up-to-date: /ros2/a_mid_test/ros2/install/comp_topic_rclcpp/include/comp_topic_rclcpp/comp_topic_rclcpp/msg/detail/yolo_piece__struct.hpp
[0.312s] -- Up-to-date: /ros2/a_mid_test/ros2/install/comp_topic_rclcpp/include/comp_topic_rclcpp/comp_topic_rclcpp/msg/detail/point_detect__builder.hpp
[0.312s] -- Up-to-date: /ros2/a_mid_test/ros2/install/comp_topic_rclcpp/include/comp_topic_rclcpp/comp_topic_rclcpp/msg/detail/lane_result__traits.hpp
[0.312s] -- Up-to-date: /ros2/a_mid_test/ros2/install/comp_topic_rclcpp/include/comp_topic_rclcpp/comp_topic_rclcpp/msg/detail/yolo_result__traits.hpp
[0.312s] -- Up-to-date: /ros2/a_mid_test/ros2/install/comp_topic_rclcpp/include/comp_topic_rclcpp/comp_topic_rclcpp/msg/detail/lane_result__struct.hpp
[0.312s] -- Up-to-date: /ros2/a_mid_test/ros2/install/comp_topic_rclcpp/include/comp_topic_rclcpp/comp_topic_rclcpp/msg/detail/yolo_result__struct.hpp
[0.312s] -- Up-to-date: /ros2/a_mid_test/ros2/install/comp_topic_rclcpp/include/comp_topic_rclcpp/comp_topic_rclcpp/msg/detail/lane_result__builder.hpp
[0.312s] -- Up-to-date: /ros2/a_mid_test/ros2/install/comp_topic_rclcpp/include/comp_topic_rclcpp/comp_topic_rclcpp/msg/detail/tracker_result__struct.hpp
[0.313s] -- Up-to-date: /ros2/a_mid_test/ros2/install/comp_topic_rclcpp/include/comp_topic_rclcpp/comp_topic_rclcpp/msg/detail/tracker_result__builder.hpp
[0.313s] -- Up-to-date: /ros2/a_mid_test/ros2/install/comp_topic_rclcpp/include/comp_topic_rclcpp/comp_topic_rclcpp/msg/yolo_piece.hpp
[0.313s] -- Up-to-date: /ros2/a_mid_test/ros2/install/comp_topic_rclcpp/include/comp_topic_rclcpp/comp_topic_rclcpp/msg/yolo_result.hpp
[0.313s] -- Up-to-date: /ros2/a_mid_test/ros2/install/comp_topic_rclcpp/include/comp_topic_rclcpp/comp_topic_rclcpp/msg/tracker_result.hpp
[0.313s] -- Up-to-date: /ros2/a_mid_test/ros2/install/comp_topic_rclcpp/include/comp_topic_rclcpp/comp_topic_rclcpp
[0.313s] -- Up-to-date: /ros2/a_mid_test/ros2/install/comp_topic_rclcpp/include/comp_topic_rclcpp/comp_topic_rclcpp/msg
[0.313s] -- Up-to-date: /ros2/a_mid_test/ros2/install/comp_topic_rclcpp/include/comp_topic_rclcpp/comp_topic_rclcpp/msg/detail
[0.313s] -- Up-to-date: /ros2/a_mid_test/ros2/install/comp_topic_rclcpp/include/comp_topic_rclcpp/comp_topic_rclcpp/msg/detail/yolo_piece__rosidl_typesupport_fastrtps_cpp.hpp
[0.313s] -- Up-to-date: /ros2/a_mid_test/ros2/install/comp_topic_rclcpp/include/comp_topic_rclcpp/comp_topic_rclcpp/msg/detail/point_detect__rosidl_typesupport_fastrtps_cpp.hpp
[0.313s] -- Up-to-date: /ros2/a_mid_test/ros2/install/comp_topic_rclcpp/include/comp_topic_rclcpp/comp_topic_rclcpp/msg/detail/yolo_result__rosidl_typesupport_fastrtps_cpp.hpp
[0.313s] -- Up-to-date: /ros2/a_mid_test/ros2/install/comp_topic_rclcpp/include/comp_topic_rclcpp/comp_topic_rclcpp/msg/detail/tracker_result__rosidl_typesupport_fastrtps_cpp.hpp
[0.313s] -- Up-to-date: /ros2/a_mid_test/ros2/install/comp_topic_rclcpp/include/comp_topic_rclcpp/comp_topic_rclcpp/msg/detail/dds_fastrtps
[0.313s] -- Up-to-date: /ros2/a_mid_test/ros2/install/comp_topic_rclcpp/include/comp_topic_rclcpp/comp_topic_rclcpp/msg/detail/lane_result__rosidl_typesupport_fastrtps_cpp.hpp
[0.313s] -- Up-to-date: /ros2/a_mid_test/ros2/install/comp_topic_rclcpp/include/comp_topic_rclcpp/comp_topic_rclcpp/msg/rosidl_typesupport_fastrtps_cpp__visibility_control.h
[0.313s] -- Up-to-date: /ros2/a_mid_test/ros2/install/comp_topic_rclcpp/lib/libcomp_topic_rclcpp__rosidl_typesupport_fastrtps_cpp.so
[0.313s] -- Up-to-date: /ros2/a_mid_test/ros2/install/comp_topic_rclcpp/include/comp_topic_rclcpp/comp_topic_rclcpp
[0.313s] -- Up-to-date: /ros2/a_mid_test/ros2/install/comp_topic_rclcpp/include/comp_topic_rclcpp/comp_topic_rclcpp/msg
[0.313s] -- Up-to-date: /ros2/a_mid_test/ros2/install/comp_topic_rclcpp/include/comp_topic_rclcpp/comp_topic_rclcpp/msg/detail
[0.313s] -- Up-to-date: /ros2/a_mid_test/ros2/install/comp_topic_rclcpp/include/comp_topic_rclcpp/comp_topic_rclcpp/msg/detail/point_detect__type_support.c
[0.313s] -- Up-to-date: /ros2/a_mid_test/ros2/install/comp_topic_rclcpp/include/comp_topic_rclcpp/comp_topic_rclcpp/msg/detail/yolo_result__type_support.c
[0.313s] -- Up-to-date: /ros2/a_mid_test/ros2/install/comp_topic_rclcpp/include/comp_topic_rclcpp/comp_topic_rclcpp/msg/detail/yolo_result__rosidl_typesupport_introspection_c.h
[0.314s] -- Up-to-date: /ros2/a_mid_test/ros2/install/comp_topic_rclcpp/include/comp_topic_rclcpp/comp_topic_rclcpp/msg/detail/yolo_piece__type_support.c
[0.314s] -- Up-to-date: /ros2/a_mid_test/ros2/install/comp_topic_rclcpp/include/comp_topic_rclcpp/comp_topic_rclcpp/msg/detail/yolo_piece__rosidl_typesupport_introspection_c.h
[0.314s] -- Up-to-date: /ros2/a_mid_test/ros2/install/comp_topic_rclcpp/include/comp_topic_rclcpp/comp_topic_rclcpp/msg/detail/lane_result__type_support.c
[0.314s] -- Up-to-date: /ros2/a_mid_test/ros2/install/comp_topic_rclcpp/include/comp_topic_rclcpp/comp_topic_rclcpp/msg/detail/tracker_result__rosidl_typesupport_introspection_c.h
[0.314s] -- Up-to-date: /ros2/a_mid_test/ros2/install/comp_topic_rclcpp/include/comp_topic_rclcpp/comp_topic_rclcpp/msg/detail/lane_result__rosidl_typesupport_introspection_c.h
[0.314s] -- Up-to-date: /ros2/a_mid_test/ros2/install/comp_topic_rclcpp/include/comp_topic_rclcpp/comp_topic_rclcpp/msg/detail/point_detect__rosidl_typesupport_introspection_c.h
[0.314s] -- Up-to-date: /ros2/a_mid_test/ros2/install/comp_topic_rclcpp/include/comp_topic_rclcpp/comp_topic_rclcpp/msg/detail/tracker_result__type_support.c
[0.314s] -- Up-to-date: /ros2/a_mid_test/ros2/install/comp_topic_rclcpp/include/comp_topic_rclcpp/comp_topic_rclcpp/msg/rosidl_typesupport_introspection_c__visibility_control.h
[0.314s] -- Up-to-date: /ros2/a_mid_test/ros2/install/comp_topic_rclcpp/lib/libcomp_topic_rclcpp__rosidl_typesupport_introspection_c.so
[0.314s] -- Up-to-date: /ros2/a_mid_test/ros2/install/comp_topic_rclcpp/lib/libcomp_topic_rclcpp__rosidl_typesupport_c.so
[0.314s] -- Up-to-date: /ros2/a_mid_test/ros2/install/comp_topic_rclcpp/include/comp_topic_rclcpp/comp_topic_rclcpp
[0.314s] -- Up-to-date: /ros2/a_mid_test/ros2/install/comp_topic_rclcpp/include/comp_topic_rclcpp/comp_topic_rclcpp/msg
[0.314s] -- Up-to-date: /ros2/a_mid_test/ros2/install/comp_topic_rclcpp/include/comp_topic_rclcpp/comp_topic_rclcpp/msg/detail
[0.314s] -- Up-to-date: /ros2/a_mid_test/ros2/install/comp_topic_rclcpp/include/comp_topic_rclcpp/comp_topic_rclcpp/msg/detail/tracker_result__rosidl_typesupport_introspection_cpp.hpp
[0.314s] -- Up-to-date: /ros2/a_mid_test/ros2/install/comp_topic_rclcpp/include/comp_topic_rclcpp/comp_topic_rclcpp/msg/detail/lane_result__rosidl_typesupport_introspection_cpp.hpp
[0.314s] -- Up-to-date: /ros2/a_mid_test/ros2/install/comp_topic_rclcpp/include/comp_topic_rclcpp/comp_topic_rclcpp/msg/detail/yolo_result__rosidl_typesupport_introspection_cpp.hpp
[0.314s] -- Up-to-date: /ros2/a_mid_test/ros2/install/comp_topic_rclcpp/include/comp_topic_rclcpp/comp_topic_rclcpp/msg/detail/lane_result__type_support.cpp
[0.314s] -- Up-to-date: /ros2/a_mid_test/ros2/install/comp_topic_rclcpp/include/comp_topic_rclcpp/comp_topic_rclcpp/msg/detail/point_detect__type_support.cpp
[0.314s] -- Up-to-date: /ros2/a_mid_test/ros2/install/comp_topic_rclcpp/include/comp_topic_rclcpp/comp_topic_rclcpp/msg/detail/yolo_result__type_support.cpp
[0.314s] -- Up-to-date: /ros2/a_mid_test/ros2/install/comp_topic_rclcpp/include/comp_topic_rclcpp/comp_topic_rclcpp/msg/detail/yolo_piece__rosidl_typesupport_introspection_cpp.hpp
[0.314s] -- Up-to-date: /ros2/a_mid_test/ros2/install/comp_topic_rclcpp/include/comp_topic_rclcpp/comp_topic_rclcpp/msg/detail/point_detect__rosidl_typesupport_introspection_cpp.hpp
[0.315s] -- Up-to-date: /ros2/a_mid_test/ros2/install/comp_topic_rclcpp/include/comp_topic_rclcpp/comp_topic_rclcpp/msg/detail/tracker_result__type_support.cpp
[0.315s] -- Up-to-date: /ros2/a_mid_test/ros2/install/comp_topic_rclcpp/include/comp_topic_rclcpp/comp_topic_rclcpp/msg/detail/yolo_piece__type_support.cpp
[0.315s] -- Up-to-date: /ros2/a_mid_test/ros2/install/comp_topic_rclcpp/lib/libcomp_topic_rclcpp__rosidl_typesupport_introspection_cpp.so
[0.315s] -- Up-to-date: /ros2/a_mid_test/ros2/install/comp_topic_rclcpp/lib/libcomp_topic_rclcpp__rosidl_typesupport_cpp.so
[0.315s] -- Up-to-date: /ros2/a_mid_test/ros2/install/comp_topic_rclcpp/share/comp_topic_rclcpp/environment/pythonpath.sh
[0.315s] -- Up-to-date: /ros2/a_mid_test/ros2/install/comp_topic_rclcpp/share/comp_topic_rclcpp/environment/pythonpath.dsv
[0.315s] -- Up-to-date: /ros2/a_mid_test/ros2/install/comp_topic_rclcpp/local/lib/python3.10/dist-packages/comp_topic_rclcpp-0.0.0-py3.10.egg-info
[0.315s] -- Installing: /ros2/a_mid_test/ros2/install/comp_topic_rclcpp/local/lib/python3.10/dist-packages/comp_topic_rclcpp-0.0.0-py3.10.egg-info/top_level.txt
[0.315s] -- Installing: /ros2/a_mid_test/ros2/install/comp_topic_rclcpp/local/lib/python3.10/dist-packages/comp_topic_rclcpp-0.0.0-py3.10.egg-info/PKG-INFO
[0.315s] -- Installing: /ros2/a_mid_test/ros2/install/comp_topic_rclcpp/local/lib/python3.10/dist-packages/comp_topic_rclcpp-0.0.0-py3.10.egg-info/dependency_links.txt
[0.315s] -- Installing: /ros2/a_mid_test/ros2/install/comp_topic_rclcpp/local/lib/python3.10/dist-packages/comp_topic_rclcpp-0.0.0-py3.10.egg-info/SOURCES.txt
[0.315s] -- Up-to-date: /ros2/a_mid_test/ros2/install/comp_topic_rclcpp/local/lib/python3.10/dist-packages/comp_topic_rclcpp
[0.315s] -- Up-to-date: /ros2/a_mid_test/ros2/install/comp_topic_rclcpp/local/lib/python3.10/dist-packages/comp_topic_rclcpp/libcomp_topic_rclcpp__rosidl_generator_py.so
[0.315s] -- Up-to-date: /ros2/a_mid_test/ros2/install/comp_topic_rclcpp/local/lib/python3.10/dist-packages/comp_topic_rclcpp/_comp_topic_rclcpp_s.ep.rosidl_typesupport_fastrtps_c.c
[0.315s] -- Up-to-date: /ros2/a_mid_test/ros2/install/comp_topic_rclcpp/local/lib/python3.10/dist-packages/comp_topic_rclcpp/comp_topic_rclcpp_s__rosidl_typesupport_fastrtps_c.cpython-310-x86_64-linux-gnu.so
[0.315s] -- Up-to-date: /ros2/a_mid_test/ros2/install/comp_topic_rclcpp/local/lib/python3.10/dist-packages/comp_topic_rclcpp/_comp_topic_rclcpp_s.ep.rosidl_typesupport_introspection_c.c
[0.315s] -- Up-to-date: /ros2/a_mid_test/ros2/install/comp_topic_rclcpp/local/lib/python3.10/dist-packages/comp_topic_rclcpp/__init__.py
[0.315s] -- Up-to-date: /ros2/a_mid_test/ros2/install/comp_topic_rclcpp/local/lib/python3.10/dist-packages/comp_topic_rclcpp/comp_topic_rclcpp_s__rosidl_typesupport_c.cpython-310-x86_64-linux-gnu.so
[0.315s] -- Up-to-date: /ros2/a_mid_test/ros2/install/comp_topic_rclcpp/local/lib/python3.10/dist-packages/comp_topic_rclcpp/msg
[0.315s] -- Up-to-date: /ros2/a_mid_test/ros2/install/comp_topic_rclcpp/local/lib/python3.10/dist-packages/comp_topic_rclcpp/msg/__init__.py
[0.315s] -- Up-to-date: /ros2/a_mid_test/ros2/install/comp_topic_rclcpp/local/lib/python3.10/dist-packages/comp_topic_rclcpp/msg/_yolo_result_s.c
[0.316s] -- Up-to-date: /ros2/a_mid_test/ros2/install/comp_topic_rclcpp/local/lib/python3.10/dist-packages/comp_topic_rclcpp/msg/_tracker_result.py
[0.316s] -- Up-to-date: /ros2/a_mid_test/ros2/install/comp_topic_rclcpp/local/lib/python3.10/dist-packages/comp_topic_rclcpp/msg/_tracker_result_s.c
[0.316s] -- Up-to-date: /ros2/a_mid_test/ros2/install/comp_topic_rclcpp/local/lib/python3.10/dist-packages/comp_topic_rclcpp/msg/_lane_result.py
[0.316s] -- Up-to-date: /ros2/a_mid_test/ros2/install/comp_topic_rclcpp/local/lib/python3.10/dist-packages/comp_topic_rclcpp/msg/_yolo_piece_s.c
[0.316s] -- Up-to-date: /ros2/a_mid_test/ros2/install/comp_topic_rclcpp/local/lib/python3.10/dist-packages/comp_topic_rclcpp/msg/_yolo_result.py
[0.316s] -- Up-to-date: /ros2/a_mid_test/ros2/install/comp_topic_rclcpp/local/lib/python3.10/dist-packages/comp_topic_rclcpp/msg/_point_detect_s.c
[0.316s] -- Up-to-date: /ros2/a_mid_test/ros2/install/comp_topic_rclcpp/local/lib/python3.10/dist-packages/comp_topic_rclcpp/msg/_yolo_piece.py
[0.316s] -- Up-to-date: /ros2/a_mid_test/ros2/install/comp_topic_rclcpp/local/lib/python3.10/dist-packages/comp_topic_rclcpp/msg/_lane_result_s.c
[0.316s] -- Up-to-date: /ros2/a_mid_test/ros2/install/comp_topic_rclcpp/local/lib/python3.10/dist-packages/comp_topic_rclcpp/msg/_point_detect.py
[0.316s] -- Up-to-date: /ros2/a_mid_test/ros2/install/comp_topic_rclcpp/local/lib/python3.10/dist-packages/comp_topic_rclcpp/comp_topic_rclcpp_s__rosidl_typesupport_introspection_c.cpython-310-x86_64-linux-gnu.so
[0.316s] -- Up-to-date: /ros2/a_mid_test/ros2/install/comp_topic_rclcpp/local/lib/python3.10/dist-packages/comp_topic_rclcpp/_comp_topic_rclcpp_s.ep.rosidl_typesupport_c.c
[0.333s] Listing '/ros2/a_mid_test/ros2/install/comp_topic_rclcpp/local/lib/python3.10/dist-packages/comp_topic_rclcpp'...
[0.333s] Listing '/ros2/a_mid_test/ros2/install/comp_topic_rclcpp/local/lib/python3.10/dist-packages/comp_topic_rclcpp/msg'...
[0.336s] -- Up-to-date: /ros2/a_mid_test/ros2/install/comp_topic_rclcpp/local/lib/python3.10/dist-packages/comp_topic_rclcpp/comp_topic_rclcpp_s__rosidl_typesupport_fastrtps_c.cpython-310-x86_64-linux-gnu.so
[0.336s] -- Up-to-date: /ros2/a_mid_test/ros2/install/comp_topic_rclcpp/local/lib/python3.10/dist-packages/comp_topic_rclcpp/comp_topic_rclcpp_s__rosidl_typesupport_introspection_c.cpython-310-x86_64-linux-gnu.so
[0.336s] -- Up-to-date: /ros2/a_mid_test/ros2/install/comp_topic_rclcpp/local/lib/python3.10/dist-packages/comp_topic_rclcpp/comp_topic_rclcpp_s__rosidl_typesupport_c.cpython-310-x86_64-linux-gnu.so
[0.337s] -- Up-to-date: /ros2/a_mid_test/ros2/install/comp_topic_rclcpp/lib/libcomp_topic_rclcpp__rosidl_generator_py.so
[0.337s] -- Up-to-date: /ros2/a_mid_test/ros2/install/comp_topic_rclcpp/share/comp_topic_rclcpp/msg/YoloPiece.idl
[0.337s] -- Up-to-date: /ros2/a_mid_test/ros2/install/comp_topic_rclcpp/share/comp_topic_rclcpp/msg/YoloResult.idl
[0.337s] -- Up-to-date: /ros2/a_mid_test/ros2/install/comp_topic_rclcpp/share/comp_topic_rclcpp/msg/TrackerResult.idl
[0.337s] -- Up-to-date: /ros2/a_mid_test/ros2/install/comp_topic_rclcpp/share/comp_topic_rclcpp/msg/LaneResult.idl
[0.337s] -- Up-to-date: /ros2/a_mid_test/ros2/install/comp_topic_rclcpp/share/comp_topic_rclcpp/msg/PointDetect.idl
[0.337s] -- Up-to-date: /ros2/a_mid_test/ros2/install/comp_topic_rclcpp/share/comp_topic_rclcpp/msg/YoloPiece.msg
[0.337s] -- Up-to-date: /ros2/a_mid_test/ros2/install/comp_topic_rclcpp/share/comp_topic_rclcpp/msg/YoloResult.msg
[0.337s] -- Up-to-date: /ros2/a_mid_test/ros2/install/comp_topic_rclcpp/share/comp_topic_rclcpp/msg/TrackerResult.msg
[0.337s] -- Up-to-date: /ros2/a_mid_test/ros2/install/comp_topic_rclcpp/share/comp_topic_rclcpp/msg/LaneResult.msg
[0.337s] -- Up-to-date: /ros2/a_mid_test/ros2/install/comp_topic_rclcpp/share/comp_topic_rclcpp/msg/PointDetect.msg
[0.337s] -- Up-to-date: /ros2/a_mid_test/ros2/install/comp_topic_rclcpp/lib/comp_topic_rclcpp/CameraTimer
[0.337s] -- Up-to-date: /ros2/a_mid_test/ros2/install/comp_topic_rclcpp/lib/comp_topic_rclcpp/Final
[0.337s] -- Up-to-date: /ros2/a_mid_test/ros2/install/comp_topic_rclcpp/lib/comp_topic_rclcpp/Tracker
[0.338s] -- Up-to-date: /ros2/a_mid_test/ros2/install/comp_topic_rclcpp/lib/comp_topic_rclcpp/Lane
[0.338s] -- Up-to-date: /ros2/a_mid_test/ros2/install/comp_topic_rclcpp/lib/comp_topic_rclcpp/Yolo
[0.338s] -- Up-to-date: /ros2/a_mid_test/ros2/install/comp_topic_rclcpp/share/ament_index/resource_index/package_run_dependencies/comp_topic_rclcpp
[0.338s] -- Up-to-date: /ros2/a_mid_test/ros2/install/comp_topic_rclcpp/share/ament_index/resource_index/parent_prefix_path/comp_topic_rclcpp
[0.338s] -- Up-to-date: /ros2/a_mid_test/ros2/install/comp_topic_rclcpp/share/comp_topic_rclcpp/environment/ament_prefix_path.sh
[0.338s] -- Up-to-date: /ros2/a_mid_test/ros2/install/comp_topic_rclcpp/share/comp_topic_rclcpp/environment/ament_prefix_path.dsv
[0.338s] -- Up-to-date: /ros2/a_mid_test/ros2/install/comp_topic_rclcpp/share/comp_topic_rclcpp/environment/path.sh
[0.338s] -- Up-to-date: /ros2/a_mid_test/ros2/install/comp_topic_rclcpp/share/comp_topic_rclcpp/environment/path.dsv
[0.338s] -- Up-to-date: /ros2/a_mid_test/ros2/install/comp_topic_rclcpp/share/comp_topic_rclcpp/local_setup.bash
[0.338s] -- Up-to-date: /ros2/a_mid_test/ros2/install/comp_topic_rclcpp/share/comp_topic_rclcpp/local_setup.sh
[0.338s] -- Up-to-date: /ros2/a_mid_test/ros2/install/comp_topic_rclcpp/share/comp_topic_rclcpp/local_setup.zsh
[0.338s] -- Up-to-date: /ros2/a_mid_test/ros2/install/comp_topic_rclcpp/share/comp_topic_rclcpp/local_setup.dsv
[0.338s] -- Installing: /ros2/a_mid_test/ros2/install/comp_topic_rclcpp/share/comp_topic_rclcpp/package.dsv
[0.338s] -- Up-to-date: /ros2/a_mid_test/ros2/install/comp_topic_rclcpp/share/ament_index/resource_index/packages/comp_topic_rclcpp
[0.338s] -- Up-to-date: /ros2/a_mid_test/ros2/install/comp_topic_rclcpp/share/comp_topic_rclcpp/cmake/export_comp_topic_rclcpp__rosidl_generator_cExport.cmake
[0.338s] -- Up-to-date: /ros2/a_mid_test/ros2/install/comp_topic_rclcpp/share/comp_topic_rclcpp/cmake/export_comp_topic_rclcpp__rosidl_generator_cExport-noconfig.cmake
[0.339s] -- Up-to-date: /ros2/a_mid_test/ros2/install/comp_topic_rclcpp/share/comp_topic_rclcpp/cmake/export_comp_topic_rclcpp__rosidl_typesupport_fastrtps_cExport.cmake
[0.339s] -- Up-to-date: /ros2/a_mid_test/ros2/install/comp_topic_rclcpp/share/comp_topic_rclcpp/cmake/export_comp_topic_rclcpp__rosidl_typesupport_fastrtps_cExport-noconfig.cmake
[0.339s] -- Up-to-date: /ros2/a_mid_test/ros2/install/comp_topic_rclcpp/share/comp_topic_rclcpp/cmake/export_comp_topic_rclcpp__rosidl_generator_cppExport.cmake
[0.339s] -- Up-to-date: /ros2/a_mid_test/ros2/install/comp_topic_rclcpp/share/comp_topic_rclcpp/cmake/export_comp_topic_rclcpp__rosidl_typesupport_fastrtps_cppExport.cmake
[0.339s] -- Up-to-date: /ros2/a_mid_test/ros2/install/comp_topic_rclcpp/share/comp_topic_rclcpp/cmake/export_comp_topic_rclcpp__rosidl_typesupport_fastrtps_cppExport-noconfig.cmake
[0.339s] -- Up-to-date: /ros2/a_mid_test/ros2/install/comp_topic_rclcpp/share/comp_topic_rclcpp/cmake/comp_topic_rclcpp__rosidl_typesupport_introspection_cExport.cmake
[0.339s] -- Up-to-date: /ros2/a_mid_test/ros2/install/comp_topic_rclcpp/share/comp_topic_rclcpp/cmake/comp_topic_rclcpp__rosidl_typesupport_introspection_cExport-noconfig.cmake
[0.339s] -- Up-to-date: /ros2/a_mid_test/ros2/install/comp_topic_rclcpp/share/comp_topic_rclcpp/cmake/comp_topic_rclcpp__rosidl_typesupport_cExport.cmake
[0.339s] -- Up-to-date: /ros2/a_mid_test/ros2/install/comp_topic_rclcpp/share/comp_topic_rclcpp/cmake/comp_topic_rclcpp__rosidl_typesupport_cExport-noconfig.cmake
[0.339s] -- Up-to-date: /ros2/a_mid_test/ros2/install/comp_topic_rclcpp/share/comp_topic_rclcpp/cmake/comp_topic_rclcpp__rosidl_typesupport_introspection_cppExport.cmake
[0.339s] -- Up-to-date: /ros2/a_mid_test/ros2/install/comp_topic_rclcpp/share/comp_topic_rclcpp/cmake/comp_topic_rclcpp__rosidl_typesupport_introspection_cppExport-noconfig.cmake
[0.339s] -- Up-to-date: /ros2/a_mid_test/ros2/install/comp_topic_rclcpp/share/comp_topic_rclcpp/cmake/comp_topic_rclcpp__rosidl_typesupport_cppExport.cmake
[0.339s] -- Up-to-date: /ros2/a_mid_test/ros2/install/comp_topic_rclcpp/share/comp_topic_rclcpp/cmake/comp_topic_rclcpp__rosidl_typesupport_cppExport-noconfig.cmake
[0.339s] -- Up-to-date: /ros2/a_mid_test/ros2/install/comp_topic_rclcpp/share/comp_topic_rclcpp/cmake/export_comp_topic_rclcpp__rosidl_generator_pyExport.cmake
[0.339s] -- Up-to-date: /ros2/a_mid_test/ros2/install/comp_topic_rclcpp/share/comp_topic_rclcpp/cmake/export_comp_topic_rclcpp__rosidl_generator_pyExport-noconfig.cmake
[0.339s] -- Up-to-date: /ros2/a_mid_test/ros2/install/comp_topic_rclcpp/share/comp_topic_rclcpp/cmake/rosidl_cmake-extras.cmake
[0.339s] -- Up-to-date: /ros2/a_mid_test/ros2/install/comp_topic_rclcpp/share/comp_topic_rclcpp/cmake/ament_cmake_export_dependencies-extras.cmake
[0.339s] -- Up-to-date: /ros2/a_mid_test/ros2/install/comp_topic_rclcpp/share/comp_topic_rclcpp/cmake/ament_cmake_export_include_directories-extras.cmake
[0.340s] -- Up-to-date: /ros2/a_mid_test/ros2/install/comp_topic_rclcpp/share/comp_topic_rclcpp/cmake/ament_cmake_export_libraries-extras.cmake
[0.340s] -- Up-to-date: /ros2/a_mid_test/ros2/install/comp_topic_rclcpp/share/comp_topic_rclcpp/cmake/ament_cmake_export_targets-extras.cmake
[0.340s] -- Up-to-date: /ros2/a_mid_test/ros2/install/comp_topic_rclcpp/share/comp_topic_rclcpp/cmake/rosidl_cmake_export_typesupport_targets-extras.cmake
[0.340s] -- Up-to-date: /ros2/a_mid_test/ros2/install/comp_topic_rclcpp/share/comp_topic_rclcpp/cmake/rosidl_cmake_export_typesupport_libraries-extras.cmake
[0.340s] -- Up-to-date: /ros2/a_mid_test/ros2/install/comp_topic_rclcpp/share/comp_topic_rclcpp/cmake/comp_topic_rclcppConfig.cmake
[0.340s] -- Up-to-date: /ros2/a_mid_test/ros2/install/comp_topic_rclcpp/share/comp_topic_rclcpp/cmake/comp_topic_rclcppConfig-version.cmake
[0.340s] -- Up-to-date: /ros2/a_mid_test/ros2/install/comp_topic_rclcpp/share/comp_topic_rclcpp/package.xml
[0.341s] Invoked command in '/ros2/a_mid_test/ros2/build/comp_topic_rclcpp' returned '0': CMAKE_PREFIX_PATH=/opt/ros/humble /usr/bin/cmake --install /ros2/a_mid_test/ros2/build/comp_topic_rclcpp
